Copyright 1986-2022 Xilinx, Inc. All Rights Reserved. Copyright 2022-2025 Advanced Micro Devices, Inc. All Rights Reserved.
-------------------------------------------------------------------------------------------------------------------------------------------------
| Tool Version     : Vivado v.2025.1 (win64) Build 6140274 Thu May 22 00:12:29 MDT 2025
| Date             : Wed Sep 30 11:15:27 2026
| Host             : TMP215-54 running 64-bit major release  (build 9200)
| Command          : report_power -file adas_power_final.rpt
| Design           : npu_system_wrapper
| Device           : xc7z020clg400-1
| Design State     : routed
| Grade            : commercial
| Process          : typical
| Characterization : Production
-------------------------------------------------------------------------------------------------------------------------------------------------

Power Report

Table of Contents
-----------------
1. Summary
1.1 On-Chip Components
1.2 Power Supply Summary
1.3 Confidence Level
2. Settings
2.1 Environment
2.2 Clock Constraints
3. Detailed Reports
3.1 By Hierarchy

1. Summary
----------

+--------------------------+--------------+
| Total On-Chip Power (W)  | 1.114        |
| Design Power Budget (W)  | Unspecified* |
| Power Budget Margin (W)  | NA           |
| Dynamic (W)              | 0.990        |
| Device Static (W)        | 0.125        |
| Effective TJA (C/W)      | 11.5         |
| Max Ambient (C)          | 72.1         |
| Junction Temperature (C) | 37.9         |
| Confidence Level         | Low          |
| Setting File             | ---          |
| Simulation Activity File | ---          |
| Design Nets Matched      | NA           |
+--------------------------+--------------+
* Specify Design Power Budget using, set_operating_conditions -design_power_budget <value in Watts>


1.1 On-Chip Components
----------------------

+--------------------------+-----------+----------+-----------+-----------------+
| On-Chip                  | Power (W) | Used     | Available | Utilization (%) |
+--------------------------+-----------+----------+-----------+-----------------+
| Clocks                   |     0.143 |       10 |       --- |             --- |
| Slice Logic              |     0.115 |    43716 |       --- |             --- |
|   LUT as Logic           |     0.089 |    13116 |     53200 |           24.65 |
|   CARRY4                 |     0.015 |     2470 |     13300 |           18.57 |
|   Register               |     0.010 |    19574 |    106400 |           18.40 |
|   LUT as Distributed RAM |    <0.001 |      476 |     17400 |            2.74 |
|   BUFG                   |    <0.001 |        4 |        32 |           12.50 |
|   Others                 |    <0.001 |     1066 |       --- |             --- |
|   F7/F8 Muxes            |    <0.001 |       28 |     53200 |            0.05 |
|   LUT as Shift Register  |    <0.001 |       40 |     17400 |            0.23 |
|   BUFR                   |     0.000 |        1 |        88 |            1.14 |
| Signals                  |     0.166 |    37695 |       --- |             --- |
| Block RAM                |     0.058 |     21.5 |       140 |           15.36 |
| MMCM                     |     0.165 |        2 |         4 |           50.00 |
| PLL                      |     0.054 |        1 |         4 |           25.00 |
| DSPs                     |     0.124 |      220 |       220 |          100.00 |
| I/O                      |     0.163 |       27 |       125 |           21.60 |
| Static Power             |     0.125 |          |           |                 |
| Total                    |     1.114 |          |           |                 |
+--------------------------+-----------+----------+-----------+-----------------+


1.2 Power Supply Summary
------------------------

+-----------+-------------+-----------+-------------+------------+-------------+-------------+------------+
| Source    | Voltage (V) | Total (A) | Dynamic (A) | Static (A) | Powerup (A) | Budget (A)  | Margin (A) |
+-----------+-------------+-----------+-------------+------------+-------------+-------------+------------+
| Vccint    |       1.000 |     0.619 |       0.607 |      0.012 |       NA    | Unspecified | NA         |
| Vccaux    |       1.800 |     0.151 |       0.138 |      0.013 |       NA    | Unspecified | NA         |
| Vcco33    |       3.300 |     0.041 |       0.040 |      0.001 |       NA    | Unspecified | NA         |
| Vcco25    |       2.500 |     0.000 |       0.000 |      0.000 |       NA    | Unspecified | NA         |
| Vcco18    |       1.800 |     0.000 |       0.000 |      0.000 |       NA    | Unspecified | NA         |
| Vcco15    |       1.500 |     0.000 |       0.000 |      0.000 |       NA    | Unspecified | NA         |
| Vcco135   |       1.350 |     0.000 |       0.000 |      0.000 |       NA    | Unspecified | NA         |
| Vcco12    |       1.200 |     0.000 |       0.000 |      0.000 |       NA    | Unspecified | NA         |
| Vccaux_io |       1.800 |     0.000 |       0.000 |      0.000 |       NA    | Unspecified | NA         |
| Vccbram   |       1.000 |     0.006 |       0.004 |      0.002 |       NA    | Unspecified | NA         |
| MGTAVcc   |       1.000 |     0.000 |       0.000 |      0.000 |       NA    | Unspecified | NA         |
| MGTAVtt   |       1.200 |     0.000 |       0.000 |      0.000 |       NA    | Unspecified | NA         |
| MGTVccaux |       1.800 |     0.000 |       0.000 |      0.000 |       NA    | Unspecified | NA         |
| Vccpint   |       1.000 |     0.024 |       0.000 |      0.024 |       NA    | Unspecified | NA         |
| Vccpaux   |       1.800 |     0.010 |       0.000 |      0.010 |       NA    | Unspecified | NA         |
| Vccpll    |       1.800 |     0.003 |       0.000 |      0.003 |       NA    | Unspecified | NA         |
| Vcco_ddr  |       1.500 |     0.000 |       0.000 |      0.000 |       NA    | Unspecified | NA         |
| Vcco_mio0 |       1.800 |     0.000 |       0.000 |      0.000 |       NA    | Unspecified | NA         |
| Vcco_mio1 |       1.800 |     0.000 |       0.000 |      0.000 |       NA    | Unspecified | NA         |
| Vccadc    |       1.800 |     0.020 |       0.000 |      0.020 |       NA    | Unspecified | NA         |
+-----------+-------------+-----------+-------------+------------+-------------+-------------+------------+


1.3 Confidence Level
--------------------

+-----------------------------+------------+--------------------------------------------------------+--------------------------------------------------------------------------------------------------------------------+
| User Input Data             | Confidence | Details                                                | Action                                                                                                             |
+-----------------------------+------------+--------------------------------------------------------+--------------------------------------------------------------------------------------------------------------------+
| Design implementation state | High       | Design is routed                                       |                                                                                                                    |
| Clock nodes activity        | Medium     | More than 5% of clocks are missing user specification  | Provide missing clock activity with a constraint file, simulation results or by editing the "By Clock Domain" view |
| I/O nodes activity          | Low        | More than 75% of inputs are missing user specification | Provide missing input activity with simulation results or by editing the "By Resource Type -> I/Os" view           |
| Internal nodes activity     | Medium     | User specified less than 25% of internal nodes         | Provide missing internal nodes activity with simulation results or by editing the "By Resource Type" views         |
| Device models               | High       | Device models are Production                           |                                                                                                                    |
|                             |            |                                                        |                                                                                                                    |
| Overall confidence level    | Low        |                                                        |                                                                                                                    |
+-----------------------------+------------+--------------------------------------------------------+--------------------------------------------------------------------------------------------------------------------+


2. Settings
-----------

2.1 Environment
---------------

+-----------------------+------------------------+
| Ambient Temp (C)      | 25.0                   |
| ThetaJA (C/W)         | 11.5                   |
| Airflow (LFM)         | 250                    |
| Heat Sink             | none                   |
| ThetaSA (C/W)         | 0.0                    |
| Board Selection       | medium (10"x10")       |
| # of Board Layers     | 8to11 (8 to 11 Layers) |
| Board Temperature (C) | 25.0                   |
+-----------------------+------------------------+


2.2 Clock Constraints
---------------------

+-----------------------------------+-------------------------------------------------------------+-----------------+
| Clock                             | Domain                                                      | Constraint (ns) |
+-----------------------------------+-------------------------------------------------------------+-----------------+
| clk_out1_npu_system_clk_wiz_0_0   | npu_system_i/clk_wiz_0/inst/clk_out1_npu_system_clk_wiz_0_0 |             8.0 |
| clk_out1_npu_system_clk_wiz_0_0_1 | npu_system_i/clk_wiz_0/inst/clk_out1_npu_system_clk_wiz_0_0 |             8.0 |
| clk_out2_npu_system_clk_wiz_0_0   | npu_system_i/clk_wiz_0/inst/clk_out2_npu_system_clk_wiz_0_0 |             5.0 |
| clk_out2_npu_system_clk_wiz_0_0_1 | npu_system_i/clk_wiz_0/inst/clk_out2_npu_system_clk_wiz_0_0 |             5.0 |
| clkfbout_npu_system_clk_wiz_0_0   | npu_system_i/clk_wiz_0/inst/clkfbout_npu_system_clk_wiz_0_0 |             8.0 |
| clkfbout_npu_system_clk_wiz_0_0_1 | npu_system_i/clk_wiz_0/inst/clkfbout_npu_system_clk_wiz_0_0 |             8.0 |
| sys_clk_pin                       | sysclk                                                      |             8.0 |
| sysclk                            | sysclk                                                      |             8.0 |
+-----------------------------------+-------------------------------------------------------------+-----------------+


3. Detailed Reports
-------------------

3.1 By Hierarchy
----------------

+------------------------+-----------+
| Name                   | Power (W) |
+------------------------+-----------+
| npu_system_wrapper     |     0.990 |
|   npu_system_i         |     0.990 |
|     axi_bram_ctrl_0    |     0.005 |
|       U0               |     0.005 |
|     axi_mem_intercon   |     0.002 |
|       s00_couplers     |     0.001 |
|     axi_mem_intercon_1 |     0.004 |
|       s00_couplers     |     0.004 |
|     blk_mem_gen_0      |     0.047 |
|       U0               |     0.047 |
|     clk_wiz_0          |     0.108 |
|       inst             |     0.108 |
|     dvi2rgb_0          |     0.098 |
|       U0               |     0.098 |
|     rgb2dvi_0          |     0.186 |
|       U0               |     0.186 |
|     riscv_adas_0       |     0.011 |
|       inst             |     0.011 |
|     tinynpu_0          |     0.508 |
|       inst             |     0.503 |
|     vid_in             |     0.004 |
|       inst             |     0.004 |
|     vid_out            |     0.006 |
|       inst             |     0.006 |
|     vtc                |     0.010 |
|       U0               |     0.010 |
+------------------------+-----------+


