Copyright 1986-2022 Xilinx, Inc. All Rights Reserved. Copyright 2022-2025 Advanced Micro Devices, Inc. All Rights Reserved.
-------------------------------------------------------------------------------------------------------------------------------------------------
| Tool Version     : Vivado v.2025.1 (win64) Build 6140274 Thu May 22 00:12:29 MDT 2025
| Date             : Wed Sep 30 01:04:21 2026
| Host             : TMP215-54 running 64-bit major release  (build 9200)
| Command          : report_power -file power_synth.rpt
| Design           : tinynpu_top
| Device           : xc7z020clg400-1
| Design State     : synthesized
| Grade            : commercial
| Process          : typical
| Characterization : Production
-------------------------------------------------------------------------------------------------------------------------------------------------

Power Report

Table of Contents
-----------------
1. Summary
1.1 On-Chip Components
1.2 Power Supply Summary
1.3 Confidence Level
2. Settings
2.1 Environment
2.2 Clock Constraints
3. Detailed Reports
3.1 By Hierarchy

1. Summary
----------

+--------------------------+--------------+
| Total On-Chip Power (W)  | 0.926        |
| Design Power Budget (W)  | Unspecified* |
| Power Budget Margin (W)  | NA           |
| Dynamic (W)              | 0.810        |
| Device Static (W)        | 0.116        |
| Effective TJA (C/W)      | 11.5         |
| Max Ambient (C)          | 74.3         |
| Junction Temperature (C) | 35.7         |
| Confidence Level         | Medium       |
| Setting File             | ---          |
| Simulation Activity File | ---          |
| Design Nets Matched      | NA           |
+--------------------------+--------------+
* Specify Design Power Budget using, set_operating_conditions -design_power_budget <value in Watts>


1.1 On-Chip Components
----------------------

+--------------------------+-----------+----------+-----------+-----------------+
| On-Chip                  | Power (W) | Used     | Available | Utilization (%) |
+--------------------------+-----------+----------+-----------+-----------------+
| Clocks                   |     0.158 |        3 |       --- |             --- |
| Slice Logic              |     0.270 |    94593 |       --- |             --- |
|   LUT as Logic           |     0.219 |    28743 |     53200 |           54.03 |
|   CARRY4                 |     0.037 |     3826 |     13300 |           28.77 |
|   Register               |     0.010 |    46477 |    106400 |           43.68 |
|   F7/F8 Muxes            |     0.004 |     5731 |     53200 |           10.77 |
|   LUT as Distributed RAM |    <0.001 |      384 |     17400 |            2.21 |
|   LUT as Shift Register  |    <0.001 |       17 |     17400 |            0.10 |
|   Others                 |     0.000 |      277 |       --- |             --- |
| Signals                  |     0.252 |    72118 |       --- |             --- |
| Block RAM                |     0.008 |        2 |       140 |            1.43 |
| DSPs                     |     0.122 |      150 |       220 |           68.18 |
| Static Power             |     0.116 |          |           |                 |
| Total                    |     0.926 |          |           |                 |
+--------------------------+-----------+----------+-----------+-----------------+


1.2 Power Supply Summary
------------------------

+-----------+-------------+-----------+-------------+------------+-------------+-------------+------------+
| Source    | Voltage (V) | Total (A) | Dynamic (A) | Static (A) | Powerup (A) | Budget (A)  | Margin (A) |
+-----------+-------------+-----------+-------------+------------+-------------+-------------+------------+
| Vccint    |       1.000 |     0.820 |       0.810 |      0.011 |       NA    | Unspecified | NA         |
| Vccaux    |       1.800 |     0.013 |       0.000 |      0.013 |       NA    | Unspecified | NA         |
| Vcco33    |       3.300 |     0.000 |       0.000 |      0.000 |       NA    | Unspecified | NA         |
| Vcco25    |       2.500 |     0.000 |       0.000 |      0.000 |       NA    | Unspecified | NA         |
| Vcco18    |       1.800 |     0.000 |       0.000 |      0.000 |       NA    | Unspecified | NA         |
| Vcco15    |       1.500 |     0.000 |       0.000 |      0.000 |       NA    | Unspecified | NA         |
| Vcco135   |       1.350 |     0.000 |       0.000 |      0.000 |       NA    | Unspecified | NA         |
| Vcco12    |       1.200 |     0.000 |       0.000 |      0.000 |       NA    | Unspecified | NA         |
| Vccaux_io |       1.800 |     0.000 |       0.000 |      0.000 |       NA    | Unspecified | NA         |
| Vccbram   |       1.000 |     0.001 |       0.000 |      0.001 |       NA    | Unspecified | NA         |
| MGTAVcc   |       1.000 |     0.000 |       0.000 |      0.000 |       NA    | Unspecified | NA         |
| MGTAVtt   |       1.200 |     0.000 |       0.000 |      0.000 |       NA    | Unspecified | NA         |
| MGTVccaux |       1.800 |     0.000 |       0.000 |      0.000 |       NA    | Unspecified | NA         |
| Vccpint   |       1.000 |     0.022 |       0.000 |      0.022 |       NA    | Unspecified | NA         |
| Vccpaux   |       1.800 |     0.010 |       0.000 |      0.010 |       NA    | Unspecified | NA         |
| Vccpll    |       1.800 |     0.003 |       0.000 |      0.003 |       NA    | Unspecified | NA         |
| Vcco_ddr  |       1.500 |     0.000 |       0.000 |      0.000 |       NA    | Unspecified | NA         |
| Vcco_mio0 |       1.800 |     0.000 |       0.000 |      0.000 |       NA    | Unspecified | NA         |
| Vcco_mio1 |       1.800 |     0.000 |       0.000 |      0.000 |       NA    | Unspecified | NA         |
| Vccadc    |       1.800 |     0.020 |       0.000 |      0.020 |       NA    | Unspecified | NA         |
+-----------+-------------+-----------+-------------+------------+-------------+-------------+------------+


1.3 Confidence Level
--------------------

+-----------------------------+------------+------------------------------------------------+------------------------------------------------------------------------------------------------------------+
| User Input Data             | Confidence | Details                                        | Action                                                                                                     |
+-----------------------------+------------+------------------------------------------------+------------------------------------------------------------------------------------------------------------+
| Design implementation state | Low        | Design is synthesized                          | Accuracy of the tool is not optimal until design is fully placed and routed                                |
| Clock nodes activity        | High       | User specified more than 95% of clocks         |                                                                                                            |
| I/O nodes activity          | High       | User specified more than 95% of inputs         |                                                                                                            |
| Internal nodes activity     | Medium     | User specified less than 25% of internal nodes | Provide missing internal nodes activity with simulation results or by editing the "By Resource Type" views |
| Device models               | High       | Device models are Production                   |                                                                                                            |
|                             |            |                                                |                                                                                                            |
| Overall confidence level    | Medium     |                                                |                                                                                                            |
+-----------------------------+------------+------------------------------------------------+------------------------------------------------------------------------------------------------------------+


2. Settings
-----------

2.1 Environment
---------------

+-----------------------+------------------------+
| Ambient Temp (C)      | 25.0                   |
| ThetaJA (C/W)         | 11.5                   |
| Airflow (LFM)         | 250                    |
| Heat Sink             | none                   |
| ThetaSA (C/W)         | 0.0                    |
| Board Selection       | medium (10"x10")       |
| # of Board Layers     | 8to11 (8 to 11 Layers) |
| Board Temperature (C) | 25.0                   |
+-----------------------+------------------------+


2.2 Clock Constraints
---------------------

+-------+--------+-----------------+
| Clock | Domain | Constraint (ns) |
+-------+--------+-----------------+
| clk   | aclk   |             8.1 |
+-------+--------+-----------------+


3. Detailed Reports
-------------------

3.1 By Hierarchy
----------------

+-----------------------------+-----------+
| Name                        | Power (W) |
+-----------------------------+-----------+
| tinynpu_top                 |     0.810 |
|   gen_act_buf[0].u_act_buf  |     0.002 |
|   gen_act_buf[10].u_act_buf |     0.002 |
|   gen_act_buf[11].u_act_buf |     0.002 |
|   gen_act_buf[12].u_act_buf |     0.002 |
|   gen_act_buf[13].u_act_buf |     0.002 |
|   gen_act_buf[1].u_act_buf  |     0.002 |
|   gen_act_buf[2].u_act_buf  |     0.002 |
|   gen_act_buf[3].u_act_buf  |     0.002 |
|   gen_act_buf[4].u_act_buf  |     0.002 |
|   gen_act_buf[5].u_act_buf  |     0.002 |
|   gen_act_buf[6].u_act_buf  |     0.002 |
|   gen_act_buf[7].u_act_buf  |     0.002 |
|   gen_act_buf[8].u_act_buf  |     0.002 |
|   gen_act_buf[9].u_act_buf  |     0.002 |
|   u_act                     |     0.001 |
|   u_csr                     |     0.008 |
|   u_ctrl                    |     0.005 |
|   u_dma                     |     0.001 |
|   u_dw                      |     0.284 |
|   u_out_buf                 |     0.008 |
|   u_pool                    |     0.001 |
|   u_requant                 |     0.186 |
|   u_systolic                |     0.210 |
|     row[0].col[0].pe_inst   |     0.001 |
|     row[0].col[1].pe_inst   |     0.001 |
|     row[0].col[2].pe_inst   |     0.001 |
|     row[0].col[3].pe_inst   |     0.001 |
|     row[0].col[4].pe_inst   |     0.001 |
|     row[0].col[5].pe_inst   |     0.001 |
|     row[0].col[6].pe_inst   |     0.001 |
|     row[10].col[0].pe_inst  |     0.002 |
|     row[10].col[1].pe_inst  |     0.002 |
|     row[10].col[2].pe_inst  |     0.002 |
|     row[10].col[3].pe_inst  |     0.002 |
|     row[10].col[4].pe_inst  |     0.002 |
|     row[10].col[5].pe_inst  |     0.002 |
|     row[10].col[6].pe_inst  |     0.002 |
|     row[10].col[7].pe_inst  |     0.002 |
|     row[11].col[0].pe_inst  |     0.002 |
|     row[11].col[1].pe_inst  |     0.002 |
|     row[11].col[2].pe_inst  |     0.002 |
|     row[11].col[3].pe_inst  |     0.002 |
|     row[11].col[4].pe_inst  |     0.002 |
|     row[11].col[5].pe_inst  |     0.002 |
|     row[11].col[6].pe_inst  |     0.002 |
|     row[11].col[7].pe_inst  |     0.002 |
|     row[12].col[0].pe_inst  |     0.002 |
|     row[12].col[1].pe_inst  |     0.002 |
|     row[12].col[2].pe_inst  |     0.002 |
|     row[12].col[3].pe_inst  |     0.002 |
|     row[12].col[4].pe_inst  |     0.002 |
|     row[12].col[5].pe_inst  |     0.002 |
|     row[12].col[6].pe_inst  |     0.002 |
|     row[12].col[7].pe_inst  |     0.002 |
|     row[13].col[0].pe_inst  |     0.002 |
|     row[13].col[1].pe_inst  |     0.002 |
|     row[13].col[2].pe_inst  |     0.002 |
|     row[13].col[3].pe_inst  |     0.002 |
|     row[13].col[4].pe_inst  |     0.002 |
|     row[13].col[5].pe_inst  |     0.002 |
|     row[13].col[6].pe_inst  |     0.002 |
|     row[13].col[7].pe_inst  |     0.002 |
|     row[1].col[0].pe_inst   |     0.002 |
|     row[1].col[1].pe_inst   |     0.002 |
|     row[1].col[2].pe_inst   |     0.002 |
|     row[1].col[3].pe_inst   |     0.002 |
|     row[1].col[4].pe_inst   |     0.002 |
|     row[1].col[5].pe_inst   |     0.002 |
|     row[1].col[6].pe_inst   |     0.002 |
|     row[1].col[7].pe_inst   |     0.002 |
|     row[2].col[0].pe_inst   |     0.002 |
|     row[2].col[1].pe_inst   |     0.002 |
|     row[2].col[2].pe_inst   |     0.002 |
|     row[2].col[3].pe_inst   |     0.002 |
|     row[2].col[4].pe_inst   |     0.002 |
|     row[2].col[5].pe_inst   |     0.002 |
|     row[2].col[6].pe_inst   |     0.002 |
|     row[2].col[7].pe_inst   |     0.002 |
|     row[3].col[0].pe_inst   |     0.002 |
|     row[3].col[1].pe_inst   |     0.002 |
|     row[3].col[2].pe_inst   |     0.002 |
|     row[3].col[3].pe_inst   |     0.002 |
|     row[3].col[4].pe_inst   |     0.002 |
|     row[3].col[5].pe_inst   |     0.002 |
|     row[3].col[6].pe_inst   |     0.002 |
|     row[3].col[7].pe_inst   |     0.002 |
|     row[4].col[0].pe_inst   |     0.002 |
|     row[4].col[1].pe_inst   |     0.002 |
|     row[4].col[2].pe_inst   |     0.002 |
|     row[4].col[3].pe_inst   |     0.002 |
|     row[4].col[4].pe_inst   |     0.002 |
|     row[4].col[5].pe_inst   |     0.002 |
|     row[4].col[6].pe_inst   |     0.002 |
|     row[4].col[7].pe_inst   |     0.002 |
|     row[5].col[0].pe_inst   |     0.002 |
|     row[5].col[1].pe_inst   |     0.002 |
|     row[5].col[2].pe_inst   |     0.002 |
|     row[5].col[3].pe_inst   |     0.002 |
|     row[5].col[4].pe_inst   |     0.002 |
|     row[5].col[5].pe_inst   |     0.002 |
|     row[5].col[6].pe_inst   |     0.002 |
|     row[5].col[7].pe_inst   |     0.002 |
|     row[6].col[0].pe_inst   |     0.002 |
|     row[6].col[1].pe_inst   |     0.002 |
|     row[6].col[2].pe_inst   |     0.002 |
|     row[6].col[3].pe_inst   |     0.002 |
|     row[6].col[4].pe_inst   |     0.002 |
|     row[6].col[5].pe_inst   |     0.002 |
|     row[6].col[6].pe_inst   |     0.002 |
|     row[6].col[7].pe_inst   |     0.002 |
|     row[7].col[0].pe_inst   |     0.002 |
|     row[7].col[1].pe_inst   |     0.002 |
|     row[7].col[2].pe_inst   |     0.002 |
|     row[7].col[3].pe_inst   |     0.002 |
|     row[7].col[4].pe_inst   |     0.002 |
|     row[7].col[5].pe_inst   |     0.002 |
|     row[7].col[6].pe_inst   |     0.002 |
|     row[7].col[7].pe_inst   |     0.002 |
|     row[8].col[0].pe_inst   |     0.002 |
|     row[8].col[1].pe_inst   |     0.002 |
|     row[8].col[2].pe_inst   |     0.002 |
|     row[8].col[3].pe_inst   |     0.002 |
|     row[8].col[4].pe_inst   |     0.002 |
|     row[8].col[5].pe_inst   |     0.002 |
|     row[8].col[6].pe_inst   |     0.002 |
|     row[8].col[7].pe_inst   |     0.002 |
|     row[9].col[0].pe_inst   |     0.002 |
|     row[9].col[1].pe_inst   |     0.002 |
|     row[9].col[2].pe_inst   |     0.002 |
|     row[9].col[3].pe_inst   |     0.002 |
|     row[9].col[4].pe_inst   |     0.002 |
|     row[9].col[5].pe_inst   |     0.002 |
|     row[9].col[6].pe_inst   |     0.002 |
|     row[9].col[7].pe_inst   |     0.002 |
|   u_weight_buf              |     0.022 |
+-----------------------------+-----------+


