Copyright 1986-2022 Xilinx, Inc. All Rights Reserved. Copyright 2022-2025 Advanced Micro Devices, Inc. All Rights Reserved.
---------------------------------------------------------------------------------------------------------------------------------------------
| Tool Version : Vivado v.2025.1 (win64) Build 6140274 Thu May 22 00:12:29 MDT 2025
| Date         : Wed Sep 30 00:46:37 2026
| Host         : TMP215-54 running 64-bit major release  (build 9200)
| Command      : report_timing_summary -file timing_fixed.rpt
| Design       : tinynpu_top
| Device       : 7z020-clg400
| Speed File   : -1  PRODUCTION 1.12 2019-11-22
| Design State : Routed
---------------------------------------------------------------------------------------------------------------------------------------------

Timing Summary Report

------------------------------------------------------------------------------------------------
| Timer Settings
| --------------
------------------------------------------------------------------------------------------------

  Enable Multi Corner Analysis               :  Yes
  Enable Pessimism Removal                   :  Yes
  Pessimism Removal Resolution               :  Nearest Common Node
  Enable Input Delay Default Clock           :  No
  Enable Preset / Clear Arcs                 :  No
  Disable Flight Delays                      :  No
  Ignore I/O Paths                           :  No
  Timing Early Launch at Borrowing Latches   :  No
  Borrow Time for Max Delay Exceptions       :  Yes
  Merge Timing Exceptions                    :  Yes
  Inter-SLR Compensation                     :  Conservative

  Corner  Analyze    Analyze    
  Name    Max Paths  Min Paths  
  ------  ---------  ---------  
  Slow    Yes        Yes        
  Fast    Yes        Yes        


------------------------------------------------------------------------------------------------
| Report Methodology
| ------------------
------------------------------------------------------------------------------------------------

No report available as report_methodology has not been run prior. Run report_methodology on the current design for the summary of methodology violations.



check_timing report

Table of Contents
-----------------
1. checking no_clock (0)
2. checking constant_clock (0)
3. checking pulse_width_clock (0)
4. checking unconstrained_internal_endpoints (0)
5. checking no_input_delay (140)
6. checking no_output_delay (197)
7. checking multiple_clock (0)
8. checking generated_clocks (0)
9. checking loops (0)
10. checking partial_input_delay (0)
11. checking partial_output_delay (0)
12. checking latch_loops (0)

1. checking no_clock (0)
------------------------
 There are 0 register/latch pins with no clock.


2. checking constant_clock (0)
------------------------------
 There are 0 register/latch pins with constant_clock.


3. checking pulse_width_clock (0)
---------------------------------
 There are 0 register/latch pins which need pulse_width check


4. checking unconstrained_internal_endpoints (0)
------------------------------------------------
 There are 0 pins that are not constrained for maximum delay.

 There are 0 pins that are not constrained for maximum delay due to constant clock.


5. checking no_input_delay (140)
--------------------------------
 There are 140 input ports with no input delay specified. (HIGH)

 There are 0 input ports with no input delay but user has a false path constraint.


6. checking no_output_delay (197)
---------------------------------
 There are 197 ports with no output delay specified. (HIGH)

 There are 0 ports with no output delay but user has a false path constraint

 There are 0 ports with no output delay but with a timing clock defined on it or propagating through it


7. checking multiple_clock (0)
------------------------------
 There are 0 register/latch pins with multiple clocks.


8. checking generated_clocks (0)
--------------------------------
 There are 0 generated clocks that are not connected to a clock source.


9. checking loops (0)
---------------------
 There are 0 combinational loops in the design.


10. checking partial_input_delay (0)
------------------------------------
 There are 0 input ports with partial input delay specified.


11. checking partial_output_delay (0)
-------------------------------------
 There are 0 ports with partial output delay specified.


12. checking latch_loops (0)
----------------------------
 There are 0 combinational latch loops in the design through latch input



------------------------------------------------------------------------------------------------
| Design Timing Summary
| ---------------------
------------------------------------------------------------------------------------------------

    WNS(ns)      TNS(ns)  TNS Failing Endpoints  TNS Total Endpoints      WHS(ns)      THS(ns)  THS Failing Endpoints  THS Total Endpoints     WPWS(ns)     TPWS(ns)  TPWS Failing Endpoints  TPWS Total Endpoints  
    -------      -------  ---------------------  -------------------      -------      -------  ---------------------  -------------------     --------     --------  ----------------------  --------------------  
     -0.051       -0.837                     50                98479        0.110        0.000                      0                98479        2.750        0.000                       0                 47018  


Timing constraints are not met.


------------------------------------------------------------------------------------------------
| Clock Summary
| -------------
------------------------------------------------------------------------------------------------

Clock  Waveform(ns)         Period(ns)      Frequency(MHz)
-----  ------------         ----------      --------------
clk    {0.000 4.000}        8.000           125.000         


------------------------------------------------------------------------------------------------
| Intra Clock Table
| -----------------
------------------------------------------------------------------------------------------------

Clock             WNS(ns)      TNS(ns)  TNS Failing Endpoints  TNS Total Endpoints      WHS(ns)      THS(ns)  THS Failing Endpoints  THS Total Endpoints     WPWS(ns)     TPWS(ns)  TPWS Failing Endpoints  TPWS Total Endpoints  
-----             -------      -------  ---------------------  -------------------      -------      -------  ---------------------  -------------------     --------     --------  ----------------------  --------------------  
clk                -0.051       -0.837                     50                98479        0.110        0.000                      0                98479        2.750        0.000                       0                 47018  


------------------------------------------------------------------------------------------------
| Inter Clock Table
| -----------------
------------------------------------------------------------------------------------------------

From Clock    To Clock          WNS(ns)      TNS(ns)  TNS Failing Endpoints  TNS Total Endpoints      WHS(ns)      THS(ns)  THS Failing Endpoints  THS Total Endpoints  
----------    --------          -------      -------  ---------------------  -------------------      -------      -------  ---------------------  -------------------  


------------------------------------------------------------------------------------------------
| Other Path Groups Table
| -----------------------
------------------------------------------------------------------------------------------------

Path Group    From Clock    To Clock          WNS(ns)      TNS(ns)  TNS Failing Endpoints  TNS Total Endpoints      WHS(ns)      THS(ns)  THS Failing Endpoints  THS Total Endpoints  
----------    ----------    --------          -------      -------  ---------------------  -------------------      -------      -------  ---------------------  -------------------  


------------------------------------------------------------------------------------------------
| Timing Details
| --------------
------------------------------------------------------------------------------------------------


---------------------------------------------------------------------------------------------------
From Clock:  clk
  To Clock:  clk

Setup :           50  Failing Endpoints,  Worst Slack       -0.051ns,  Total Violation       -0.837ns
Hold  :            0  Failing Endpoints,  Worst Slack        0.110ns,  Total Violation        0.000ns
PW    :            0  Failing Endpoints,  Worst Slack        2.750ns,  Total Violation        0.000ns
---------------------------------------------------------------------------------------------------


Max Delay Paths
--------------------------------------------------------------------------------------
Slack (VIOLATED) :        -0.051ns  (required time - arrival time)
  Source:                 u_ctrl/pad_active_reg/C
                            (rising edge-triggered cell FDRE clocked by clk  {rise@0.000ns fall@4.000ns period=8.000ns})
  Destination:            u_systolic/row[4].col[0].pe_inst/mul_s1_reg[15]/D
                            (rising edge-triggered cell FDCE clocked by clk  {rise@0.000ns fall@4.000ns period=8.000ns})
  Path Group:             clk
  Path Type:              Setup (Max at Slow Process Corner)
  Requirement:            8.000ns  (clk rise@8.000ns - clk rise@0.000ns)
  Data Path Delay:        7.692ns  (logic 3.018ns (39.234%)  route 4.674ns (60.766%))
  Logic Levels:           8  (CARRY4=4 LUT2=1 LUT3=1 LUT4=1 LUT6=1)
  Clock Path Skew:        -0.049ns (DCD - SCD + CPR)
    Destination Clock Delay (DCD):    0.924ns = ( 8.924 - 8.000 ) 
    Source Clock Delay      (SCD):    0.973ns
    Clock Pessimism Removal (CPR):    0.000ns
  Clock Uncertainty:      0.035ns  ((TSJ^2 + TIJ^2)^1/2 + DJ) / 2 + PE
    Total System Jitter     (TSJ):    0.071ns
    Total Input Jitter      (TIJ):    0.000ns
    Discrete Jitter          (DJ):    0.000ns
    Phase Error              (PE):    0.000ns

    Location             Delay type                Incr(ns)  Path(ns)    Netlist Resource(s)
  -------------------------------------------------------------------    -------------------
                         (clock clk rise edge)        0.000     0.000 r  
                                                      0.000     0.000 r  aclk (IN)
                         net (fo=47047, unset)        0.973     0.973    u_ctrl/aclk
    SLICE_X82Y85         FDRE                                         r  u_ctrl/pad_active_reg/C
  -------------------------------------------------------------------    -------------------
    SLICE_X82Y85         FDRE (Prop_fdre_C_Q)         0.518     1.491 f  u_ctrl/pad_active_reg/Q
                         net (fo=150, routed)         0.977     2.468    gen_act_buf[4].u_act_buf/pad_active
    SLICE_X80Y83         LUT2 (Prop_lut2_I1_O)        0.149     2.617 r  gen_act_buf[4].u_act_buf/act_out[1]_i_1__3/O
                         net (fo=18, routed)          1.178     3.794    gen_act_buf[4].u_act_buf/D[1]
    SLICE_X65Y83         LUT6 (Prop_lut6_I2_O)        0.332     4.126 r  gen_act_buf[4].u_act_buf/row[4].col[0].pe_inst/mul_s1[11]_i_36/O
                         net (fo=2, routed)           0.477     4.603    gen_act_buf[4].u_act_buf_n_17
    SLICE_X67Y83         CARRY4 (Prop_carry4_DI[0]_CO[3])
                                                      0.526     5.129 r  row[4].col[0].pe_inst/mul_s1_reg[11]_i_13/CO[3]
                         net (fo=1, routed)           0.000     5.129    gen_act_buf[4].u_act_buf/row[4].col[0].pe_inst/mul_s1[11]_i_4[0]
    SLICE_X67Y84         CARRY4 (Prop_carry4_CI_O[0])
                                                      0.222     5.351 r  gen_act_buf[4].u_act_buf/row[4].col[0].pe_inst/mul_s1_reg[11]_i_11/O[0]
                         net (fo=2, routed)           0.696     6.047    gen_act_buf[4].u_act_buf_n_48
    SLICE_X63Y87         LUT3 (Prop_lut3_I2_O)        0.299     6.346 r  row[4].col[0].pe_inst/mul_s1[11]_i_4/O
                         net (fo=2, routed)           0.769     7.116    row[4].col[0].pe_inst/mul_s1[11]_i_4_n_0
    SLICE_X62Y86         LUT4 (Prop_lut4_I3_O)        0.124     7.240 r  row[4].col[0].pe_inst/mul_s1[11]_i_8/O
                         net (fo=1, routed)           0.000     7.240    row[4].col[0].pe_inst/mul_s1[11]_i_8_n_0
    SLICE_X62Y86         CARRY4 (Prop_carry4_S[1]_CO[3])
                                                      0.533     7.773 r  row[4].col[0].pe_inst/mul_s1_reg[11]_i_1/CO[3]
                         net (fo=1, routed)           0.000     7.773    gen_act_buf[4].u_act_buf/mul_s1_reg[15]_1[0]
    SLICE_X62Y87         CARRY4 (Prop_carry4_CI_O[3])
                                                      0.315     8.088 r  gen_act_buf[4].u_act_buf/row[4].col[0].pe_inst/mul_s1_reg[15]_i_1/O[3]
                         net (fo=1, routed)           0.578     8.665    u_systolic/row[4].col[0].pe_inst/mul_s1_reg[15]_3[14]
    SLICE_X59Y87         FDCE                                         r  u_systolic/row[4].col[0].pe_inst/mul_s1_reg[15]/D
  -------------------------------------------------------------------    -------------------

                         (clock clk rise edge)        8.000     8.000 r  
                                                      0.000     8.000 r  aclk (IN)
                         net (fo=47047, unset)        0.924     8.924    u_systolic/row[4].col[0].pe_inst/aclk
    SLICE_X59Y87         FDCE                                         r  u_systolic/row[4].col[0].pe_inst/mul_s1_reg[15]/C
                         clock pessimism              0.000     8.924    
                         clock uncertainty           -0.035     8.889    
    SLICE_X59Y87         FDCE (Setup_fdce_C_D)       -0.275     8.614    u_systolic/row[4].col[0].pe_inst/mul_s1_reg[15]
  -------------------------------------------------------------------
                         required time                          8.614    
                         arrival time                          -8.665    
  -------------------------------------------------------------------
                         slack                                 -0.051    





Min Delay Paths
--------------------------------------------------------------------------------------
Slack (MET) :             0.110ns  (arrival time - required time)
  Source:                 u_dma/wgt_buf_wr_data_reg[4]/C
                            (rising edge-triggered cell FDRE clocked by clk  {rise@0.000ns fall@4.000ns period=8.000ns})
  Destination:            u_weight_buf/weight_mem_bank0_reg_0_63_3_5/RAMB/I
                            (rising edge-triggered cell RAMD64E clocked by clk  {rise@0.000ns fall@4.000ns period=8.000ns})
  Path Group:             clk
  Path Type:              Hold (Min at Fast Process Corner)
  Requirement:            0.000ns  (clk rise@0.000ns - clk rise@0.000ns)
  Data Path Delay:        0.278ns  (logic 0.141ns (50.804%)  route 0.137ns (49.196%))
  Logic Levels:           0  
  Clock Path Skew:        0.022ns (DCD - SCD - CPR)
    Destination Clock Delay (DCD):    0.432ns
    Source Clock Delay      (SCD):    0.410ns
    Clock Pessimism Removal (CPR):    -0.000ns

    Location             Delay type                Incr(ns)  Path(ns)    Netlist Resource(s)
  -------------------------------------------------------------------    -------------------
                         (clock clk rise edge)        0.000     0.000 r  
                                                      0.000     0.000 r  aclk (IN)
                         net (fo=47047, unset)        0.410     0.410    u_dma/aclk
    SLICE_X85Y74         FDRE                                         r  u_dma/wgt_buf_wr_data_reg[4]/C
  -------------------------------------------------------------------    -------------------
    SLICE_X85Y74         FDRE (Prop_fdre_C_Q)         0.141     0.551 r  u_dma/wgt_buf_wr_data_reg[4]/Q
                         net (fo=4, routed)           0.137     0.688    u_weight_buf/weight_mem_bank0_reg_0_63_3_5/DIB
    SLICE_X82Y74         RAMD64E                                      r  u_weight_buf/weight_mem_bank0_reg_0_63_3_5/RAMB/I
  -------------------------------------------------------------------    -------------------

                         (clock clk rise edge)        0.000     0.000 r  
                                                      0.000     0.000 r  aclk (IN)
                         net (fo=47047, unset)        0.432     0.432    u_weight_buf/weight_mem_bank0_reg_0_63_3_5/WCLK
    SLICE_X82Y74         RAMD64E                                      r  u_weight_buf/weight_mem_bank0_reg_0_63_3_5/RAMB/CLK
                         clock pessimism              0.000     0.432    
    SLICE_X82Y74         RAMD64E (Hold_ramd64e_CLK_I)
                                                      0.146     0.578    u_weight_buf/weight_mem_bank0_reg_0_63_3_5/RAMB
  -------------------------------------------------------------------
                         required time                         -0.578    
                         arrival time                           0.688    
  -------------------------------------------------------------------
                         slack                                  0.110    





Pulse Width Checks
--------------------------------------------------------------------------------------
Clock Name:         clk
Waveform(ns):       { 0.000 4.000 }
Period(ns):         8.000
Sources:            { aclk }

Check Type        Corner  Lib Pin      Reference Pin  Required(ns)  Actual(ns)  Slack(ns)  Location      Pin
Min Period        n/a     DSP48E1/CLK  n/a            3.884         8.000       4.116      DSP48_X2Y35   u_dw/mult_reg_reg[0][0]/CLK
Low Pulse Width   Slow    RAMD64E/CLK  n/a            1.250         4.000       2.750      SLICE_X54Y78  gen_act_buf[0].u_act_buf/bank_a_reg_0_63_0_2/RAMA/CLK
High Pulse Width  Slow    RAMD64E/CLK  n/a            1.250         4.000       2.750      SLICE_X54Y78  gen_act_buf[0].u_act_buf/bank_a_reg_0_63_0_2/RAMA/CLK



