Copyright 1986-2022 Xilinx, Inc. All Rights Reserved. Copyright 2022-2025 Advanced Micro Devices, Inc. All Rights Reserved.
---------------------------------------------------------------------------------------------------------------------------------------------
| Tool Version : Vivado v.2025.1 (win64) Build 6140274 Thu May 22 00:12:29 MDT 2025
| Date         : Wed Sep 30 10:52:52 2026
| Host         : TMP215-54 running 64-bit major release  (build 9200)
| Command      : report_timing_summary -file timing_14x8_post_route.rpt
| Design       : tinynpu_top
| Device       : 7z020-clg400
| Speed File   : -1  PRODUCTION 1.12 2019-11-22
| Design State : Routed
---------------------------------------------------------------------------------------------------------------------------------------------

Timing Summary Report

------------------------------------------------------------------------------------------------
| Timer Settings
| --------------
------------------------------------------------------------------------------------------------

  Enable Multi Corner Analysis               :  Yes
  Enable Pessimism Removal                   :  Yes
  Pessimism Removal Resolution               :  Nearest Common Node
  Enable Input Delay Default Clock           :  No
  Enable Preset / Clear Arcs                 :  No
  Disable Flight Delays                      :  No
  Ignore I/O Paths                           :  No
  Timing Early Launch at Borrowing Latches   :  No
  Borrow Time for Max Delay Exceptions       :  Yes
  Merge Timing Exceptions                    :  Yes
  Inter-SLR Compensation                     :  Conservative

  Corner  Analyze    Analyze    
  Name    Max Paths  Min Paths  
  ------  ---------  ---------  
  Slow    Yes        Yes        
  Fast    Yes        Yes        


------------------------------------------------------------------------------------------------
| Report Methodology
| ------------------
------------------------------------------------------------------------------------------------

No report available as report_methodology has not been run prior. Run report_methodology on the current design for the summary of methodology violations.



check_timing report

Table of Contents
-----------------
1. checking no_clock (0)
2. checking constant_clock (0)
3. checking pulse_width_clock (0)
4. checking unconstrained_internal_endpoints (0)
5. checking no_input_delay (140)
6. checking no_output_delay (197)
7. checking multiple_clock (0)
8. checking generated_clocks (0)
9. checking loops (0)
10. checking partial_input_delay (0)
11. checking partial_output_delay (0)
12. checking latch_loops (0)

1. checking no_clock (0)
------------------------
 There are 0 register/latch pins with no clock.


2. checking constant_clock (0)
------------------------------
 There are 0 register/latch pins with constant_clock.


3. checking pulse_width_clock (0)
---------------------------------
 There are 0 register/latch pins which need pulse_width check


4. checking unconstrained_internal_endpoints (0)
------------------------------------------------
 There are 0 pins that are not constrained for maximum delay.

 There are 0 pins that are not constrained for maximum delay due to constant clock.


5. checking no_input_delay (140)
--------------------------------
 There are 140 input ports with no input delay specified. (HIGH)

 There are 0 input ports with no input delay but user has a false path constraint.


6. checking no_output_delay (197)
---------------------------------
 There are 197 ports with no output delay specified. (HIGH)

 There are 0 ports with no output delay but user has a false path constraint

 There are 0 ports with no output delay but with a timing clock defined on it or propagating through it


7. checking multiple_clock (0)
------------------------------
 There are 0 register/latch pins with multiple clocks.


8. checking generated_clocks (0)
--------------------------------
 There are 0 generated clocks that are not connected to a clock source.


9. checking loops (0)
---------------------
 There are 0 combinational loops in the design.


10. checking partial_input_delay (0)
------------------------------------
 There are 0 input ports with partial input delay specified.


11. checking partial_output_delay (0)
-------------------------------------
 There are 0 ports with partial output delay specified.


12. checking latch_loops (0)
----------------------------
 There are 0 combinational latch loops in the design through latch input



------------------------------------------------------------------------------------------------
| Design Timing Summary
| ---------------------
------------------------------------------------------------------------------------------------

    WNS(ns)      TNS(ns)  TNS Failing Endpoints  TNS Total Endpoints      WHS(ns)      THS(ns)  THS Failing Endpoints  THS Total Endpoints     WPWS(ns)     TPWS(ns)  TPWS Failing Endpoints  TPWS Total Endpoints  
    -------      -------  ---------------------  -------------------      -------      -------  ---------------------  -------------------     --------     --------  ----------------------  --------------------  
      0.002        0.000                      0                98569        0.102        0.000                      0                98569        2.800        0.000                       0                 47093  


All user specified timing constraints are met.


------------------------------------------------------------------------------------------------
| Clock Summary
| -------------
------------------------------------------------------------------------------------------------

Clock  Waveform(ns)         Period(ns)      Frequency(MHz)
-----  ------------         ----------      --------------
clk    {0.000 4.050}        8.100           123.457         


------------------------------------------------------------------------------------------------
| Intra Clock Table
| -----------------
------------------------------------------------------------------------------------------------

Clock             WNS(ns)      TNS(ns)  TNS Failing Endpoints  TNS Total Endpoints      WHS(ns)      THS(ns)  THS Failing Endpoints  THS Total Endpoints     WPWS(ns)     TPWS(ns)  TPWS Failing Endpoints  TPWS Total Endpoints  
-----             -------      -------  ---------------------  -------------------      -------      -------  ---------------------  -------------------     --------     --------  ----------------------  --------------------  
clk                 0.002        0.000                      0                98569        0.102        0.000                      0                98569        2.800        0.000                       0                 47093  


------------------------------------------------------------------------------------------------
| Inter Clock Table
| -----------------
------------------------------------------------------------------------------------------------

From Clock    To Clock          WNS(ns)      TNS(ns)  TNS Failing Endpoints  TNS Total Endpoints      WHS(ns)      THS(ns)  THS Failing Endpoints  THS Total Endpoints  
----------    --------          -------      -------  ---------------------  -------------------      -------      -------  ---------------------  -------------------  


------------------------------------------------------------------------------------------------
| Other Path Groups Table
| -----------------------
------------------------------------------------------------------------------------------------

Path Group    From Clock    To Clock          WNS(ns)      TNS(ns)  TNS Failing Endpoints  TNS Total Endpoints      WHS(ns)      THS(ns)  THS Failing Endpoints  THS Total Endpoints  
----------    ----------    --------          -------      -------  ---------------------  -------------------      -------      -------  ---------------------  -------------------  


------------------------------------------------------------------------------------------------
| Timing Details
| --------------
------------------------------------------------------------------------------------------------


---------------------------------------------------------------------------------------------------
From Clock:  clk
  To Clock:  clk

Setup :            0  Failing Endpoints,  Worst Slack        0.002ns,  Total Violation        0.000ns
Hold  :            0  Failing Endpoints,  Worst Slack        0.102ns,  Total Violation        0.000ns
PW    :            0  Failing Endpoints,  Worst Slack        2.800ns,  Total Violation        0.000ns
---------------------------------------------------------------------------------------------------


Max Delay Paths
--------------------------------------------------------------------------------------
Slack (MET) :             0.002ns  (required time - arrival time)
  Source:                 u_dw/col_ptr_reg[0]/C
                            (rising edge-triggered cell FDRE clocked by clk  {rise@0.000ns fall@4.050ns period=8.100ns})
  Destination:            u_dw/mult_reg_reg[6][5]/A[0]
                            (rising edge-triggered cell DSP48E1 clocked by clk  {rise@0.000ns fall@4.050ns period=8.100ns})
  Path Group:             clk
  Path Type:              Setup (Max at Slow Process Corner)
  Requirement:            8.100ns  (clk rise@8.100ns - clk rise@0.000ns)
  Data Path Delay:        7.479ns  (logic 1.415ns (18.919%)  route 6.064ns (81.081%))
  Logic Levels:           5  (LUT6=2 MUXF7=2 MUXF8=1)
  Clock Path Skew:        -0.049ns (DCD - SCD + CPR)
    Destination Clock Delay (DCD):    0.924ns = ( 9.024 - 8.100 ) 
    Source Clock Delay      (SCD):    0.973ns
    Clock Pessimism Removal (CPR):    0.000ns
  Clock Uncertainty:      0.035ns  ((TSJ^2 + TIJ^2)^1/2 + DJ) / 2 + PE
    Total System Jitter     (TSJ):    0.071ns
    Total Input Jitter      (TIJ):    0.000ns
    Discrete Jitter          (DJ):    0.000ns
    Phase Error              (PE):    0.000ns

    Location             Delay type                Incr(ns)  Path(ns)    Netlist Resource(s)
  -------------------------------------------------------------------    -------------------
                         (clock clk rise edge)        0.000     0.000 r  
                                                      0.000     0.000 r  aclk (IN)
                         net (fo=47122, unset)        0.973     0.973    u_dw/aclk
    SLICE_X61Y40         FDRE                                         r  u_dw/col_ptr_reg[0]/C
  -------------------------------------------------------------------    -------------------
    SLICE_X61Y40         FDRE (Prop_fdre_C_Q)         0.456     1.429 r  u_dw/col_ptr_reg[0]/Q
                         net (fo=6447, routed)        2.567     3.996    u_dw/out[0]
    SLICE_X6Y41          LUT6 (Prop_lut6_I4_O)        0.124     4.120 r  u_dw/row_d2[6][0][0]_i_55/O
                         net (fo=1, routed)           0.000     4.120    u_dw/row_d2[6][0][0]_i_55_n_0
    SLICE_X6Y41          MUXF7 (Prop_muxf7_I1_O)      0.214     4.334 r  u_dw/row_d2_reg[6][0][0]_i_25/O
                         net (fo=1, routed)           0.000     4.334    u_dw/row_d2_reg[6][0][0]_i_25_n_0
    SLICE_X6Y41          MUXF8 (Prop_muxf8_I1_O)      0.088     4.422 r  u_dw/row_d2_reg[6][0][0]_i_10/O
                         net (fo=1, routed)           0.857     5.279    u_dw/row_d2_reg[6][0][0]_i_10_n_0
    SLICE_X10Y35         LUT6 (Prop_lut6_I3_O)        0.319     5.598 r  u_dw/row_d2[6][0][0]_i_3/O
                         net (fo=1, routed)           0.000     5.598    u_dw/row_d2[6][0][0]_i_3_n_0
    SLICE_X10Y35         MUXF7 (Prop_muxf7_I1_O)      0.214     5.812 r  u_dw/row_d2_reg[6][0][0]_i_1/O
                         net (fo=130, routed)         2.640     8.452    u_dw/row_d2_reg[6][0][0]_i_1_n_0
    DSP48_X3Y12          DSP48E1                                      r  u_dw/mult_reg_reg[6][5]/A[0]
  -------------------------------------------------------------------    -------------------

                         (clock clk rise edge)        8.100     8.100 r  
                                                      0.000     8.100 r  aclk (IN)
                         net (fo=47122, unset)        0.924     9.024    u_dw/aclk
    DSP48_X3Y12          DSP48E1                                      r  u_dw/mult_reg_reg[6][5]/CLK
                         clock pessimism              0.000     9.024    
                         clock uncertainty           -0.035     8.989    
    DSP48_X3Y12          DSP48E1 (Setup_dsp48e1_CLK_A[0])
                                                     -0.535     8.454    u_dw/mult_reg_reg[6][5]
  -------------------------------------------------------------------
                         required time                          8.454    
                         arrival time                          -8.452    
  -------------------------------------------------------------------
                         slack                                  0.002    





Min Delay Paths
--------------------------------------------------------------------------------------
Slack (MET) :             0.102ns  (arrival time - required time)
  Source:                 u_dma/wgt_buf_wr_data_reg[1]/C
                            (rising edge-triggered cell FDRE clocked by clk  {rise@0.000ns fall@4.050ns period=8.100ns})
  Destination:            u_weight_buf/weight_mem_bank0_reg_0_63_0_2/RAMB/I
                            (rising edge-triggered cell RAMD64E clocked by clk  {rise@0.000ns fall@4.050ns period=8.100ns})
  Path Group:             clk
  Path Type:              Hold (Min at Fast Process Corner)
  Requirement:            0.000ns  (clk rise@0.000ns - clk rise@0.000ns)
  Data Path Delay:        0.269ns  (logic 0.141ns (52.340%)  route 0.128ns (47.660%))
  Logic Levels:           0  
  Clock Path Skew:        0.022ns (DCD - SCD - CPR)
    Destination Clock Delay (DCD):    0.432ns
    Source Clock Delay      (SCD):    0.410ns
    Clock Pessimism Removal (CPR):    -0.000ns

    Location             Delay type                Incr(ns)  Path(ns)    Netlist Resource(s)
  -------------------------------------------------------------------    -------------------
                         (clock clk rise edge)        0.000     0.000 r  
                                                      0.000     0.000 r  aclk (IN)
                         net (fo=47122, unset)        0.410     0.410    u_dma/aclk
    SLICE_X55Y56         FDRE                                         r  u_dma/wgt_buf_wr_data_reg[1]/C
  -------------------------------------------------------------------    -------------------
    SLICE_X55Y56         FDRE (Prop_fdre_C_Q)         0.141     0.551 r  u_dma/wgt_buf_wr_data_reg[1]/Q
                         net (fo=4, routed)           0.128     0.680    u_weight_buf/weight_mem_bank0_reg_0_63_0_2/DIB
    SLICE_X58Y56         RAMD64E                                      r  u_weight_buf/weight_mem_bank0_reg_0_63_0_2/RAMB/I
  -------------------------------------------------------------------    -------------------

                         (clock clk rise edge)        0.000     0.000 r  
                                                      0.000     0.000 r  aclk (IN)
                         net (fo=47122, unset)        0.432     0.432    u_weight_buf/weight_mem_bank0_reg_0_63_0_2/WCLK
    SLICE_X58Y56         RAMD64E                                      r  u_weight_buf/weight_mem_bank0_reg_0_63_0_2/RAMB/CLK
                         clock pessimism              0.000     0.432    
    SLICE_X58Y56         RAMD64E (Hold_ramd64e_CLK_I)
                                                      0.146     0.578    u_weight_buf/weight_mem_bank0_reg_0_63_0_2/RAMB
  -------------------------------------------------------------------
                         required time                         -0.578    
                         arrival time                           0.680    
  -------------------------------------------------------------------
                         slack                                  0.102    





Pulse Width Checks
--------------------------------------------------------------------------------------
Clock Name:         clk
Waveform(ns):       { 0.000 4.050 }
Period(ns):         8.100
Sources:            { aclk }

Check Type        Corner  Lib Pin      Reference Pin  Required(ns)  Actual(ns)  Slack(ns)  Location      Pin
Min Period        n/a     DSP48E1/CLK  n/a            3.884         8.100       4.216      DSP48_X2Y37   u_dw/mult_reg_reg[0][0]/CLK
Low Pulse Width   Slow    RAMD64E/CLK  n/a            1.250         4.050       2.800      SLICE_X50Y79  gen_act_buf[0].u_act_buf/bank_a_reg_0_63_0_2/RAMA/CLK
High Pulse Width  Slow    RAMD64E/CLK  n/a            1.250         4.050       2.800      SLICE_X50Y79  gen_act_buf[0].u_act_buf/bank_a_reg_0_63_0_2/RAMA/CLK



