Copyright 1986-2022 Xilinx, Inc. All Rights Reserved. Copyright 2022-2025 Advanced Micro Devices, Inc. All Rights Reserved.
-------------------------------------------------------------------------------------------------------------------------------------------------
| Tool Version     : Vivado v.2025.1 (win64) Build 6140274 Thu May 22 00:12:29 MDT 2025
| Date             : Thu Aug  6 01:29:10 2026
| Host             : TMP215-54 running 64-bit major release  (build 9200)
| Command          : report_power -file 04_Synthesis/reports/power_estimate.rpt
| Design           : tinynpu_top
| Device           : xc7z020clg400-1
| Design State     : routed
| Grade            : commercial
| Process          : typical
| Characterization : Production
-------------------------------------------------------------------------------------------------------------------------------------------------

Power Report

Table of Contents
-----------------
1. Summary
1.1 On-Chip Components
1.2 Power Supply Summary
1.3 Confidence Level
2. Settings
2.1 Environment
2.2 Clock Constraints
3. Detailed Reports
3.1 By Hierarchy

1. Summary
----------

+--------------------------+--------------+
| Total On-Chip Power (W)  | 0.536        |
| Design Power Budget (W)  | Unspecified* |
| Power Budget Margin (W)  | NA           |
| Dynamic (W)              | 0.427        |
| Device Static (W)        | 0.109        |
| Effective TJA (C/W)      | 11.5         |
| Max Ambient (C)          | 78.8         |
| Junction Temperature (C) | 31.2         |
| Confidence Level         | Medium       |
| Setting File             | ---          |
| Simulation Activity File | ---          |
| Design Nets Matched      | NA           |
+--------------------------+--------------+
* Specify Design Power Budget using, set_operating_conditions -design_power_budget <value in Watts>


1.1 On-Chip Components
----------------------

+--------------------------+-----------+----------+-----------+-----------------+
| On-Chip                  | Power (W) | Used     | Available | Utilization (%) |
+--------------------------+-----------+----------+-----------+-----------------+
| Clocks                   |     0.148 |        3 |       --- |             --- |
| Slice Logic              |     0.047 |    31863 |       --- |             --- |
|   LUT as Logic           |     0.038 |     8350 |     53200 |           15.70 |
|   CARRY4                 |     0.005 |      819 |     13300 |            6.16 |
|   Register               |     0.003 |    17388 |    106400 |           16.34 |
|   LUT as Shift Register  |    <0.001 |      129 |     17400 |            0.74 |
|   F7/F8 Muxes            |    <0.001 |     2464 |     53200 |            4.63 |
|   LUT as Distributed RAM |    <0.001 |     1120 |     17400 |            6.44 |
|   Others                 |     0.000 |      243 |       --- |             --- |
| Signals                  |     0.125 |    26861 |       --- |             --- |
| DSPs                     |     0.107 |      136 |       220 |           61.82 |
| Static Power             |     0.109 |          |           |                 |
| Total                    |     0.536 |          |           |                 |
+--------------------------+-----------+----------+-----------+-----------------+


1.2 Power Supply Summary
------------------------

+-----------+-------------+-----------+-------------+------------+-------------+-------------+------------+
| Source    | Voltage (V) | Total (A) | Dynamic (A) | Static (A) | Powerup (A) | Budget (A)  | Margin (A) |
+-----------+-------------+-----------+-------------+------------+-------------+-------------+------------+
| Vccint    |       1.000 |     0.436 |       0.427 |      0.009 |       NA    | Unspecified | NA         |
| Vccaux    |       1.800 |     0.011 |       0.000 |      0.011 |       NA    | Unspecified | NA         |
| Vcco33    |       3.300 |     0.000 |       0.000 |      0.000 |       NA    | Unspecified | NA         |
| Vcco25    |       2.500 |     0.000 |       0.000 |      0.000 |       NA    | Unspecified | NA         |
| Vcco18    |       1.800 |     0.000 |       0.000 |      0.000 |       NA    | Unspecified | NA         |
| Vcco15    |       1.500 |     0.000 |       0.000 |      0.000 |       NA    | Unspecified | NA         |
| Vcco135   |       1.350 |     0.000 |       0.000 |      0.000 |       NA    | Unspecified | NA         |
| Vcco12    |       1.200 |     0.000 |       0.000 |      0.000 |       NA    | Unspecified | NA         |
| Vccaux_io |       1.800 |     0.000 |       0.000 |      0.000 |       NA    | Unspecified | NA         |
| Vccbram   |       1.000 |     0.001 |       0.000 |      0.001 |       NA    | Unspecified | NA         |
| MGTAVcc   |       1.000 |     0.000 |       0.000 |      0.000 |       NA    | Unspecified | NA         |
| MGTAVtt   |       1.200 |     0.000 |       0.000 |      0.000 |       NA    | Unspecified | NA         |
| MGTVccaux |       1.800 |     0.000 |       0.000 |      0.000 |       NA    | Unspecified | NA         |
| Vccpint   |       1.000 |     0.019 |       0.000 |      0.019 |       NA    | Unspecified | NA         |
| Vccpaux   |       1.800 |     0.010 |       0.000 |      0.010 |       NA    | Unspecified | NA         |
| Vccpll    |       1.800 |     0.003 |       0.000 |      0.003 |       NA    | Unspecified | NA         |
| Vcco_ddr  |       1.500 |     0.000 |       0.000 |      0.000 |       NA    | Unspecified | NA         |
| Vcco_mio0 |       1.800 |     0.000 |       0.000 |      0.000 |       NA    | Unspecified | NA         |
| Vcco_mio1 |       1.800 |     0.000 |       0.000 |      0.000 |       NA    | Unspecified | NA         |
| Vccadc    |       1.800 |     0.020 |       0.000 |      0.020 |       NA    | Unspecified | NA         |
+-----------+-------------+-----------+-------------+------------+-------------+-------------+------------+


1.3 Confidence Level
--------------------

+-----------------------------+------------+------------------------------------------------+------------------------------------------------------------------------------------------------------------+
| User Input Data             | Confidence | Details                                        | Action                                                                                                     |
+-----------------------------+------------+------------------------------------------------+------------------------------------------------------------------------------------------------------------+
| Design implementation state | High       | Design is routed                               |                                                                                                            |
| Clock nodes activity        | High       | User specified more than 95% of clocks         |                                                                                                            |
| I/O nodes activity          | High       | User specified more than 95% of inputs         |                                                                                                            |
| Internal nodes activity     | Medium     | User specified less than 25% of internal nodes | Provide missing internal nodes activity with simulation results or by editing the "By Resource Type" views |
| Device models               | High       | Device models are Production                   |                                                                                                            |
|                             |            |                                                |                                                                                                            |
| Overall confidence level    | Medium     |                                                |                                                                                                            |
+-----------------------------+------------+------------------------------------------------+------------------------------------------------------------------------------------------------------------+


2. Settings
-----------

2.1 Environment
---------------

+-----------------------+------------------------+
| Ambient Temp (C)      | 25.0                   |
| ThetaJA (C/W)         | 11.5                   |
| Airflow (LFM)         | 250                    |
| Heat Sink             | none                   |
| ThetaSA (C/W)         | 0.0                    |
| Board Selection       | medium (10"x10")       |
| # of Board Layers     | 8to11 (8 to 11 Layers) |
| Board Temperature (C) | 25.0                   |
+-----------------------+------------------------+


2.2 Clock Constraints
---------------------

+-------+--------+-----------------+
| Clock | Domain | Constraint (ns) |
+-------+--------+-----------------+
| clk   | clk    |            10.0 |
+-------+--------+-----------------+


3. Detailed Reports
-------------------

3.1 By Hierarchy
----------------

+----------------------------------------+-----------+
| Name                                   | Power (W) |
+----------------------------------------+-----------+
| tinynpu_top                            |     0.427 |
|   gen_act_buf[0].u_act_buf             |     0.003 |
|   gen_act_buf[1].u_act_buf             |     0.002 |
|   gen_act_buf[2].u_act_buf             |     0.002 |
|   gen_act_buf[3].u_act_buf             |     0.002 |
|   gen_act_buf[4].u_act_buf             |     0.003 |
|   gen_act_buf[7].u_act_buf             |     0.003 |
|   u_activation                         |     0.001 |
|   u_bbox_decoder                       |     0.009 |
|   u_csr                                |     0.003 |
|   u_ctrl                               |     0.004 |
|   u_dma                                |     0.002 |
|   u_dw                                 |     0.199 |
|   u_out_buf                            |     0.003 |
|   u_pooling                            |     0.002 |
|   u_requant                            |     0.077 |
|   u_systolic                           |     0.111 |
|     gen_pe_rows[0].gen_pe_cols[0].u_pe |     0.002 |
|     gen_pe_rows[0].gen_pe_cols[1].u_pe |     0.002 |
|     gen_pe_rows[0].gen_pe_cols[2].u_pe |     0.002 |
|     gen_pe_rows[0].gen_pe_cols[3].u_pe |     0.002 |
|     gen_pe_rows[0].gen_pe_cols[4].u_pe |     0.002 |
|     gen_pe_rows[0].gen_pe_cols[7].u_pe |     0.002 |
|     gen_pe_rows[1].gen_pe_cols[0].u_pe |     0.002 |
|     gen_pe_rows[1].gen_pe_cols[1].u_pe |     0.002 |
|     gen_pe_rows[1].gen_pe_cols[2].u_pe |     0.002 |
|     gen_pe_rows[1].gen_pe_cols[3].u_pe |     0.002 |
|     gen_pe_rows[1].gen_pe_cols[4].u_pe |     0.002 |
|     gen_pe_rows[1].gen_pe_cols[7].u_pe |     0.002 |
|     gen_pe_rows[2].gen_pe_cols[0].u_pe |     0.002 |
|     gen_pe_rows[2].gen_pe_cols[1].u_pe |     0.002 |
|     gen_pe_rows[2].gen_pe_cols[2].u_pe |     0.002 |
|     gen_pe_rows[2].gen_pe_cols[3].u_pe |     0.002 |
|     gen_pe_rows[2].gen_pe_cols[4].u_pe |     0.002 |
|     gen_pe_rows[2].gen_pe_cols[7].u_pe |     0.002 |
|     gen_pe_rows[3].gen_pe_cols[0].u_pe |     0.002 |
|     gen_pe_rows[3].gen_pe_cols[1].u_pe |     0.002 |
|     gen_pe_rows[3].gen_pe_cols[2].u_pe |     0.002 |
|     gen_pe_rows[3].gen_pe_cols[3].u_pe |     0.002 |
|     gen_pe_rows[3].gen_pe_cols[4].u_pe |     0.002 |
|     gen_pe_rows[3].gen_pe_cols[7].u_pe |     0.002 |
|     gen_pe_rows[4].gen_pe_cols[0].u_pe |     0.002 |
|     gen_pe_rows[4].gen_pe_cols[1].u_pe |     0.002 |
|     gen_pe_rows[4].gen_pe_cols[2].u_pe |     0.002 |
|     gen_pe_rows[4].gen_pe_cols[3].u_pe |     0.002 |
|     gen_pe_rows[4].gen_pe_cols[4].u_pe |     0.002 |
|     gen_pe_rows[4].gen_pe_cols[7].u_pe |     0.002 |
|     gen_pe_rows[5].gen_pe_cols[0].u_pe |     0.003 |
|     gen_pe_rows[5].gen_pe_cols[1].u_pe |     0.002 |
|     gen_pe_rows[5].gen_pe_cols[2].u_pe |     0.002 |
|     gen_pe_rows[5].gen_pe_cols[3].u_pe |     0.002 |
|     gen_pe_rows[5].gen_pe_cols[4].u_pe |     0.003 |
|     gen_pe_rows[5].gen_pe_cols[7].u_pe |     0.002 |
|     gen_pe_rows[6].gen_pe_cols[0].u_pe |     0.002 |
|     gen_pe_rows[6].gen_pe_cols[1].u_pe |     0.002 |
|     gen_pe_rows[6].gen_pe_cols[2].u_pe |     0.002 |
|     gen_pe_rows[6].gen_pe_cols[3].u_pe |     0.002 |
|     gen_pe_rows[6].gen_pe_cols[4].u_pe |     0.002 |
|     gen_pe_rows[6].gen_pe_cols[7].u_pe |     0.002 |
|     gen_pe_rows[7].gen_pe_cols[0].u_pe |     0.002 |
|     gen_pe_rows[7].gen_pe_cols[1].u_pe |     0.002 |
|     gen_pe_rows[7].gen_pe_cols[2].u_pe |     0.002 |
|     gen_pe_rows[7].gen_pe_cols[3].u_pe |     0.002 |
|     gen_pe_rows[7].gen_pe_cols[4].u_pe |     0.002 |
|     gen_pe_rows[7].gen_pe_cols[7].u_pe |     0.001 |
|   u_weight_buf                         |     0.002 |
+----------------------------------------+-----------+


