Copyright 1986-2022 Xilinx, Inc. All Rights Reserved. Copyright 2022-2025 Advanced Micro Devices, Inc. All Rights Reserved.
-------------------------------------------------------------------------------------------------------------------------------------------------
| Tool Version     : Vivado v.2025.1 (win64) Build 6140274 Thu May 22 00:12:29 MDT 2025
| Date             : Thu Sep  3 15:43:08 2026
| Host             : TMP215-54 running 64-bit major release  (build 9200)
| Command          : report_power -file {D:/Final year project/npu200jpmax/reports/impl_power.rpt}
| Design           : npu_system_wrapper
| Device           : xc7z020clg400-1
| Design State     : routed
| Grade            : commercial
| Process          : typical
| Characterization : Production
-------------------------------------------------------------------------------------------------------------------------------------------------

Power Report

Table of Contents
-----------------
1. Summary
1.1 On-Chip Components
1.2 Power Supply Summary
1.3 Confidence Level
2. Settings
2.1 Environment
2.2 Clock Constraints
3. Detailed Reports
3.1 By Hierarchy

1. Summary
----------

+--------------------------+--------------+
| Total On-Chip Power (W)  | 2.483        |
| Design Power Budget (W)  | Unspecified* |
| Power Budget Margin (W)  | NA           |
| Dynamic (W)              | 2.319        |
| Device Static (W)        | 0.165        |
| Effective TJA (C/W)      | 11.5         |
| Max Ambient (C)          | 56.4         |
| Junction Temperature (C) | 53.6         |
| Confidence Level         | Low          |
| Setting File             | ---          |
| Simulation Activity File | ---          |
| Design Nets Matched      | NA           |
+--------------------------+--------------+
* Specify Design Power Budget using, set_operating_conditions -design_power_budget <value in Watts>


1.1 On-Chip Components
----------------------

+--------------------------+-----------+----------+-----------+-----------------+
| On-Chip                  | Power (W) | Used     | Available | Utilization (%) |
+--------------------------+-----------+----------+-----------+-----------------+
| Clocks                   |     0.138 |        4 |       --- |             --- |
| Slice Logic              |     0.119 |   110532 |       --- |             --- |
|   LUT as Logic           |     0.096 |    33172 |     53200 |           62.35 |
|   CARRY4                 |     0.014 |     4628 |     13300 |           34.80 |
|   Register               |     0.007 |    53321 |    106400 |           50.11 |
|   F7/F8 Muxes            |    <0.001 |     4587 |     53200 |            8.62 |
|   LUT as Distributed RAM |    <0.001 |      498 |     17400 |            2.86 |
|   BUFG                   |    <0.001 |        4 |        32 |           12.50 |
|   Others                 |    <0.001 |     1764 |       --- |             --- |
|   LUT as Shift Register  |    <0.001 |      136 |     17400 |            0.78 |
|   BUFR                   |     0.000 |        1 |        88 |            1.14 |
| Signals                  |     0.189 |    79611 |       --- |             --- |
| Block RAM                |     0.012 |      5.5 |       140 |            3.93 |
| MMCM                     |     0.059 |        1 |         4 |           25.00 |
| PLL                      |     0.054 |        1 |         4 |           25.00 |
| DSPs                     |     0.062 |      204 |       220 |           92.73 |
| I/O                      |     0.163 |       18 |       125 |           14.40 |
| PS7                      |     1.523 |        1 |       --- |             --- |
| Static Power             |     0.165 |          |           |                 |
| Total                    |     2.483 |          |           |                 |
+--------------------------+-----------+----------+-----------+-----------------+


1.2 Power Supply Summary
------------------------

+-----------+-------------+-----------+-------------+------------+-------------+-------------+------------+
| Source    | Voltage (V) | Total (A) | Dynamic (A) | Static (A) | Powerup (A) | Budget (A)  | Margin (A) |
+-----------+-------------+-----------+-------------+------------+-------------+-------------+------------+
| Vccint    |       1.000 |     0.545 |       0.523 |      0.022 |       NA    | Unspecified | NA         |
| Vccaux    |       1.800 |     0.097 |       0.079 |      0.019 |       NA    | Unspecified | NA         |
| Vcco33    |       3.300 |     0.041 |       0.040 |      0.001 |       NA    | Unspecified | NA         |
| Vcco25    |       2.500 |     0.000 |       0.000 |      0.000 |       NA    | Unspecified | NA         |
| Vcco18    |       1.800 |     0.000 |       0.000 |      0.000 |       NA    | Unspecified | NA         |
| Vcco15    |       1.500 |     0.000 |       0.000 |      0.000 |       NA    | Unspecified | NA         |
| Vcco135   |       1.350 |     0.000 |       0.000 |      0.000 |       NA    | Unspecified | NA         |
| Vcco12    |       1.200 |     0.000 |       0.000 |      0.000 |       NA    | Unspecified | NA         |
| Vccaux_io |       1.800 |     0.000 |       0.000 |      0.000 |       NA    | Unspecified | NA         |
| Vccbram   |       1.000 |     0.002 |       0.000 |      0.002 |       NA    | Unspecified | NA         |
| MGTAVcc   |       1.000 |     0.000 |       0.000 |      0.000 |       NA    | Unspecified | NA         |
| MGTAVtt   |       1.200 |     0.000 |       0.000 |      0.000 |       NA    | Unspecified | NA         |
| MGTVccaux |       1.800 |     0.000 |       0.000 |      0.000 |       NA    | Unspecified | NA         |
| Vccpint   |       1.000 |     0.764 |       0.723 |      0.041 |       NA    | Unspecified | NA         |
| Vccpaux   |       1.800 |     0.060 |       0.050 |      0.010 |       NA    | Unspecified | NA         |
| Vccpll    |       1.800 |     0.017 |       0.014 |      0.003 |       NA    | Unspecified | NA         |
| Vcco_ddr  |       1.500 |     0.459 |       0.457 |      0.002 |       NA    | Unspecified | NA         |
| Vcco_mio0 |       1.800 |     0.000 |       0.000 |      0.000 |       NA    | Unspecified | NA         |
| Vcco_mio1 |       1.800 |     0.000 |       0.000 |      0.000 |       NA    | Unspecified | NA         |
| Vccadc    |       1.800 |     0.020 |       0.000 |      0.020 |       NA    | Unspecified | NA         |
+-----------+-------------+-----------+-------------+------------+-------------+-------------+------------+


1.3 Confidence Level
--------------------

+-----------------------------+------------+--------------------------------------------------------+------------------------------------------------------------------------------------------------------------+
| User Input Data             | Confidence | Details                                                | Action                                                                                                     |
+-----------------------------+------------+--------------------------------------------------------+------------------------------------------------------------------------------------------------------------+
| Design implementation state | High       | Design is routed                                       |                                                                                                            |
| Clock nodes activity        | High       | User specified more than 95% of clocks                 |                                                                                                            |
| I/O nodes activity          | Low        | More than 75% of inputs are missing user specification | Provide missing input activity with simulation results or by editing the "By Resource Type -> I/Os" view   |
| Internal nodes activity     | Medium     | User specified less than 25% of internal nodes         | Provide missing internal nodes activity with simulation results or by editing the "By Resource Type" views |
| Device models               | High       | Device models are Production                           |                                                                                                            |
|                             |            |                                                        |                                                                                                            |
| Overall confidence level    | Low        |                                                        |                                                                                                            |
+-----------------------------+------------+--------------------------------------------------------+------------------------------------------------------------------------------------------------------------+


2. Settings
-----------

2.1 Environment
---------------

+-----------------------+------------------------+
| Ambient Temp (C)      | 25.0                   |
| ThetaJA (C/W)         | 11.5                   |
| Airflow (LFM)         | 250                    |
| Heat Sink             | none                   |
| ThetaSA (C/W)         | 0.0                    |
| Board Selection       | medium (10"x10")       |
| # of Board Layers     | 8to11 (8 to 11 Layers) |
| Board Temperature (C) | 25.0                   |
+-----------------------+------------------------+


2.2 Clock Constraints
---------------------

+------------+----------------------------------------------+-----------------+
| Clock      | Domain                                       | Constraint (ns) |
+------------+----------------------------------------------+-----------------+
| clk_fpga_0 | npu_system_i/ps7/inst/FCLK_CLK_unbuffered[0] |             8.0 |
| clk_fpga_1 | npu_system_i/ps7/inst/FCLK_CLK_unbuffered[1] |             5.0 |
+------------+----------------------------------------------+-----------------+


3. Detailed Reports
-------------------

3.1 By Hierarchy
----------------

+----------------------+-----------+
| Name                 | Power (W) |
+----------------------+-----------+
| npu_system_wrapper   |     2.319 |
|   npu_system_i       |     2.319 |
|     axi_csr_intercon |     0.006 |
|       s00_couplers   |     0.004 |
|       xbar           |     0.002 |
|     axi_dma_0        |     0.004 |
|       U0             |     0.004 |
|     axi_mem_intercon |     0.009 |
|       m00_couplers   |     0.005 |
|       s00_couplers   |     0.003 |
|       xbar           |     0.002 |
|     dvi2rgb_0        |     0.099 |
|       U0             |     0.099 |
|     ps7              |     1.526 |
|       inst           |     1.526 |
|     rgb2dvi_0        |     0.186 |
|       U0             |     0.186 |
|     tinynpu_0        |     0.469 |
|       inst           |     0.467 |
|     vid_in           |     0.004 |
|       inst           |     0.004 |
|     vid_out          |     0.007 |
|       inst           |     0.007 |
|     vtc_0            |     0.008 |
|       U0             |     0.008 |
+----------------------+-----------+


