Copyright 1986-2022 Xilinx, Inc. All Rights Reserved. Copyright 2022-2025 Advanced Micro Devices, Inc. All Rights Reserved.
---------------------------------------------------------------------------------------------------------------------------------------------
| Tool Version : Vivado v.2025.1 (win64) Build 6140274 Thu May 22 00:12:29 MDT 2025
| Date         : Tue Aug 18 08:18:03 2026
| Host         : TMP215-54 running 64-bit major release  (build 9200)
| Command      : report_utilization -file {D:/Final year project/reports/RISCV_ADAS_Utilization.rpt}
| Design       : npu_system_wrapper
| Device       : xc7z020clg400-1
| Speed File   : -1
| Design State : Synthesized
---------------------------------------------------------------------------------------------------------------------------------------------

Utilization Design Information

Table of Contents
-----------------
1. Slice Logic
1.1 Summary of Registers by Type
2. Memory
3. DSP
4. IO and GT Specific
5. Clocking
6. Specific Feature
7. Primitives
8. Black Boxes
9. Instantiated Netlists

1. Slice Logic
--------------

+----------------------------+------+-------+------------+-----------+-------+
|          Site Type         | Used | Fixed | Prohibited | Available | Util% |
+----------------------------+------+-------+------------+-----------+-------+
| Slice LUTs*                | 5756 |     0 |          0 |     53200 | 10.82 |
|   LUT as Logic             | 5619 |     0 |          0 |     53200 | 10.56 |
|   LUT as Memory            |  137 |     0 |          0 |     17400 |  0.79 |
|     LUT as Distributed RAM |   82 |     0 |            |           |       |
|     LUT as Shift Register  |   55 |     0 |            |           |       |
| Slice Registers            | 9379 |     0 |          0 |    106400 |  8.81 |
|   Register as Flip Flop    | 9379 |     0 |          0 |    106400 |  8.81 |
|   Register as Latch        |    0 |     0 |          0 |    106400 |  0.00 |
| F7 Muxes                   |  273 |     0 |          0 |     26600 |  1.03 |
| F8 Muxes                   |    8 |     0 |          0 |     13300 |  0.06 |
+----------------------------+------+-------+------------+-----------+-------+
* Warning! The Final LUT count, after physical optimizations and full implementation, is typically lower. Run opt_design after synthesis, if not already completed, for a more realistic count.
Warning! LUT value is adjusted to account for LUT combining.
Warning! For any ECO changes, please run place_design if there are unplaced instances


1.1 Summary of Registers by Type
--------------------------------

+-------+--------------+-------------+--------------+
| Total | Clock Enable | Synchronous | Asynchronous |
+-------+--------------+-------------+--------------+
| 0     |            _ |           - |            - |
| 0     |            _ |           - |          Set |
| 0     |            _ |           - |        Reset |
| 0     |            _ |         Set |            - |
| 0     |            _ |       Reset |            - |
| 0     |          Yes |           - |            - |
| 58    |          Yes |           - |          Set |
| 222   |          Yes |           - |        Reset |
| 474   |          Yes |         Set |            - |
| 8625  |          Yes |       Reset |            - |
+-------+--------------+-------------+--------------+


2. Memory
---------

+-------------------+------+-------+------------+-----------+-------+
|     Site Type     | Used | Fixed | Prohibited | Available | Util% |
+-------------------+------+-------+------------+-----------+-------+
| Block RAM Tile    |    3 |     0 |          0 |       140 |  2.14 |
|   RAMB36/FIFO*    |    3 |     0 |          0 |       140 |  2.14 |
|     RAMB36E1 only |    3 |       |            |           |       |
|   RAMB18          |    0 |     0 |          0 |       280 |  0.00 |
+-------------------+------+-------+------------+-----------+-------+
* Note: Each Block RAM Tile only has one FIFO logic available and therefore can accommodate only one FIFO36E1 or one FIFO18E1. However, if a FIFO18E1 occupies a Block RAM Tile, that tile can still accommodate a RAMB18E1


3. DSP
------

+----------------+------+-------+------------+-----------+-------+
|    Site Type   | Used | Fixed | Prohibited | Available | Util% |
+----------------+------+-------+------------+-----------+-------+
| DSPs           |    1 |     0 |          0 |       220 |  0.45 |
|   DSP48E1 only |    1 |       |            |           |       |
+----------------+------+-------+------------+-----------+-------+


4. IO and GT Specific
---------------------

+-----------------------------+------+-------+------------+-----------+--------+
|          Site Type          | Used | Fixed | Prohibited | Available |  Util% |
+-----------------------------+------+-------+------------+-----------+--------+
| Bonded IOB                  |   24 |    18 |          0 |       125 |  19.20 |
|   IOB Master Pads           |    9 |       |            |           |        |
|   IOB Slave Pads            |    9 |       |            |           |        |
| Bonded IPADs                |    0 |     0 |          0 |         2 |   0.00 |
| Bonded IOPADs               |  130 |   130 |          0 |       130 | 100.00 |
| PHY_CONTROL                 |    0 |     0 |          0 |         4 |   0.00 |
| PHASER_REF                  |    0 |     0 |          0 |         4 |   0.00 |
| OUT_FIFO                    |    0 |     0 |          0 |        16 |   0.00 |
| IN_FIFO                     |    0 |     0 |          0 |        16 |   0.00 |
| IDELAYCTRL                  |    1 |     0 |          0 |         4 |  25.00 |
| IBUFDS                      |    4 |     4 |          0 |       121 |   3.31 |
| PHASER_OUT/PHASER_OUT_PHY   |    0 |     0 |          0 |        16 |   0.00 |
| PHASER_IN/PHASER_IN_PHY     |    0 |     0 |          0 |        16 |   0.00 |
| IDELAYE2/IDELAYE2_FINEDELAY |    3 |     3 |          0 |       200 |   1.50 |
|   IDELAYE2 only             |    3 |     3 |            |           |        |
| ILOGIC                      |    6 |     6 |          0 |       125 |   4.80 |
|   ISERDES                   |    6 |     6 |          0 |       125 |        |
| OLOGIC                      |    8 |     8 |          0 |       125 |   6.40 |
|   OSERDES                   |    8 |     8 |          0 |       125 |        |
+-----------------------------+------+-------+------------+-----------+--------+


5. Clocking
-----------

+--------------+------+-------+------------+-----------+-------+
|   Site Type  | Used | Fixed | Prohibited | Available | Util% |
+--------------+------+-------+------------+-----------+-------+
| BUFGCTRL     |    6 |     0 |          0 |        32 | 18.75 |
| BUFIO        |    1 |     0 |          0 |        16 |  6.25 |
|   BUFIO only |    1 |     0 |            |           |       |
| MMCME2_ADV   |    1 |     0 |          0 |         4 | 25.00 |
| PLLE2_ADV    |    1 |     0 |          0 |         4 | 25.00 |
| BUFMRCE      |    0 |     0 |          0 |         8 |  0.00 |
| BUFHCE       |    0 |     0 |          0 |        72 |  0.00 |
| BUFR         |    1 |     0 |          0 |        16 |  6.25 |
+--------------+------+-------+------------+-----------+-------+


6. Specific Feature
-------------------

+-------------+------+-------+------------+-----------+-------+
|  Site Type  | Used | Fixed | Prohibited | Available | Util% |
+-------------+------+-------+------------+-----------+-------+
| BSCANE2     |    0 |     0 |          0 |         4 |  0.00 |
| CAPTUREE2   |    0 |     0 |          0 |         1 |  0.00 |
| DNA_PORT    |    0 |     0 |          0 |         1 |  0.00 |
| EFUSE_USR   |    0 |     0 |          0 |         1 |  0.00 |
| FRAME_ECCE2 |    0 |     0 |          0 |         1 |  0.00 |
| ICAPE2      |    0 |     0 |          0 |         2 |  0.00 |
| STARTUPE2   |    0 |     0 |          0 |         1 |  0.00 |
| XADC        |    0 |     0 |          0 |         1 |  0.00 |
+-------------+------+-------+------------+-----------+-------+


7. Primitives
-------------

+------------+------+----------------------+
|  Ref Name  | Used |  Functional Category |
+------------+------+----------------------+
| FDRE       | 8625 |         Flop & Latch |
| LUT6       | 1854 |                  LUT |
| LUT3       | 1810 |                  LUT |
| LUT5       | 1025 |                  LUT |
| LUT4       |  946 |                  LUT |
| LUT2       |  772 |                  LUT |
| FDSE       |  474 |         Flop & Latch |
| CARRY4     |  442 |           CarryLogic |
| MUXF7      |  273 |                MuxFx |
| LUT1       |  267 |                  LUT |
| FDCE       |  222 |         Flop & Latch |
| BIBUF      |  130 |                   IO |
| RAMD32     |  118 |   Distributed Memory |
| FDPE       |   58 |         Flop & Latch |
| SRLC32E    |   49 |   Distributed Memory |
| RAMS32     |   36 |   Distributed Memory |
| OSERDESE2  |    8 |                   IO |
| MUXF8      |    8 |                MuxFx |
| SRL16E     |    6 |   Distributed Memory |
| ISERDESE2  |    6 |                   IO |
| OBUF       |    5 |                   IO |
| OBUFDS     |    4 |                   IO |
| IBUFDS     |    4 |                   IO |
| RAMB36E1   |    3 |         Block Memory |
| IDELAYE2   |    3 |                   IO |
| IBUF       |    3 |                   IO |
| BUFGCTRL   |    3 |                Clock |
| BUFG       |    3 |                Clock |
| OBUFT      |    2 |                   IO |
| PS7        |    1 | Specialized Resource |
| PLLE2_ADV  |    1 |                Clock |
| MMCME2_ADV |    1 |                Clock |
| IDELAYCTRL |    1 |                   IO |
| DSP48E1    |    1 |     Block Arithmetic |
| BUFR       |    1 |                Clock |
| BUFIO      |    1 |                Clock |
+------------+------+----------------------+


8. Black Boxes
--------------

+----------+------+
| Ref Name | Used |
+----------+------+


9. Instantiated Netlists
------------------------

+------------------------------------------------+------+
|                    Ref Name                    | Used |
+------------------------------------------------+------+
| npu_system_vtc_0                               |    1 |
| npu_system_vid_out_0                           |    1 |
| npu_system_vid_in_0                            |    1 |
| npu_system_tinynpu_0_0                         |    1 |
| npu_system_rst_ps7_125M_0                      |    1 |
| npu_system_riscv_adas_0_0                      |    1 |
| npu_system_rgb2dvi_0_0                         |    1 |
| npu_system_ps7_0                               |    1 |
| npu_system_dvi2rgb_0_0                         |    1 |
| npu_system_axi_mem_intercon_imp_s00_regslice_0 |    1 |
| npu_system_axi_mem_intercon_imp_auto_us_0      |    1 |
| npu_system_axi_mem_intercon_imp_auto_rs_w_0    |    1 |
| npu_system_axi_mem_intercon_imp_auto_rs_0      |    1 |
| npu_system_axi_mem_intercon_imp_auto_pc_0      |    1 |
+------------------------------------------------+------+


