Copyright 1986-2022 Xilinx, Inc. All Rights Reserved. Copyright 2022-2025 Advanced Micro Devices, Inc. All Rights Reserved.
---------------------------------------------------------------------------------------------------------------------------------------------
| Tool Version : Vivado v.2025.1 (win64) Build 6140274 Thu May 22 00:12:29 MDT 2025
| Date         : Tue Aug 18 08:18:03 2026
| Host         : TMP215-54 running 64-bit major release  (build 9200)
| Command      : report_timing_summary -file {D:/Final year project/reports/RISCV_ADAS_Timing.rpt}
| Design       : npu_system_wrapper
| Device       : 7z020-clg400
| Speed File   : -1  PRODUCTION 1.12 2019-11-22
| Design State : Synthesized
---------------------------------------------------------------------------------------------------------------------------------------------

Timing Summary Report

------------------------------------------------------------------------------------------------
| Timer Settings
| --------------
------------------------------------------------------------------------------------------------

  Enable Multi Corner Analysis               :  Yes
  Enable Pessimism Removal                   :  Yes
  Pessimism Removal Resolution               :  Nearest Common Node
  Enable Input Delay Default Clock           :  No
  Enable Preset / Clear Arcs                 :  No
  Disable Flight Delays                      :  No
  Ignore I/O Paths                           :  No
  Timing Early Launch at Borrowing Latches   :  No
  Borrow Time for Max Delay Exceptions       :  Yes
  Merge Timing Exceptions                    :  Yes
  Inter-SLR Compensation                     :  Conservative

  Corner  Analyze    Analyze    
  Name    Max Paths  Min Paths  
  ------  ---------  ---------  
  Slow    Yes        Yes        
  Fast    Yes        Yes        


------------------------------------------------------------------------------------------------
| Report Methodology
| ------------------
------------------------------------------------------------------------------------------------

No report available as report_methodology has not been run prior. Run report_methodology on the current design for the summary of methodology violations.



check_timing report

Table of Contents
-----------------
1. checking no_clock (4921)
2. checking constant_clock (0)
3. checking pulse_width_clock (0)
4. checking unconstrained_internal_endpoints (10831)
5. checking no_input_delay (6)
6. checking no_output_delay (10)
7. checking multiple_clock (0)
8. checking generated_clocks (0)
9. checking loops (0)
10. checking partial_input_delay (0)
11. checking partial_output_delay (0)
12. checking latch_loops (0)

1. checking no_clock (4921)
---------------------------
 There are 4921 register/latch pins with no clock driven by root clock pin: TMDS_RX_clk_p (HIGH)


2. checking constant_clock (0)
------------------------------
 There are 0 register/latch pins with constant_clock.


3. checking pulse_width_clock (0)
---------------------------------
 There are 0 register/latch pins which need pulse_width check


4. checking unconstrained_internal_endpoints (10831)
----------------------------------------------------
 There are 10825 pins that are not constrained for maximum delay. (HIGH)

 There are 6 pins that are not constrained for maximum delay due to constant clock. (MEDIUM)


5. checking no_input_delay (6)
------------------------------
 There are 6 input ports with no input delay specified. (HIGH)

 There are 0 input ports with no input delay but user has a false path constraint.


6. checking no_output_delay (10)
--------------------------------
 There are 10 ports with no output delay specified. (HIGH)

 There are 0 ports with no output delay but user has a false path constraint

 There are 0 ports with no output delay but with a timing clock defined on it or propagating through it


7. checking multiple_clock (0)
------------------------------
 There are 0 register/latch pins with multiple clocks.


8. checking generated_clocks (0)
--------------------------------
 There are 0 generated clocks that are not connected to a clock source.


9. checking loops (0)
---------------------
 There are 0 combinational loops in the design.


10. checking partial_input_delay (0)
------------------------------------
 There are 0 input ports with partial input delay specified.


11. checking partial_output_delay (0)
-------------------------------------
 There are 0 ports with partial output delay specified.


12. checking latch_loops (0)
----------------------------
 There are 0 combinational latch loops in the design through latch input



------------------------------------------------------------------------------------------------
| Design Timing Summary
| ---------------------
------------------------------------------------------------------------------------------------

    WNS(ns)      TNS(ns)  TNS Failing Endpoints  TNS Total Endpoints      WHS(ns)      THS(ns)  THS Failing Endpoints  THS Total Endpoints     WPWS(ns)     TPWS(ns)  TPWS Failing Endpoints  TPWS Total Endpoints  
    -------      -------  ---------------------  -------------------      -------      -------  ---------------------  -------------------     --------     --------  ----------------------  --------------------  
      0.767        0.000                      0                10561       -0.194      -14.725                     80                10477        0.264        0.000                       0                  4706  


Timing constraints are not met.


------------------------------------------------------------------------------------------------
| Clock Summary
| -------------
------------------------------------------------------------------------------------------------

Clock       Waveform(ns)         Period(ns)      Frequency(MHz)
-----       ------------         ----------      --------------
clk_fpga_0  {0.000 4.000}        8.000           125.000         
clk_fpga_1  {0.000 2.500}        5.000           200.000         


------------------------------------------------------------------------------------------------
| Intra Clock Table
| -----------------
------------------------------------------------------------------------------------------------

Clock             WNS(ns)      TNS(ns)  TNS Failing Endpoints  TNS Total Endpoints      WHS(ns)      THS(ns)  THS Failing Endpoints  THS Total Endpoints     WPWS(ns)     TPWS(ns)  TPWS Failing Endpoints  TPWS Total Endpoints  
-----             -------      -------  ---------------------  -------------------      -------      -------  ---------------------  -------------------     --------     --------  ----------------------  --------------------  
clk_fpga_0          1.112        0.000                      0                 9900       -0.194      -14.725                     80                 9900        2.750        0.000                       0                  4547  
clk_fpga_1          0.767        0.000                      0                  340        0.045        0.000                      0                  340        0.264        0.000                       0                   159  


------------------------------------------------------------------------------------------------
| Inter Clock Table
| -----------------
------------------------------------------------------------------------------------------------

From Clock    To Clock          WNS(ns)      TNS(ns)  TNS Failing Endpoints  TNS Total Endpoints      WHS(ns)      THS(ns)  THS Failing Endpoints  THS Total Endpoints  
----------    --------          -------      -------  ---------------------  -------------------      -------      -------  ---------------------  -------------------  
              clk_fpga_0        998.968        0.000                      0                   42                                                                        


------------------------------------------------------------------------------------------------
| Other Path Groups Table
| -----------------------
------------------------------------------------------------------------------------------------

Path Group         From Clock         To Clock               WNS(ns)      TNS(ns)  TNS Failing Endpoints  TNS Total Endpoints      WHS(ns)      THS(ns)  THS Failing Endpoints  THS Total Endpoints  
----------         ----------         --------               -------      -------  ---------------------  -------------------      -------      -------  ---------------------  -------------------  
**async_default**  clk_fpga_0         clk_fpga_0               4.964        0.000                      0                  234        0.681        0.000                      0                  234  
**async_default**  clk_fpga_1         clk_fpga_1               3.348        0.000                      0                    3        0.288        0.000                      0                    3  
**default**        clk_fpga_0                                  6.968        0.000                      0                   42                                                                        


------------------------------------------------------------------------------------------------
| Timing Details
| --------------
------------------------------------------------------------------------------------------------


---------------------------------------------------------------------------------------------------
From Clock:  clk_fpga_0
  To Clock:  clk_fpga_0

Setup :            0  Failing Endpoints,  Worst Slack        1.112ns,  Total Violation        0.000ns
Hold  :           80  Failing Endpoints,  Worst Slack       -0.194ns,  Total Violation      -14.725ns
PW    :            0  Failing Endpoints,  Worst Slack        2.750ns,  Total Violation        0.000ns
---------------------------------------------------------------------------------------------------


Max Delay Paths
--------------------------------------------------------------------------------------
Slack (MET) :             1.112ns  (required time - arrival time)
  Source:                 npu_system_i/tinynpu_0/inst/u_csr/reg_crop_xy_reg[17]/C
                            (rising edge-triggered cell FDRE clocked by clk_fpga_0  {rise@0.000ns fall@4.000ns period=8.000ns})
  Destination:            npu_system_i/tinynpu_0/inst/u_axis_sink/bytes_received_reg[10]/CE
                            (rising edge-triggered cell FDRE clocked by clk_fpga_0  {rise@0.000ns fall@4.000ns period=8.000ns})
  Path Group:             clk_fpga_0
  Path Type:              Setup (Max at Slow Process Corner)
  Requirement:            8.000ns  (clk_fpga_0 rise@8.000ns - clk_fpga_0 rise@0.000ns)
  Data Path Delay:        6.416ns  (logic 2.926ns (45.605%)  route 3.490ns (54.395%))
  Logic Levels:           10  (CARRY4=5 LUT2=2 LUT4=1 LUT5=2)
  Clock Path Skew:        -0.145ns (DCD - SCD + CPR)
    Destination Clock Delay (DCD):    1.505ns = ( 9.505 - 8.000 ) 
    Source Clock Delay      (SCD):    1.700ns
    Clock Pessimism Removal (CPR):    0.050ns
  Clock Uncertainty:      0.125ns  ((TSJ^2 + TIJ^2)^1/2 + DJ) / 2 + PE
    Total System Jitter     (TSJ):    0.071ns
    Total Input Jitter      (TIJ):    0.240ns
    Discrete Jitter          (DJ):    0.000ns
    Phase Error              (PE):    0.000ns

    Location             Delay type                Incr(ns)  Path(ns)    Netlist Resource(s)
  -------------------------------------------------------------------    -------------------
                         (clock clk_fpga_0 rise edge)
                                                      0.000     0.000 r  
    PS7_X0Y0             PS7                          0.000     0.000 r  npu_system_i/ps7/inst/PS7_i/FCLKCLK[0]
                         net (fo=1, unplaced)         0.800     0.800    npu_system_i/ps7/inst/FCLK_CLK_unbuffered[0]
                         BUFG (Prop_bufg_I_O)         0.101     0.901 r  npu_system_i/ps7/inst/buffer_fclk_clk_0.FCLK_CLK_0_BUFG/O
                         net (fo=4431, unplaced)      0.800     1.700    npu_system_i/tinynpu_0/inst/u_csr/clk
                         FDRE                                         r  npu_system_i/tinynpu_0/inst/u_csr/reg_crop_xy_reg[17]/C
  -------------------------------------------------------------------    -------------------
                         FDRE (Prop_fdre_C_Q)         0.478     2.178 r  npu_system_i/tinynpu_0/inst/u_csr/reg_crop_xy_reg[17]/Q
                         net (fo=5, unplaced)         0.498     2.676    npu_system_i/tinynpu_0/inst/u_csr/reg_crop_xy_reg[31]_0[17]
                         LUT2 (Prop_lut2_I0_O)        0.295     2.971 r  npu_system_i/tinynpu_0/inst/u_csr/s_axis_tready_i_130/O
                         net (fo=1, unplaced)         0.000     2.971    npu_system_i/tinynpu_0/inst/u_csr/s_axis_tready_i_130_n_0
                         CARRY4 (Prop_carry4_S[1]_CO[3])
                                                      0.533     3.504 r  npu_system_i/tinynpu_0/inst/u_csr/s_axis_tready_reg_i_119/CO[3]
                         net (fo=1, unplaced)         0.009     3.513    npu_system_i/tinynpu_0/inst/u_csr/s_axis_tready_reg_i_119_n_0
                         CARRY4 (Prop_carry4_CI_CO[3])
                                                      0.117     3.630 r  npu_system_i/tinynpu_0/inst/u_csr/s_axis_tready_reg_i_109/CO[3]
                         net (fo=1, unplaced)         0.000     3.630    npu_system_i/tinynpu_0/inst/u_csr/s_axis_tready_reg_i_109_n_0
                         CARRY4 (Prop_carry4_CI_CO[3])
                                                      0.117     3.747 r  npu_system_i/tinynpu_0/inst/u_csr/s_axis_tready_reg_i_91/CO[3]
                         net (fo=1, unplaced)         0.000     3.747    npu_system_i/tinynpu_0/inst/u_csr/s_axis_tready_reg_i_91_n_0
                         CARRY4 (Prop_carry4_CI_O[3])
                                                      0.331     4.078 r  npu_system_i/tinynpu_0/inst/u_csr/s_axis_tready_reg_i_75/O[3]
                         net (fo=1, unplaced)         0.618     4.696    npu_system_i/tinynpu_0/inst/u_axis_sink/s_axis_tready_reg_i_17_0[3]
                         LUT2 (Prop_lut2_I1_O)        0.307     5.003 r  npu_system_i/tinynpu_0/inst/u_axis_sink/s_axis_tready_i_44/O
                         net (fo=1, unplaced)         0.000     5.003    npu_system_i/tinynpu_0/inst/u_axis_sink/s_axis_tready_i_44_n_0
                         CARRY4 (Prop_carry4_S[3]_CO[3])
                                                      0.376     5.379 f  npu_system_i/tinynpu_0/inst/u_axis_sink/s_axis_tready_reg_i_17/CO[3]
                         net (fo=1, unplaced)         0.918     6.297    npu_system_i/tinynpu_0/inst/u_axis_sink/s_axis_tready_reg_i_17_n_0
                         LUT4 (Prop_lut4_I3_O)        0.124     6.421 r  npu_system_i/tinynpu_0/inst/u_axis_sink/s_axis_tready_i_8/O
                         net (fo=1, unplaced)         0.449     6.870    npu_system_i/tinynpu_0/inst/u_axis_sink/s_axis_tready_i_8_n_0
                         LUT5 (Prop_lut5_I4_O)        0.124     6.994 f  npu_system_i/tinynpu_0/inst/u_axis_sink/s_axis_tready_i_2/O
                         net (fo=7, unplaced)         0.484     7.478    npu_system_i/tinynpu_0/inst/u_axis_sink/s_axis_tready_i_2_n_0
                         LUT5 (Prop_lut5_I0_O)        0.124     7.602 r  npu_system_i/tinynpu_0/inst/u_axis_sink/bytes_received[10]_i_1/O
                         net (fo=9, unplaced)         0.514     8.116    npu_system_i/tinynpu_0/inst/u_axis_sink/bytes_received[10]_i_1_n_0
                         FDRE                                         r  npu_system_i/tinynpu_0/inst/u_axis_sink/bytes_received_reg[10]/CE
  -------------------------------------------------------------------    -------------------

                         (clock clk_fpga_0 rise edge)
                                                      8.000     8.000 r  
    PS7_X0Y0             PS7                          0.000     8.000 r  npu_system_i/ps7/inst/PS7_i/FCLKCLK[0]
                         net (fo=1, unplaced)         0.760     8.760    npu_system_i/ps7/inst/FCLK_CLK_unbuffered[0]
                         BUFG (Prop_bufg_I_O)         0.091     8.851 r  npu_system_i/ps7/inst/buffer_fclk_clk_0.FCLK_CLK_0_BUFG/O
                         net (fo=4431, unplaced)      0.655     9.505    npu_system_i/tinynpu_0/inst/u_axis_sink/clk
                         FDRE                                         r  npu_system_i/tinynpu_0/inst/u_axis_sink/bytes_received_reg[10]/C
                         clock pessimism              0.050     9.555    
                         clock uncertainty           -0.125     9.430    
                         FDRE (Setup_fdre_C_CE)      -0.202     9.228    npu_system_i/tinynpu_0/inst/u_axis_sink/bytes_received_reg[10]
  -------------------------------------------------------------------
                         required time                          9.228    
                         arrival time                          -8.116    
  -------------------------------------------------------------------
                         slack                                  1.112    





Min Delay Paths
--------------------------------------------------------------------------------------
Slack (VIOLATED) :        -0.194ns  (arrival time - required time)
  Source:                 npu_system_i/tinynpu_0/inst/u_csr/reg_weight_base_reg[0]/C
                            (rising edge-triggered cell FDRE clocked by clk_fpga_0  {rise@0.000ns fall@4.000ns period=8.000ns})
  Destination:            npu_system_i/tinynpu_0/inst/u_dma/m_axi_araddr_reg[0]/D
                            (rising edge-triggered cell FDRE clocked by clk_fpga_0  {rise@0.000ns fall@4.000ns period=8.000ns})
  Path Group:             clk_fpga_0
  Path Type:              Hold (Min at Slow Process Corner)
  Requirement:            0.000ns  (clk_fpga_0 rise@0.000ns - clk_fpga_0 rise@0.000ns)
  Data Path Delay:        0.713ns  (logic 0.385ns (54.016%)  route 0.328ns (45.984%))
  Logic Levels:           0  
  Clock Path Skew:        0.830ns (DCD - SCD - CPR)
    Destination Clock Delay (DCD):    2.385ns
    Source Clock Delay      (SCD):    1.505ns
    Clock Pessimism Removal (CPR):    0.050ns

    Location             Delay type                Incr(ns)  Path(ns)    Netlist Resource(s)
  -------------------------------------------------------------------    -------------------
                         (clock clk_fpga_0 rise edge)
                                                      0.000     0.000 r  
    PS7_X0Y0             PS7                          0.000     0.000 r  npu_system_i/ps7/inst/PS7_i/FCLKCLK[0]
                         net (fo=1, unplaced)         0.760     0.760    npu_system_i/ps7/inst/FCLK_CLK_unbuffered[0]
                         BUFG (Prop_bufg_I_O)         0.091     0.851 r  npu_system_i/ps7/inst/buffer_fclk_clk_0.FCLK_CLK_0_BUFG/O
                         net (fo=4431, unplaced)      0.655     1.505    npu_system_i/tinynpu_0/inst/u_csr/clk
                         FDRE                                         r  npu_system_i/tinynpu_0/inst/u_csr/reg_weight_base_reg[0]/C
  -------------------------------------------------------------------    -------------------
                         FDRE (Prop_fdre_C_Q)         0.385     1.890 r  npu_system_i/tinynpu_0/inst/u_csr/reg_weight_base_reg[0]/Q
                         net (fo=2, unplaced)         0.328     2.218    npu_system_i/tinynpu_0/inst/u_dma/m_axi_araddr_reg[31]_0[0]
                         FDRE                                         r  npu_system_i/tinynpu_0/inst/u_dma/m_axi_araddr_reg[0]/D
  -------------------------------------------------------------------    -------------------

                         (clock clk_fpga_0 rise edge)
                                                      0.000     0.000 r  
    PS7_X0Y0             PS7                          0.000     0.000 r  npu_system_i/ps7/inst/PS7_i/FCLKCLK[0]
                         net (fo=1, unplaced)         0.800     0.800    npu_system_i/ps7/inst/FCLK_CLK_unbuffered[0]
                         BUFG (Prop_bufg_I_O)         0.101     0.901 r  npu_system_i/ps7/inst/buffer_fclk_clk_0.FCLK_CLK_0_BUFG/O
                         net (fo=4431, unplaced)      0.800     1.700    npu_system_i/tinynpu_0/inst/u_icg_dma/clk
                         BUFGCTRL (Prop_bufgctrl_I0_O)
                                                      0.101     1.801 r  npu_system_i/tinynpu_0/inst/u_icg_dma/u_bufgce/O
                         net (fo=107, unplaced)       0.584     2.385    npu_system_i/tinynpu_0/inst/u_dma/CLK
                         FDRE                                         r  npu_system_i/tinynpu_0/inst/u_dma/m_axi_araddr_reg[0]/C
                         clock pessimism             -0.050     2.335    
                         FDRE (Hold_fdre_C_D)         0.077     2.412    npu_system_i/tinynpu_0/inst/u_dma/m_axi_araddr_reg[0]
  -------------------------------------------------------------------
                         required time                         -2.412    
                         arrival time                           2.218    
  -------------------------------------------------------------------
                         slack                                 -0.194    





Pulse Width Checks
--------------------------------------------------------------------------------------
Clock Name:         clk_fpga_0
Waveform(ns):       { 0.000 4.000 }
Period(ns):         8.000
Sources:            { npu_system_i/ps7/inst/PS7_i/FCLKCLK[0] }

Check Type        Corner  Lib Pin             Reference Pin  Required(ns)  Actual(ns)  Slack(ns)  Location  Pin
Min Period        n/a     RAMB36E1/CLKARDCLK  n/a            2.944         8.000       5.056                npu_system_i/riscv_adas_0/inst/firmware_bram_reg/CLKARDCLK
Low Pulse Width   Slow    RAMD32/CLK          n/a            1.250         4.000       2.750                <hidden>
High Pulse Width  Slow    RAMD32/CLK          n/a            1.250         4.000       2.750                <hidden>



---------------------------------------------------------------------------------------------------
From Clock:  clk_fpga_1
  To Clock:  clk_fpga_1

Setup :            0  Failing Endpoints,  Worst Slack        0.767ns,  Total Violation        0.000ns
Hold  :            0  Failing Endpoints,  Worst Slack        0.045ns,  Total Violation        0.000ns
PW    :            0  Failing Endpoints,  Worst Slack        0.264ns,  Total Violation        0.000ns
---------------------------------------------------------------------------------------------------


Max Delay Paths
--------------------------------------------------------------------------------------
Slack (MET) :             0.767ns  (required time - arrival time)
  Source:                 npu_system_i/dvi2rgb_0/U0/GenerateDDC.DDC_EEPROM/I2C_SlaveController/ddSda_reg/C
                            (rising edge-triggered cell FDRE clocked by clk_fpga_1  {rise@0.000ns fall@2.500ns period=5.000ns})
  Destination:            npu_system_i/dvi2rgb_0/U0/GenerateDDC.DDC_EEPROM/I2C_SlaveController/FSM_gray_state_reg[2]/D
                            (rising edge-triggered cell FDRE clocked by clk_fpga_1  {rise@0.000ns fall@2.500ns period=5.000ns})
  Path Group:             clk_fpga_1
  Path Type:              Setup (Max at Slow Process Corner)
  Requirement:            5.000ns  (clk_fpga_1 rise@5.000ns - clk_fpga_1 rise@0.000ns)
  Data Path Delay:        4.049ns  (logic 1.021ns (25.216%)  route 3.028ns (74.784%))
  Logic Levels:           3  (LUT3=1 LUT6=2)
  Clock Path Skew:        -0.145ns (DCD - SCD + CPR)
    Destination Clock Delay (DCD):    1.290ns = ( 6.290 - 5.000 ) 
    Source Clock Delay      (SCD):    1.485ns
    Clock Pessimism Removal (CPR):    0.050ns
  Clock Uncertainty:      0.083ns  ((TSJ^2 + TIJ^2)^1/2 + DJ) / 2 + PE
    Total System Jitter     (TSJ):    0.071ns
    Total Input Jitter      (TIJ):    0.150ns
    Discrete Jitter          (DJ):    0.000ns
    Phase Error              (PE):    0.000ns

    Location             Delay type                Incr(ns)  Path(ns)    Netlist Resource(s)
  -------------------------------------------------------------------    -------------------
                         (clock clk_fpga_1 rise edge)
                                                      0.000     0.000 r  
    PS7_X0Y0             PS7                          0.000     0.000 r  npu_system_i/ps7/inst/PS7_i/FCLKCLK[1]
                         net (fo=1, unplaced)         0.800     0.800    npu_system_i/ps7/inst/FCLK_CLK_unbuffered[1]
                         BUFG (Prop_bufg_I_O)         0.101     0.901 r  npu_system_i/ps7/inst/buffer_fclk_clk_1.FCLK_CLK_1_BUFG/O
                         net (fo=158, unplaced)       0.584     1.485    npu_system_i/dvi2rgb_0/U0/GenerateDDC.DDC_EEPROM/I2C_SlaveController/RefClk
                         FDRE                                         r  npu_system_i/dvi2rgb_0/U0/GenerateDDC.DDC_EEPROM/I2C_SlaveController/ddSda_reg/C
  -------------------------------------------------------------------    -------------------
                         FDRE (Prop_fdre_C_Q)         0.478     1.963 f  npu_system_i/dvi2rgb_0/U0/GenerateDDC.DDC_EEPROM/I2C_SlaveController/ddSda_reg/Q
                         net (fo=9, unplaced)         0.782     2.745    npu_system_i/dvi2rgb_0/U0/GenerateDDC.DDC_EEPROM/I2C_SlaveController/ddSda
                         LUT3 (Prop_lut3_I0_O)        0.295     3.040 f  npu_system_i/dvi2rgb_0/U0/GenerateDDC.DDC_EEPROM/I2C_SlaveController/FSM_gray_state[2]_i_7/O
                         net (fo=4, unplaced)         1.135     4.175    npu_system_i/dvi2rgb_0/U0/GenerateDDC.DDC_EEPROM/I2C_SlaveController/FSM_gray_state[2]_i_7_n_0
                         LUT6 (Prop_lut6_I0_O)        0.124     4.299 r  npu_system_i/dvi2rgb_0/U0/GenerateDDC.DDC_EEPROM/I2C_SlaveController/FSM_gray_state[2]_i_2/O
                         net (fo=1, unplaced)         1.111     5.410    npu_system_i/dvi2rgb_0/U0/GenerateDDC.DDC_EEPROM/I2C_SlaveController/FSM_gray_state[2]_i_2_n_0
                         LUT6 (Prop_lut6_I0_O)        0.124     5.534 r  npu_system_i/dvi2rgb_0/U0/GenerateDDC.DDC_EEPROM/I2C_SlaveController/FSM_gray_state[2]_i_1/O
                         net (fo=1, unplaced)         0.000     5.534    npu_system_i/dvi2rgb_0/U0/GenerateDDC.DDC_EEPROM/I2C_SlaveController/FSM_gray_state[2]_i_1_n_0
                         FDRE                                         r  npu_system_i/dvi2rgb_0/U0/GenerateDDC.DDC_EEPROM/I2C_SlaveController/FSM_gray_state_reg[2]/D
  -------------------------------------------------------------------    -------------------

                         (clock clk_fpga_1 rise edge)
                                                      5.000     5.000 r  
    PS7_X0Y0             PS7                          0.000     5.000 r  npu_system_i/ps7/inst/PS7_i/FCLKCLK[1]
                         net (fo=1, unplaced)         0.760     5.760    npu_system_i/ps7/inst/FCLK_CLK_unbuffered[1]
                         BUFG (Prop_bufg_I_O)         0.091     5.851 r  npu_system_i/ps7/inst/buffer_fclk_clk_1.FCLK_CLK_1_BUFG/O
                         net (fo=158, unplaced)       0.439     6.290    npu_system_i/dvi2rgb_0/U0/GenerateDDC.DDC_EEPROM/I2C_SlaveController/RefClk
                         FDRE                                         r  npu_system_i/dvi2rgb_0/U0/GenerateDDC.DDC_EEPROM/I2C_SlaveController/FSM_gray_state_reg[2]/C
                         clock pessimism              0.050     6.340    
                         clock uncertainty           -0.083     6.257    
                         FDRE (Setup_fdre_C_D)        0.044     6.301    npu_system_i/dvi2rgb_0/U0/GenerateDDC.DDC_EEPROM/I2C_SlaveController/FSM_gray_state_reg[2]
  -------------------------------------------------------------------
                         required time                          6.301    
                         arrival time                          -5.534    
  -------------------------------------------------------------------
                         slack                                  0.767    





Min Delay Paths
--------------------------------------------------------------------------------------
Slack (MET) :             0.045ns  (arrival time - required time)
  Source:                 npu_system_i/dvi2rgb_0/U0/DataDecoders[0].DecoderX/SyncBaseRst/SyncAsyncx/oSyncStages_reg[0]/C
                            (rising edge-triggered cell FDPE clocked by clk_fpga_1  {rise@0.000ns fall@2.500ns period=5.000ns})
  Destination:            npu_system_i/dvi2rgb_0/U0/DataDecoders[0].DecoderX/SyncBaseRst/SyncAsyncx/oSyncStages_reg[1]/D
                            (rising edge-triggered cell FDPE clocked by clk_fpga_1  {rise@0.000ns fall@2.500ns period=5.000ns})
  Path Group:             clk_fpga_1
  Path Type:              Hold (Min at Fast Process Corner)
  Requirement:            0.000ns  (clk_fpga_1 rise@0.000ns - clk_fpga_1 rise@0.000ns)
  Data Path Delay:        0.228ns  (logic 0.147ns (64.493%)  route 0.081ns (35.507%))
  Logic Levels:           0  
  Clock Path Skew:        0.145ns (DCD - SCD - CPR)
    Destination Clock Delay (DCD):    0.643ns
    Source Clock Delay      (SCD):    0.477ns
    Clock Pessimism Removal (CPR):    0.021ns

    Location             Delay type                Incr(ns)  Path(ns)    Netlist Resource(s)
  -------------------------------------------------------------------    -------------------
                         (clock clk_fpga_1 rise edge)
                                                      0.000     0.000 r  
    PS7_X0Y0             PS7                          0.000     0.000 r  npu_system_i/ps7/inst/PS7_i/FCLKCLK[1]
                         net (fo=1, unplaced)         0.337     0.337    npu_system_i/ps7/inst/FCLK_CLK_unbuffered[1]
                         BUFG (Prop_bufg_I_O)         0.026     0.363 r  npu_system_i/ps7/inst/buffer_fclk_clk_1.FCLK_CLK_1_BUFG/O
                         net (fo=158, unplaced)       0.114     0.477    npu_system_i/dvi2rgb_0/U0/DataDecoders[0].DecoderX/SyncBaseRst/SyncAsyncx/RefClk
                         FDPE                                         r  npu_system_i/dvi2rgb_0/U0/DataDecoders[0].DecoderX/SyncBaseRst/SyncAsyncx/oSyncStages_reg[0]/C
  -------------------------------------------------------------------    -------------------
                         FDPE (Prop_fdpe_C_Q)         0.147     0.624 r  npu_system_i/dvi2rgb_0/U0/DataDecoders[0].DecoderX/SyncBaseRst/SyncAsyncx/oSyncStages_reg[0]/Q
                         net (fo=1, unplaced)         0.081     0.705    npu_system_i/dvi2rgb_0/U0/DataDecoders[0].DecoderX/SyncBaseRst/SyncAsyncx/oSyncStages[0]
                         FDPE                                         r  npu_system_i/dvi2rgb_0/U0/DataDecoders[0].DecoderX/SyncBaseRst/SyncAsyncx/oSyncStages_reg[1]/D
  -------------------------------------------------------------------    -------------------

                         (clock clk_fpga_1 rise edge)
                                                      0.000     0.000 r  
    PS7_X0Y0             PS7                          0.000     0.000 r  npu_system_i/ps7/inst/PS7_i/FCLKCLK[1]
                         net (fo=1, unplaced)         0.355     0.355    npu_system_i/ps7/inst/FCLK_CLK_unbuffered[1]
                         BUFG (Prop_bufg_I_O)         0.029     0.384 r  npu_system_i/ps7/inst/buffer_fclk_clk_1.FCLK_CLK_1_BUFG/O
                         net (fo=158, unplaced)       0.259     0.643    npu_system_i/dvi2rgb_0/U0/DataDecoders[0].DecoderX/SyncBaseRst/SyncAsyncx/RefClk
                         FDPE                                         r  npu_system_i/dvi2rgb_0/U0/DataDecoders[0].DecoderX/SyncBaseRst/SyncAsyncx/oSyncStages_reg[1]/C
                         clock pessimism             -0.021     0.622    
                         FDPE (Hold_fdpe_C_D)         0.038     0.660    npu_system_i/dvi2rgb_0/U0/DataDecoders[0].DecoderX/SyncBaseRst/SyncAsyncx/oSyncStages_reg[1]
  -------------------------------------------------------------------
                         required time                         -0.660    
                         arrival time                           0.705    
  -------------------------------------------------------------------
                         slack                                  0.045    





Pulse Width Checks
--------------------------------------------------------------------------------------
Clock Name:         clk_fpga_1
Waveform(ns):       { 0.000 2.500 }
Period(ns):         5.000
Sources:            { npu_system_i/ps7/inst/PS7_i/FCLKCLK[1] }

Check Type        Corner  Lib Pin            Reference Pin  Required(ns)  Actual(ns)  Slack(ns)  Location  Pin
Min Period        n/a     IDELAYCTRL/REFCLK  n/a            3.225         5.000       1.775                npu_system_i/dvi2rgb_0/U0/TMDS_ClockingX/IDelayCtrlX/REFCLK
Max Period        n/a     IDELAYCTRL/REFCLK  n/a            5.264         5.000       0.264                npu_system_i/dvi2rgb_0/U0/TMDS_ClockingX/IDelayCtrlX/REFCLK
Low Pulse Width   Slow    FDRE/C             n/a            0.500         2.500       2.000                npu_system_i/dvi2rgb_0/U0/DataDecoders[0].DecoderX/rTimeoutCnt_reg[0]/C
High Pulse Width  Slow    FDRE/C             n/a            0.500         2.500       2.000                npu_system_i/dvi2rgb_0/U0/DataDecoders[0].DecoderX/rTimeoutCnt_reg[0]/C



---------------------------------------------------------------------------------------------------
From Clock:  
  To Clock:  clk_fpga_0

Setup :            0  Failing Endpoints,  Worst Slack      998.968ns,  Total Violation        0.000ns
Hold  :           NA  Failing Endpoints,  Worst Slack           NA  ,  Total Violation           NA
---------------------------------------------------------------------------------------------------


Max Delay Paths
--------------------------------------------------------------------------------------
Slack (MET) :             998.968ns  (required time - arrival time)
  Source:                 npu_system_i/vid_in/inst/COUPLER_INST/generate_async_fifo.FIFO_INST/XPM_FIFO_ASYNC_INST/gnuram_async_fifo.xpm_fifo_base_inst/gen_cdc_pntr.wr_pntr_cdc_dc_inst/src_gray_ff_reg[0]/C
                            (rising edge-triggered cell FDRE)
  Destination:            npu_system_i/vid_in/inst/COUPLER_INST/generate_async_fifo.FIFO_INST/XPM_FIFO_ASYNC_INST/gnuram_async_fifo.xpm_fifo_base_inst/gen_cdc_pntr.wr_pntr_cdc_dc_inst/dest_graysync_ff_reg[0][0]/D
                            (rising edge-triggered cell FDRE clocked by clk_fpga_0  {rise@0.000ns fall@4.000ns period=8.000ns})
  Path Group:             clk_fpga_0
  Path Type:              Setup (Max at Slow Process Corner)
  Requirement:            1000.000ns  (MaxDelay Path 1000.000ns)
  Data Path Delay:        0.812ns  (logic 0.478ns (58.867%)  route 0.334ns (41.133%))
  Logic Levels:           1  (FDRE=1)
  Timing Exception:       MaxDelay Path 1000.000ns -datapath_only

    Location             Delay type                Incr(ns)  Path(ns)    Netlist Resource(s)
  -------------------------------------------------------------------    -------------------
                         FDRE                         0.000     0.000 r  npu_system_i/vid_in/inst/COUPLER_INST/generate_async_fifo.FIFO_INST/XPM_FIFO_ASYNC_INST/gnuram_async_fifo.xpm_fifo_base_inst/gen_cdc_pntr.wr_pntr_cdc_dc_inst/src_gray_ff_reg[0]/C
                         FDRE (Prop_fdre_C_Q)         0.478     0.478 r  npu_system_i/vid_in/inst/COUPLER_INST/generate_async_fifo.FIFO_INST/XPM_FIFO_ASYNC_INST/gnuram_async_fifo.xpm_fifo_base_inst/gen_cdc_pntr.wr_pntr_cdc_dc_inst/src_gray_ff_reg[0]/Q
                         net (fo=1, unplaced)         0.334     0.812    npu_system_i/vid_in/inst/COUPLER_INST/generate_async_fifo.FIFO_INST/XPM_FIFO_ASYNC_INST/gnuram_async_fifo.xpm_fifo_base_inst/gen_cdc_pntr.wr_pntr_cdc_dc_inst/async_path[0]
                         FDRE                                         r  npu_system_i/vid_in/inst/COUPLER_INST/generate_async_fifo.FIFO_INST/XPM_FIFO_ASYNC_INST/gnuram_async_fifo.xpm_fifo_base_inst/gen_cdc_pntr.wr_pntr_cdc_dc_inst/dest_graysync_ff_reg[0][0]/D
  -------------------------------------------------------------------    -------------------

                         max delay                 1000.000  1000.000    
                         FDRE (Setup_fdre_C_D)       -0.220   999.780    npu_system_i/vid_in/inst/COUPLER_INST/generate_async_fifo.FIFO_INST/XPM_FIFO_ASYNC_INST/gnuram_async_fifo.xpm_fifo_base_inst/gen_cdc_pntr.wr_pntr_cdc_dc_inst/dest_graysync_ff_reg[0][0]
  -------------------------------------------------------------------
                         required time                        999.780    
                         arrival time                          -0.812    
  -------------------------------------------------------------------
                         slack                                998.968    





---------------------------------------------------------------------------------------------------
Path Group:  **async_default**
From Clock:  clk_fpga_0
  To Clock:  clk_fpga_0

Setup :            0  Failing Endpoints,  Worst Slack        4.964ns,  Total Violation        0.000ns
Hold  :            0  Failing Endpoints,  Worst Slack        0.681ns,  Total Violation        0.000ns
---------------------------------------------------------------------------------------------------


Max Delay Paths
--------------------------------------------------------------------------------------
Slack (MET) :             4.964ns  (required time - arrival time)
  Source:                 <hidden>
                            (rising edge-triggered cell FDRE clocked by clk_fpga_0  {rise@0.000ns fall@4.000ns period=8.000ns})
  Destination:            <hidden>
                            (recovery check against rising-edge clock clk_fpga_0  {rise@0.000ns fall@4.000ns period=8.000ns})
  Path Group:             **async_default**
  Path Type:              Recovery (Max at Slow Process Corner)
  Requirement:            8.000ns  (clk_fpga_0 rise@8.000ns - clk_fpga_0 rise@0.000ns)
  Data Path Delay:        2.372ns  (logic 0.773ns (32.589%)  route 1.599ns (67.411%))
  Logic Levels:           1  (LUT3=1)
  Clock Path Skew:        -0.145ns (DCD - SCD + CPR)
    Destination Clock Delay (DCD):    1.505ns = ( 9.505 - 8.000 ) 
    Source Clock Delay      (SCD):    1.700ns
    Clock Pessimism Removal (CPR):    0.050ns
  Clock Uncertainty:      0.125ns  ((TSJ^2 + TIJ^2)^1/2 + DJ) / 2 + PE
    Total System Jitter     (TSJ):    0.071ns
    Total Input Jitter      (TIJ):    0.240ns
    Discrete Jitter          (DJ):    0.000ns
    Phase Error              (PE):    0.000ns

    Location             Delay type                Incr(ns)  Path(ns)    Netlist Resource(s)
  -------------------------------------------------------------------    -------------------
                         (clock clk_fpga_0 rise edge)
                                                      0.000     0.000 r  
    PS7_X0Y0             PS7                          0.000     0.000 r  npu_system_i/ps7/inst/PS7_i/FCLKCLK[0]
                         net (fo=1, unplaced)         0.800     0.800    npu_system_i/ps7/inst/FCLK_CLK_unbuffered[0]
                         BUFG (Prop_bufg_I_O)         0.101     0.901 r  npu_system_i/ps7/inst/buffer_fclk_clk_0.FCLK_CLK_0_BUFG/O
                         net (fo=4431, unplaced)      0.800     1.700    <hidden>
                         FDRE                                         r  <hidden>
  -------------------------------------------------------------------    -------------------
                         FDRE (Prop_fdre_C_Q)         0.478     2.178 f  <hidden>
                         net (fo=2, unplaced)         0.752     2.930    <hidden>
                         LUT3 (Prop_lut3_I0_O)        0.295     3.225 f  <hidden>
                         net (fo=32, unplaced)        0.847     4.072    <hidden>
                         FDPE                                         f  <hidden>
  -------------------------------------------------------------------    -------------------

                         (clock clk_fpga_0 rise edge)
                                                      8.000     8.000 r  
    PS7_X0Y0             PS7                          0.000     8.000 r  npu_system_i/ps7/inst/PS7_i/FCLKCLK[0]
                         net (fo=1, unplaced)         0.760     8.760    npu_system_i/ps7/inst/FCLK_CLK_unbuffered[0]
                         BUFG (Prop_bufg_I_O)         0.091     8.851 r  npu_system_i/ps7/inst/buffer_fclk_clk_0.FCLK_CLK_0_BUFG/O
                         net (fo=4431, unplaced)      0.655     9.505    <hidden>
                         FDPE                                         r  <hidden>
                         clock pessimism              0.050     9.555    
                         clock uncertainty           -0.125     9.430    
                         FDPE (Recov_fdpe_C_PRE)     -0.394     9.036    <hidden>
  -------------------------------------------------------------------
                         required time                          9.036    
                         arrival time                          -4.072    
  -------------------------------------------------------------------
                         slack                                  4.964    





Min Delay Paths
--------------------------------------------------------------------------------------
Slack (MET) :             0.681ns  (arrival time - required time)
  Source:                 <hidden>
                            (rising edge-triggered cell FDPE clocked by clk_fpga_0  {rise@0.000ns fall@4.000ns period=8.000ns})
  Destination:            <hidden>
                            (removal check against rising-edge clock clk_fpga_0  {rise@0.000ns fall@4.000ns period=8.000ns})
  Path Group:             **async_default**
  Path Type:              Removal (Min at Fast Process Corner)
  Requirement:            0.000ns  (clk_fpga_0 rise@0.000ns - clk_fpga_0 rise@0.000ns)
  Data Path Delay:        0.738ns  (logic 0.245ns (33.190%)  route 0.493ns (66.810%))
  Logic Levels:           1  (LUT3=1)
  Clock Path Skew:        0.145ns (DCD - SCD - CPR)
    Destination Clock Delay (DCD):    0.739ns
    Source Clock Delay      (SCD):    0.573ns
    Clock Pessimism Removal (CPR):    0.021ns

    Location             Delay type                Incr(ns)  Path(ns)    Netlist Resource(s)
  -------------------------------------------------------------------    -------------------
                         (clock clk_fpga_0 rise edge)
                                                      0.000     0.000 r  
    PS7_X0Y0             PS7                          0.000     0.000 r  npu_system_i/ps7/inst/PS7_i/FCLKCLK[0]
                         net (fo=1, unplaced)         0.337     0.337    npu_system_i/ps7/inst/FCLK_CLK_unbuffered[0]
                         BUFG (Prop_bufg_I_O)         0.026     0.363 r  npu_system_i/ps7/inst/buffer_fclk_clk_0.FCLK_CLK_0_BUFG/O
                         net (fo=4431, unplaced)      0.210     0.573    <hidden>
                         FDPE                                         r  <hidden>
  -------------------------------------------------------------------    -------------------
                         FDPE (Prop_fdpe_C_Q)         0.147     0.720 f  <hidden>
                         net (fo=2, unplaced)         0.136     0.856    <hidden>
                         LUT3 (Prop_lut3_I2_O)        0.098     0.954 f  <hidden>
                         net (fo=33, unplaced)        0.357     1.311    <hidden>
                         FDCE                                         f  <hidden>
  -------------------------------------------------------------------    -------------------

                         (clock clk_fpga_0 rise edge)
                                                      0.000     0.000 r  
    PS7_X0Y0             PS7                          0.000     0.000 r  npu_system_i/ps7/inst/PS7_i/FCLKCLK[0]
                         net (fo=1, unplaced)         0.355     0.355    npu_system_i/ps7/inst/FCLK_CLK_unbuffered[0]
                         BUFG (Prop_bufg_I_O)         0.029     0.384 r  npu_system_i/ps7/inst/buffer_fclk_clk_0.FCLK_CLK_0_BUFG/O
                         net (fo=4431, unplaced)      0.355     0.739    <hidden>
                         FDCE                                         r  <hidden>
                         clock pessimism             -0.021     0.718    
                         FDCE (Remov_fdce_C_CLR)     -0.088     0.630    <hidden>
  -------------------------------------------------------------------
                         required time                         -0.630    
                         arrival time                           1.311    
  -------------------------------------------------------------------
                         slack                                  0.681    





---------------------------------------------------------------------------------------------------
Path Group:  **async_default**
From Clock:  clk_fpga_1
  To Clock:  clk_fpga_1

Setup :            0  Failing Endpoints,  Worst Slack        3.348ns,  Total Violation        0.000ns
Hold  :            0  Failing Endpoints,  Worst Slack        0.288ns,  Total Violation        0.000ns
---------------------------------------------------------------------------------------------------


Max Delay Paths
--------------------------------------------------------------------------------------
Slack (MET) :             3.348ns  (required time - arrival time)
  Source:                 npu_system_i/dvi2rgb_0/U0/TMDS_ClockingX/LockLostReset/SyncAsyncx/oSyncStages_reg[1]/C
                            (rising edge-triggered cell FDPE clocked by clk_fpga_1  {rise@0.000ns fall@2.500ns period=5.000ns})
  Destination:            npu_system_i/dvi2rgb_0/U0/TMDS_ClockingX/rMMCM_Reset_q_reg[0]/PRE
                            (recovery check against rising-edge clock clk_fpga_1  {rise@0.000ns fall@2.500ns period=5.000ns})
  Path Group:             **async_default**
  Path Type:              Recovery (Max at Slow Process Corner)
  Requirement:            5.000ns  (clk_fpga_1 rise@5.000ns - clk_fpga_1 rise@0.000ns)
  Data Path Delay:        0.859ns  (logic 0.478ns (55.646%)  route 0.381ns (44.354%))
  Logic Levels:           0  
  Clock Path Skew:        -0.145ns (DCD - SCD + CPR)
    Destination Clock Delay (DCD):    1.290ns = ( 6.290 - 5.000 ) 
    Source Clock Delay      (SCD):    1.485ns
    Clock Pessimism Removal (CPR):    0.050ns
  Clock Uncertainty:      0.083ns  ((TSJ^2 + TIJ^2)^1/2 + DJ) / 2 + PE
    Total System Jitter     (TSJ):    0.071ns
    Total Input Jitter      (TIJ):    0.150ns
    Discrete Jitter          (DJ):    0.000ns
    Phase Error              (PE):    0.000ns

    Location             Delay type                Incr(ns)  Path(ns)    Netlist Resource(s)
  -------------------------------------------------------------------    -------------------
                         (clock clk_fpga_1 rise edge)
                                                      0.000     0.000 r  
    PS7_X0Y0             PS7                          0.000     0.000 r  npu_system_i/ps7/inst/PS7_i/FCLKCLK[1]
                         net (fo=1, unplaced)         0.800     0.800    npu_system_i/ps7/inst/FCLK_CLK_unbuffered[1]
                         BUFG (Prop_bufg_I_O)         0.101     0.901 r  npu_system_i/ps7/inst/buffer_fclk_clk_1.FCLK_CLK_1_BUFG/O
                         net (fo=158, unplaced)       0.584     1.485    npu_system_i/dvi2rgb_0/U0/TMDS_ClockingX/LockLostReset/SyncAsyncx/RefClk
                         FDPE                                         r  npu_system_i/dvi2rgb_0/U0/TMDS_ClockingX/LockLostReset/SyncAsyncx/oSyncStages_reg[1]/C
  -------------------------------------------------------------------    -------------------
                         FDPE (Prop_fdpe_C_Q)         0.478     1.963 f  npu_system_i/dvi2rgb_0/U0/TMDS_ClockingX/LockLostReset/SyncAsyncx/oSyncStages_reg[1]/Q
                         net (fo=8, unplaced)         0.381     2.344    npu_system_i/dvi2rgb_0/U0/TMDS_ClockingX/rLockLostRst
                         FDPE                                         f  npu_system_i/dvi2rgb_0/U0/TMDS_ClockingX/rMMCM_Reset_q_reg[0]/PRE
  -------------------------------------------------------------------    -------------------

                         (clock clk_fpga_1 rise edge)
                                                      5.000     5.000 r  
    PS7_X0Y0             PS7                          0.000     5.000 r  npu_system_i/ps7/inst/PS7_i/FCLKCLK[1]
                         net (fo=1, unplaced)         0.760     5.760    npu_system_i/ps7/inst/FCLK_CLK_unbuffered[1]
                         BUFG (Prop_bufg_I_O)         0.091     5.851 r  npu_system_i/ps7/inst/buffer_fclk_clk_1.FCLK_CLK_1_BUFG/O
                         net (fo=158, unplaced)       0.439     6.290    npu_system_i/dvi2rgb_0/U0/TMDS_ClockingX/RefClk
                         FDPE                                         r  npu_system_i/dvi2rgb_0/U0/TMDS_ClockingX/rMMCM_Reset_q_reg[0]/C
                         clock pessimism              0.050     6.340    
                         clock uncertainty           -0.083     6.257    
                         FDPE (Recov_fdpe_C_PRE)     -0.565     5.692    npu_system_i/dvi2rgb_0/U0/TMDS_ClockingX/rMMCM_Reset_q_reg[0]
  -------------------------------------------------------------------
                         required time                          5.692    
                         arrival time                          -2.344    
  -------------------------------------------------------------------
                         slack                                  3.348    





Min Delay Paths
--------------------------------------------------------------------------------------
Slack (MET) :             0.288ns  (arrival time - required time)
  Source:                 npu_system_i/dvi2rgb_0/U0/TMDS_ClockingX/RdyLostReset/SyncAsyncx/oSyncStages_reg[1]/C
                            (rising edge-triggered cell FDPE clocked by clk_fpga_1  {rise@0.000ns fall@2.500ns period=5.000ns})
  Destination:            npu_system_i/dvi2rgb_0/U0/TMDS_ClockingX/aLocked_reg/CLR
                            (removal check against rising-edge clock clk_fpga_1  {rise@0.000ns fall@2.500ns period=5.000ns})
  Path Group:             **async_default**
  Path Type:              Removal (Min at Fast Process Corner)
  Requirement:            0.000ns  (clk_fpga_1 rise@0.000ns - clk_fpga_1 rise@0.000ns)
  Data Path Delay:        0.292ns  (logic 0.147ns (50.415%)  route 0.145ns (49.585%))
  Logic Levels:           0  
  Clock Path Skew:        0.145ns (DCD - SCD - CPR)
    Destination Clock Delay (DCD):    0.643ns
    Source Clock Delay      (SCD):    0.477ns
    Clock Pessimism Removal (CPR):    0.021ns

    Location             Delay type                Incr(ns)  Path(ns)    Netlist Resource(s)
  -------------------------------------------------------------------    -------------------
                         (clock clk_fpga_1 rise edge)
                                                      0.000     0.000 r  
    PS7_X0Y0             PS7                          0.000     0.000 r  npu_system_i/ps7/inst/PS7_i/FCLKCLK[1]
                         net (fo=1, unplaced)         0.337     0.337    npu_system_i/ps7/inst/FCLK_CLK_unbuffered[1]
                         BUFG (Prop_bufg_I_O)         0.026     0.363 r  npu_system_i/ps7/inst/buffer_fclk_clk_1.FCLK_CLK_1_BUFG/O
                         net (fo=158, unplaced)       0.114     0.477    npu_system_i/dvi2rgb_0/U0/TMDS_ClockingX/RdyLostReset/SyncAsyncx/RefClk
                         FDPE                                         r  npu_system_i/dvi2rgb_0/U0/TMDS_ClockingX/RdyLostReset/SyncAsyncx/oSyncStages_reg[1]/C
  -------------------------------------------------------------------    -------------------
                         FDPE (Prop_fdpe_C_Q)         0.147     0.624 f  npu_system_i/dvi2rgb_0/U0/TMDS_ClockingX/RdyLostReset/SyncAsyncx/oSyncStages_reg[1]/Q
                         net (fo=1, unplaced)         0.145     0.769    npu_system_i/dvi2rgb_0/U0/TMDS_ClockingX/RdyLostReset_n_0
                         FDCE                                         f  npu_system_i/dvi2rgb_0/U0/TMDS_ClockingX/aLocked_reg/CLR
  -------------------------------------------------------------------    -------------------

                         (clock clk_fpga_1 rise edge)
                                                      0.000     0.000 r  
    PS7_X0Y0             PS7                          0.000     0.000 r  npu_system_i/ps7/inst/PS7_i/FCLKCLK[1]
                         net (fo=1, unplaced)         0.355     0.355    npu_system_i/ps7/inst/FCLK_CLK_unbuffered[1]
                         BUFG (Prop_bufg_I_O)         0.029     0.384 r  npu_system_i/ps7/inst/buffer_fclk_clk_1.FCLK_CLK_1_BUFG/O
                         net (fo=158, unplaced)       0.259     0.643    npu_system_i/dvi2rgb_0/U0/TMDS_ClockingX/RefClk
                         FDCE                                         r  npu_system_i/dvi2rgb_0/U0/TMDS_ClockingX/aLocked_reg/C
                         clock pessimism             -0.021     0.622    
                         FDCE (Remov_fdce_C_CLR)     -0.141     0.481    npu_system_i/dvi2rgb_0/U0/TMDS_ClockingX/aLocked_reg
  -------------------------------------------------------------------
                         required time                         -0.481    
                         arrival time                           0.769    
  -------------------------------------------------------------------
                         slack                                  0.288    





---------------------------------------------------------------------------------------------------
Path Group:  **default**
From Clock:  clk_fpga_0
  To Clock:  

Setup :            0  Failing Endpoints,  Worst Slack        6.968ns,  Total Violation        0.000ns
Hold  :           NA  Failing Endpoints,  Worst Slack           NA  ,  Total Violation           NA
---------------------------------------------------------------------------------------------------


Max Delay Paths
--------------------------------------------------------------------------------------
Slack (MET) :             6.968ns  (required time - arrival time)
  Source:                 npu_system_i/vid_in/inst/COUPLER_INST/generate_async_fifo.FIFO_INST/XPM_FIFO_ASYNC_INST/gnuram_async_fifo.xpm_fifo_base_inst/gen_cdc_pntr.rd_pntr_cdc_dc_inst/src_gray_ff_reg[0]/C
                            (rising edge-triggered cell FDRE clocked by clk_fpga_0  {rise@0.000ns fall@4.000ns period=8.000ns})
  Destination:            npu_system_i/vid_in/inst/COUPLER_INST/generate_async_fifo.FIFO_INST/XPM_FIFO_ASYNC_INST/gnuram_async_fifo.xpm_fifo_base_inst/gen_cdc_pntr.rd_pntr_cdc_dc_inst/dest_graysync_ff_reg[0][0]/D
  Path Group:             **default**
  Path Type:              Setup (Max at Slow Process Corner)
  Requirement:            8.000ns  (MaxDelay Path 8.000ns)
  Data Path Delay:        0.812ns  (logic 0.478ns (58.867%)  route 0.334ns (41.133%))
  Logic Levels:           0  
  Timing Exception:       MaxDelay Path 8.000ns -datapath_only

    Location             Delay type                Incr(ns)  Path(ns)    Netlist Resource(s)
  -------------------------------------------------------------------    -------------------
                                                      0.000     0.000 r  npu_system_i/vid_in/inst/COUPLER_INST/generate_async_fifo.FIFO_INST/XPM_FIFO_ASYNC_INST/gnuram_async_fifo.xpm_fifo_base_inst/gen_cdc_pntr.rd_pntr_cdc_dc_inst/src_gray_ff_reg[0]/C
                         FDRE (Prop_fdre_C_Q)         0.478     0.478 r  npu_system_i/vid_in/inst/COUPLER_INST/generate_async_fifo.FIFO_INST/XPM_FIFO_ASYNC_INST/gnuram_async_fifo.xpm_fifo_base_inst/gen_cdc_pntr.rd_pntr_cdc_dc_inst/src_gray_ff_reg[0]/Q
                         net (fo=1, unplaced)         0.334     0.812    npu_system_i/vid_in/inst/COUPLER_INST/generate_async_fifo.FIFO_INST/XPM_FIFO_ASYNC_INST/gnuram_async_fifo.xpm_fifo_base_inst/gen_cdc_pntr.rd_pntr_cdc_dc_inst/async_path[0]
                         FDRE                                         r  npu_system_i/vid_in/inst/COUPLER_INST/generate_async_fifo.FIFO_INST/XPM_FIFO_ASYNC_INST/gnuram_async_fifo.xpm_fifo_base_inst/gen_cdc_pntr.rd_pntr_cdc_dc_inst/dest_graysync_ff_reg[0][0]/D
  -------------------------------------------------------------------    -------------------

                         max delay                    8.000     8.000    
                         FDRE (Setup_fdre_C_D)       -0.220     7.780    npu_system_i/vid_in/inst/COUPLER_INST/generate_async_fifo.FIFO_INST/XPM_FIFO_ASYNC_INST/gnuram_async_fifo.xpm_fifo_base_inst/gen_cdc_pntr.rd_pntr_cdc_dc_inst/dest_graysync_ff_reg[0][0]
  -------------------------------------------------------------------
                         required time                          7.780    
                         arrival time                          -0.812    
  -------------------------------------------------------------------
                         slack                                  6.968    





