Copyright 1986-2022 Xilinx, Inc. All Rights Reserved. Copyright 2022-2025 Advanced Micro Devices, Inc. All Rights Reserved.
---------------------------------------------------------------------------------------------------------------------------------------------
| Tool Version : Vivado v.2025.1 (win64) Build 6140274 Thu May 22 00:12:29 MDT 2025
| Date         : Mon Aug 17 10:13:32 2026
| Host         : TMP215-54 running 64-bit major release  (build 9200)
| Command      : report_timing_summary -file X:/reports/RISCV_ADAS_PURE_PL_Timing.rpt
| Design       : npu_system_wrapper
| Device       : 7z020-clg400
| Speed File   : -1  PRODUCTION 1.12 2019-11-22
| Design State : Synthesized
---------------------------------------------------------------------------------------------------------------------------------------------

Timing Summary Report

------------------------------------------------------------------------------------------------
| Timer Settings
| --------------
------------------------------------------------------------------------------------------------

  Enable Multi Corner Analysis               :  Yes
  Enable Pessimism Removal                   :  Yes
  Pessimism Removal Resolution               :  Nearest Common Node
  Enable Input Delay Default Clock           :  No
  Enable Preset / Clear Arcs                 :  No
  Disable Flight Delays                      :  No
  Ignore I/O Paths                           :  No
  Timing Early Launch at Borrowing Latches   :  No
  Borrow Time for Max Delay Exceptions       :  Yes
  Merge Timing Exceptions                    :  Yes
  Inter-SLR Compensation                     :  Conservative

  Corner  Analyze    Analyze    
  Name    Max Paths  Min Paths  
  ------  ---------  ---------  
  Slow    Yes        Yes        
  Fast    Yes        Yes        


------------------------------------------------------------------------------------------------
| Report Methodology
| ------------------
------------------------------------------------------------------------------------------------

No report available as report_methodology has not been run prior. Run report_methodology on the current design for the summary of methodology violations.



check_timing report

Table of Contents
-----------------
1. checking no_clock (4921)
2. checking constant_clock (0)
3. checking pulse_width_clock (0)
4. checking unconstrained_internal_endpoints (10831)
5. checking no_input_delay (6)
6. checking no_output_delay (10)
7. checking multiple_clock (0)
8. checking generated_clocks (0)
9. checking loops (0)
10. checking partial_input_delay (0)
11. checking partial_output_delay (0)
12. checking latch_loops (0)

1. checking no_clock (4921)
---------------------------
 There are 4921 register/latch pins with no clock driven by root clock pin: TMDS_RX_clk_p (HIGH)


2. checking constant_clock (0)
------------------------------
 There are 0 register/latch pins with constant_clock.


3. checking pulse_width_clock (0)
---------------------------------
 There are 0 register/latch pins which need pulse_width check


4. checking unconstrained_internal_endpoints (10831)
----------------------------------------------------
 There are 10825 pins that are not constrained for maximum delay. (HIGH)

 There are 6 pins that are not constrained for maximum delay due to constant clock. (MEDIUM)


5. checking no_input_delay (6)
------------------------------
 There are 6 input ports with no input delay specified. (HIGH)

 There are 0 input ports with no input delay but user has a false path constraint.


6. checking no_output_delay (10)
--------------------------------
 There are 10 ports with no output delay specified. (HIGH)

 There are 0 ports with no output delay but user has a false path constraint

 There are 0 ports with no output delay but with a timing clock defined on it or propagating through it


7. checking multiple_clock (0)
------------------------------
 There are 0 register/latch pins with multiple clocks.


8. checking generated_clocks (0)
--------------------------------
 There are 0 generated clocks that are not connected to a clock source.


9. checking loops (0)
---------------------
 There are 0 combinational loops in the design.


10. checking partial_input_delay (0)
------------------------------------
 There are 0 input ports with partial input delay specified.


11. checking partial_output_delay (0)
-------------------------------------
 There are 0 ports with partial output delay specified.


12. checking latch_loops (0)
----------------------------
 There are 0 combinational latch loops in the design through latch input



------------------------------------------------------------------------------------------------
| Design Timing Summary
| ---------------------
------------------------------------------------------------------------------------------------

    WNS(ns)      TNS(ns)  TNS Failing Endpoints  TNS Total Endpoints      WHS(ns)      THS(ns)  THS Failing Endpoints  THS Total Endpoints     WPWS(ns)     TPWS(ns)  TPWS Failing Endpoints  TPWS Total Endpoints  
    -------      -------  ---------------------  -------------------      -------      -------  ---------------------  -------------------     --------     --------  ----------------------  --------------------  
      0.783        0.000                      0                 5715       -0.194      -14.725                     80                 5631        0.264        0.000                       0                  2997  


Timing constraints are not met.


------------------------------------------------------------------------------------------------
| Clock Summary
| -------------
------------------------------------------------------------------------------------------------

Clock                              Waveform(ns)         Period(ns)      Frequency(MHz)
-----                              ------------         ----------      --------------
sysclk                             {0.000 5.000}        10.000          100.000         
  clk_out1_npu_system_clk_wiz_0_0  {0.000 4.000}        8.000           125.000         
  clk_out2_npu_system_clk_wiz_0_0  {0.000 2.500}        5.000           200.000         
  clkfbout_npu_system_clk_wiz_0_0  {0.000 5.000}        10.000          100.000         


------------------------------------------------------------------------------------------------
| Intra Clock Table
| -----------------
------------------------------------------------------------------------------------------------

Clock                                  WNS(ns)      TNS(ns)  TNS Failing Endpoints  TNS Total Endpoints      WHS(ns)      THS(ns)  THS Failing Endpoints  THS Total Endpoints     WPWS(ns)     TPWS(ns)  TPWS Failing Endpoints  TPWS Total Endpoints  
-----                                  -------      -------  ---------------------  -------------------      -------      -------  ---------------------  -------------------     --------     --------  ----------------------  --------------------  
sysclk                                                                                                                                                                               3.000        0.000                       0                     1  
  clk_out1_npu_system_clk_wiz_0_0        1.165        0.000                      0                 5150       -0.194      -14.725                     80                 5150        2.750        0.000                       0                  2833  
  clk_out2_npu_system_clk_wiz_0_0        0.783        0.000                      0                  340        0.045        0.000                      0                  340        0.264        0.000                       0                   160  
  clkfbout_npu_system_clk_wiz_0_0                                                                                                                                                    7.845        0.000                       0                     3  


------------------------------------------------------------------------------------------------
| Inter Clock Table
| -----------------
------------------------------------------------------------------------------------------------

From Clock                       To Clock                             WNS(ns)      TNS(ns)  TNS Failing Endpoints  TNS Total Endpoints      WHS(ns)      THS(ns)  THS Failing Endpoints  THS Total Endpoints  
----------                       --------                             -------      -------  ---------------------  -------------------      -------      -------  ---------------------  -------------------  
                                 clk_out1_npu_system_clk_wiz_0_0      998.968        0.000                      0                   42                                                                        


------------------------------------------------------------------------------------------------
| Other Path Groups Table
| -----------------------
------------------------------------------------------------------------------------------------

Path Group                       From Clock                       To Clock                             WNS(ns)      TNS(ns)  TNS Failing Endpoints  TNS Total Endpoints      WHS(ns)      THS(ns)  THS Failing Endpoints  THS Total Endpoints  
----------                       ----------                       --------                             -------      -------  ---------------------  -------------------      -------      -------  ---------------------  -------------------  
**async_default**                clk_out1_npu_system_clk_wiz_0_0  clk_out1_npu_system_clk_wiz_0_0        5.374        0.000                      0                  138        0.729        0.000                      0                  138  
**async_default**                clk_out2_npu_system_clk_wiz_0_0  clk_out2_npu_system_clk_wiz_0_0        3.364        0.000                      0                    3        0.288        0.000                      0                    3  
**default**                      clk_out1_npu_system_clk_wiz_0_0                                         6.968        0.000                      0                   42                                                                        


------------------------------------------------------------------------------------------------
| Timing Details
| --------------
------------------------------------------------------------------------------------------------


---------------------------------------------------------------------------------------------------
From Clock:  sysclk
  To Clock:  sysclk

Setup :           NA  Failing Endpoints,  Worst Slack           NA  ,  Total Violation           NA
Hold  :           NA  Failing Endpoints,  Worst Slack           NA  ,  Total Violation           NA
PW    :            0  Failing Endpoints,  Worst Slack        3.000ns,  Total Violation        0.000ns
---------------------------------------------------------------------------------------------------


Pulse Width Checks
--------------------------------------------------------------------------------------
Clock Name:         sysclk
Waveform(ns):       { 0.000 5.000 }
Period(ns):         10.000
Sources:            { sysclk }

Check Type        Corner  Lib Pin            Reference Pin  Required(ns)  Actual(ns)  Slack(ns)  Location  Pin
Min Period        n/a     MMCME2_ADV/CLKIN1  n/a            1.249         10.000      8.751                npu_system_i/clk_wiz_0/inst/mmcm_adv_inst/CLKIN1
Max Period        n/a     MMCME2_ADV/CLKIN1  n/a            100.000       10.000      90.000               npu_system_i/clk_wiz_0/inst/mmcm_adv_inst/CLKIN1
Low Pulse Width   Slow    MMCME2_ADV/CLKIN1  n/a            2.000         5.000       3.000                npu_system_i/clk_wiz_0/inst/mmcm_adv_inst/CLKIN1
High Pulse Width  Slow    MMCME2_ADV/CLKIN1  n/a            2.000         5.000       3.000                npu_system_i/clk_wiz_0/inst/mmcm_adv_inst/CLKIN1



---------------------------------------------------------------------------------------------------
From Clock:  clk_out1_npu_system_clk_wiz_0_0
  To Clock:  clk_out1_npu_system_clk_wiz_0_0

Setup :            0  Failing Endpoints,  Worst Slack        1.165ns,  Total Violation        0.000ns
Hold  :           80  Failing Endpoints,  Worst Slack       -0.194ns,  Total Violation      -14.725ns
PW    :            0  Failing Endpoints,  Worst Slack        2.750ns,  Total Violation        0.000ns
---------------------------------------------------------------------------------------------------


Max Delay Paths
--------------------------------------------------------------------------------------
Slack (MET) :             1.165ns  (required time - arrival time)
  Source:                 npu_system_i/tinynpu_0/inst/u_csr/reg_crop_xy_reg[17]/C
                            (rising edge-triggered cell FDRE clocked by clk_out1_npu_system_clk_wiz_0_0  {rise@0.000ns fall@4.000ns period=8.000ns})
  Destination:            npu_system_i/tinynpu_0/inst/u_axis_sink/bytes_received_reg[10]/CE
                            (rising edge-triggered cell FDRE clocked by clk_out1_npu_system_clk_wiz_0_0  {rise@0.000ns fall@4.000ns period=8.000ns})
  Path Group:             clk_out1_npu_system_clk_wiz_0_0
  Path Type:              Setup (Max at Slow Process Corner)
  Requirement:            8.000ns  (clk_out1_npu_system_clk_wiz_0_0 rise@8.000ns - clk_out1_npu_system_clk_wiz_0_0 rise@0.000ns)
  Data Path Delay:        6.416ns  (logic 2.926ns (45.605%)  route 3.490ns (54.395%))
  Logic Levels:           10  (CARRY4=5 LUT2=2 LUT4=1 LUT5=2)
  Clock Path Skew:        -0.145ns (DCD - SCD + CPR)
    Destination Clock Delay (DCD):    -2.811ns = ( 5.189 - 8.000 ) 
    Source Clock Delay      (SCD):    -2.072ns
    Clock Pessimism Removal (CPR):    0.594ns
  Clock Uncertainty:      0.072ns  ((TSJ^2 + DJ^2)^1/2) / 2 + PE
    Total System Jitter     (TSJ):    0.071ns
    Discrete Jitter          (DJ):    0.125ns
    Phase Error              (PE):    0.000ns

    Location             Delay type                Incr(ns)  Path(ns)    Netlist Resource(s)
  -------------------------------------------------------------------    -------------------
                         (clock clk_out1_npu_system_clk_wiz_0_0 rise edge)
                                                      0.000     0.000 r  
                                                      0.000     0.000 r  sysclk (IN)
                         net (fo=0)                   0.000     0.000    npu_system_i/clk_wiz_0/inst/clk_in1
                         IBUF (Prop_ibuf_I_O)         0.972     0.972 r  npu_system_i/clk_wiz_0/inst/clkin1_ibufg/O
                         net (fo=1, unplaced)         0.584     1.556    npu_system_i/clk_wiz_0/inst/clk_in1_npu_system_clk_wiz_0_0
                         MMCME2_ADV (Prop_mmcme2_adv_CLKIN1_CLKOUT0)
                                                     -5.113    -3.557 r  npu_system_i/clk_wiz_0/inst/mmcm_adv_inst/CLKOUT0
                         net (fo=1, unplaced)         0.800    -2.757    npu_system_i/clk_wiz_0/inst/clk_out1_npu_system_clk_wiz_0_0
                         BUFG (Prop_bufg_I_O)         0.101    -2.656 r  npu_system_i/clk_wiz_0/inst/clkout1_buf/O
                         net (fo=2714, unplaced)      0.584    -2.072    npu_system_i/tinynpu_0/inst/u_csr/clk
                         FDRE                                         r  npu_system_i/tinynpu_0/inst/u_csr/reg_crop_xy_reg[17]/C
  -------------------------------------------------------------------    -------------------
                         FDRE (Prop_fdre_C_Q)         0.478    -1.594 r  npu_system_i/tinynpu_0/inst/u_csr/reg_crop_xy_reg[17]/Q
                         net (fo=5, unplaced)         0.498    -1.096    npu_system_i/tinynpu_0/inst/u_csr/reg_crop_xy_reg[31]_0[17]
                         LUT2 (Prop_lut2_I0_O)        0.295    -0.801 r  npu_system_i/tinynpu_0/inst/u_csr/s_axis_tready_i_130/O
                         net (fo=1, unplaced)         0.000    -0.801    npu_system_i/tinynpu_0/inst/u_csr/s_axis_tready_i_130_n_0
                         CARRY4 (Prop_carry4_S[1]_CO[3])
                                                      0.533    -0.268 r  npu_system_i/tinynpu_0/inst/u_csr/s_axis_tready_reg_i_119/CO[3]
                         net (fo=1, unplaced)         0.009    -0.259    npu_system_i/tinynpu_0/inst/u_csr/s_axis_tready_reg_i_119_n_0
                         CARRY4 (Prop_carry4_CI_CO[3])
                                                      0.117    -0.142 r  npu_system_i/tinynpu_0/inst/u_csr/s_axis_tready_reg_i_109/CO[3]
                         net (fo=1, unplaced)         0.000    -0.142    npu_system_i/tinynpu_0/inst/u_csr/s_axis_tready_reg_i_109_n_0
                         CARRY4 (Prop_carry4_CI_CO[3])
                                                      0.117    -0.025 r  npu_system_i/tinynpu_0/inst/u_csr/s_axis_tready_reg_i_91/CO[3]
                         net (fo=1, unplaced)         0.000    -0.025    npu_system_i/tinynpu_0/inst/u_csr/s_axis_tready_reg_i_91_n_0
                         CARRY4 (Prop_carry4_CI_O[3])
                                                      0.331     0.306 r  npu_system_i/tinynpu_0/inst/u_csr/s_axis_tready_reg_i_75/O[3]
                         net (fo=1, unplaced)         0.618     0.924    npu_system_i/tinynpu_0/inst/u_axis_sink/s_axis_tready_reg_i_17_0[3]
                         LUT2 (Prop_lut2_I1_O)        0.307     1.231 r  npu_system_i/tinynpu_0/inst/u_axis_sink/s_axis_tready_i_44/O
                         net (fo=1, unplaced)         0.000     1.231    npu_system_i/tinynpu_0/inst/u_axis_sink/s_axis_tready_i_44_n_0
                         CARRY4 (Prop_carry4_S[3]_CO[3])
                                                      0.376     1.607 f  npu_system_i/tinynpu_0/inst/u_axis_sink/s_axis_tready_reg_i_17/CO[3]
                         net (fo=1, unplaced)         0.918     2.525    npu_system_i/tinynpu_0/inst/u_axis_sink/s_axis_tready_reg_i_17_n_0
                         LUT4 (Prop_lut4_I3_O)        0.124     2.649 r  npu_system_i/tinynpu_0/inst/u_axis_sink/s_axis_tready_i_8/O
                         net (fo=1, unplaced)         0.449     3.098    npu_system_i/tinynpu_0/inst/u_axis_sink/s_axis_tready_i_8_n_0
                         LUT5 (Prop_lut5_I4_O)        0.124     3.222 f  npu_system_i/tinynpu_0/inst/u_axis_sink/s_axis_tready_i_2/O
                         net (fo=7, unplaced)         0.484     3.706    npu_system_i/tinynpu_0/inst/u_axis_sink/s_axis_tready_i_2_n_0
                         LUT5 (Prop_lut5_I0_O)        0.124     3.830 r  npu_system_i/tinynpu_0/inst/u_axis_sink/bytes_received[10]_i_1/O
                         net (fo=9, unplaced)         0.514     4.344    npu_system_i/tinynpu_0/inst/u_axis_sink/bytes_received[10]_i_1_n_0
                         FDRE                                         r  npu_system_i/tinynpu_0/inst/u_axis_sink/bytes_received_reg[10]/CE
  -------------------------------------------------------------------    -------------------

                         (clock clk_out1_npu_system_clk_wiz_0_0 rise edge)
                                                      8.000     8.000 r  
                                                      0.000     8.000 r  sysclk (IN)
                         net (fo=0)                   0.000     8.000    npu_system_i/clk_wiz_0/inst/clk_in1
                         IBUF (Prop_ibuf_I_O)         0.838     8.838 r  npu_system_i/clk_wiz_0/inst/clkin1_ibufg/O
                         net (fo=1, unplaced)         0.439     9.277    npu_system_i/clk_wiz_0/inst/clk_in1_npu_system_clk_wiz_0_0
                         MMCME2_ADV (Prop_mmcme2_adv_CLKIN1_CLKOUT0)
                                                     -5.378     3.899 r  npu_system_i/clk_wiz_0/inst/mmcm_adv_inst/CLKOUT0
                         net (fo=1, unplaced)         0.760     4.659    npu_system_i/clk_wiz_0/inst/clk_out1_npu_system_clk_wiz_0_0
                         BUFG (Prop_bufg_I_O)         0.091     4.750 r  npu_system_i/clk_wiz_0/inst/clkout1_buf/O
                         net (fo=2714, unplaced)      0.439     5.189    npu_system_i/tinynpu_0/inst/u_axis_sink/clk
                         FDRE                                         r  npu_system_i/tinynpu_0/inst/u_axis_sink/bytes_received_reg[10]/C
                         clock pessimism              0.594     5.783    
                         clock uncertainty           -0.072     5.711    
                         FDRE (Setup_fdre_C_CE)      -0.202     5.509    npu_system_i/tinynpu_0/inst/u_axis_sink/bytes_received_reg[10]
  -------------------------------------------------------------------
                         required time                          5.509    
                         arrival time                          -4.344    
  -------------------------------------------------------------------
                         slack                                  1.165    





Min Delay Paths
--------------------------------------------------------------------------------------
Slack (VIOLATED) :        -0.194ns  (arrival time - required time)
  Source:                 npu_system_i/tinynpu_0/inst/u_csr/reg_weight_base_reg[0]/C
                            (rising edge-triggered cell FDRE clocked by clk_out1_npu_system_clk_wiz_0_0  {rise@0.000ns fall@4.000ns period=8.000ns})
  Destination:            npu_system_i/tinynpu_0/inst/u_dma/m_axi_araddr_reg[0]/D
                            (rising edge-triggered cell FDRE clocked by clk_out1_npu_system_clk_wiz_0_0  {rise@0.000ns fall@4.000ns period=8.000ns})
  Path Group:             clk_out1_npu_system_clk_wiz_0_0
  Path Type:              Hold (Min at Slow Process Corner)
  Requirement:            0.000ns  (clk_out1_npu_system_clk_wiz_0_0 rise@0.000ns - clk_out1_npu_system_clk_wiz_0_0 rise@0.000ns)
  Data Path Delay:        0.713ns  (logic 0.385ns (54.016%)  route 0.328ns (45.984%))
  Logic Levels:           0  
  Clock Path Skew:        0.830ns (DCD - SCD - CPR)
    Destination Clock Delay (DCD):    -1.387ns
    Source Clock Delay      (SCD):    -2.811ns
    Clock Pessimism Removal (CPR):    0.594ns

    Location             Delay type                Incr(ns)  Path(ns)    Netlist Resource(s)
  -------------------------------------------------------------------    -------------------
                         (clock clk_out1_npu_system_clk_wiz_0_0 rise edge)
                                                      0.000     0.000 r  
                                                      0.000     0.000 r  sysclk (IN)
                         net (fo=0)                   0.000     0.000    npu_system_i/clk_wiz_0/inst/clk_in1
                         IBUF (Prop_ibuf_I_O)         0.838     0.838 r  npu_system_i/clk_wiz_0/inst/clkin1_ibufg/O
                         net (fo=1, unplaced)         0.439     1.277    npu_system_i/clk_wiz_0/inst/clk_in1_npu_system_clk_wiz_0_0
                         MMCME2_ADV (Prop_mmcme2_adv_CLKIN1_CLKOUT0)
                                                     -5.378    -4.101 r  npu_system_i/clk_wiz_0/inst/mmcm_adv_inst/CLKOUT0
                         net (fo=1, unplaced)         0.760    -3.341    npu_system_i/clk_wiz_0/inst/clk_out1_npu_system_clk_wiz_0_0
                         BUFG (Prop_bufg_I_O)         0.091    -3.250 r  npu_system_i/clk_wiz_0/inst/clkout1_buf/O
                         net (fo=2714, unplaced)      0.439    -2.811    npu_system_i/tinynpu_0/inst/u_csr/clk
                         FDRE                                         r  npu_system_i/tinynpu_0/inst/u_csr/reg_weight_base_reg[0]/C
  -------------------------------------------------------------------    -------------------
                         FDRE (Prop_fdre_C_Q)         0.385    -2.426 r  npu_system_i/tinynpu_0/inst/u_csr/reg_weight_base_reg[0]/Q
                         net (fo=2, unplaced)         0.328    -2.098    npu_system_i/tinynpu_0/inst/u_dma/m_axi_araddr_reg[31]_0[0]
                         FDRE                                         r  npu_system_i/tinynpu_0/inst/u_dma/m_axi_araddr_reg[0]/D
  -------------------------------------------------------------------    -------------------

                         (clock clk_out1_npu_system_clk_wiz_0_0 rise edge)
                                                      0.000     0.000 r  
                                                      0.000     0.000 r  sysclk (IN)
                         net (fo=0)                   0.000     0.000    npu_system_i/clk_wiz_0/inst/clk_in1
                         IBUF (Prop_ibuf_I_O)         0.972     0.972 r  npu_system_i/clk_wiz_0/inst/clkin1_ibufg/O
                         net (fo=1, unplaced)         0.584     1.556    npu_system_i/clk_wiz_0/inst/clk_in1_npu_system_clk_wiz_0_0
                         MMCME2_ADV (Prop_mmcme2_adv_CLKIN1_CLKOUT0)
                                                     -5.113    -3.557 r  npu_system_i/clk_wiz_0/inst/mmcm_adv_inst/CLKOUT0
                         net (fo=1, unplaced)         0.800    -2.757    npu_system_i/clk_wiz_0/inst/clk_out1_npu_system_clk_wiz_0_0
                         BUFG (Prop_bufg_I_O)         0.101    -2.656 r  npu_system_i/clk_wiz_0/inst/clkout1_buf/O
                         net (fo=2714, unplaced)      0.584    -2.072    npu_system_i/tinynpu_0/inst/u_icg_dma/clk
                         BUFGCTRL (Prop_bufgctrl_I0_O)
                                                      0.101    -1.971 r  npu_system_i/tinynpu_0/inst/u_icg_dma/u_bufgce/O
                         net (fo=107, unplaced)       0.584    -1.387    npu_system_i/tinynpu_0/inst/u_dma/CLK
                         FDRE                                         r  npu_system_i/tinynpu_0/inst/u_dma/m_axi_araddr_reg[0]/C
                         clock pessimism             -0.594    -1.981    
                         FDRE (Hold_fdre_C_D)         0.077    -1.904    npu_system_i/tinynpu_0/inst/u_dma/m_axi_araddr_reg[0]
  -------------------------------------------------------------------
                         required time                          1.904    
                         arrival time                          -2.098    
  -------------------------------------------------------------------
                         slack                                 -0.194    





Pulse Width Checks
--------------------------------------------------------------------------------------
Clock Name:         clk_out1_npu_system_clk_wiz_0_0
Waveform(ns):       { 0.000 4.000 }
Period(ns):         8.000
Sources:            { npu_system_i/clk_wiz_0/inst/mmcm_adv_inst/CLKOUT0 }

Check Type        Corner  Lib Pin             Reference Pin  Required(ns)  Actual(ns)  Slack(ns)  Location  Pin
Min Period        n/a     RAMB36E1/CLKARDCLK  n/a            2.944         8.000       5.056                npu_system_i/riscv_adas_0/inst/firmware_bram_reg/CLKARDCLK
Max Period        n/a     MMCME2_ADV/CLKOUT0  n/a            213.360       8.000       205.360              npu_system_i/clk_wiz_0/inst/mmcm_adv_inst/CLKOUT0
Low Pulse Width   Slow    RAMD32/CLK          n/a            1.250         4.000       2.750                npu_system_i/riscv_adas_0/inst/picorv32_core/cpuregs_reg_r1_0_15_0_5/RAMA/CLK
High Pulse Width  Slow    RAMD32/CLK          n/a            1.250         4.000       2.750                npu_system_i/riscv_adas_0/inst/picorv32_core/cpuregs_reg_r1_0_15_0_5/RAMA/CLK



---------------------------------------------------------------------------------------------------
From Clock:  clk_out2_npu_system_clk_wiz_0_0
  To Clock:  clk_out2_npu_system_clk_wiz_0_0

Setup :            0  Failing Endpoints,  Worst Slack        0.783ns,  Total Violation        0.000ns
Hold  :            0  Failing Endpoints,  Worst Slack        0.045ns,  Total Violation        0.000ns
PW    :            0  Failing Endpoints,  Worst Slack        0.264ns,  Total Violation        0.000ns
---------------------------------------------------------------------------------------------------


Max Delay Paths
--------------------------------------------------------------------------------------
Slack (MET) :             0.783ns  (required time - arrival time)
  Source:                 npu_system_i/dvi2rgb_0/U0/GenerateDDC.DDC_EEPROM/I2C_SlaveController/ddSda_reg/C
                            (rising edge-triggered cell FDRE clocked by clk_out2_npu_system_clk_wiz_0_0  {rise@0.000ns fall@2.500ns period=5.000ns})
  Destination:            npu_system_i/dvi2rgb_0/U0/GenerateDDC.DDC_EEPROM/I2C_SlaveController/FSM_gray_state_reg[2]/D
                            (rising edge-triggered cell FDRE clocked by clk_out2_npu_system_clk_wiz_0_0  {rise@0.000ns fall@2.500ns period=5.000ns})
  Path Group:             clk_out2_npu_system_clk_wiz_0_0
  Path Type:              Setup (Max at Slow Process Corner)
  Requirement:            5.000ns  (clk_out2_npu_system_clk_wiz_0_0 rise@5.000ns - clk_out2_npu_system_clk_wiz_0_0 rise@0.000ns)
  Data Path Delay:        4.049ns  (logic 1.021ns (25.216%)  route 3.028ns (74.784%))
  Logic Levels:           3  (LUT3=1 LUT6=2)
  Clock Path Skew:        -0.145ns (DCD - SCD + CPR)
    Destination Clock Delay (DCD):    -2.811ns = ( 2.189 - 5.000 ) 
    Source Clock Delay      (SCD):    -2.072ns
    Clock Pessimism Removal (CPR):    0.594ns
  Clock Uncertainty:      0.067ns  ((TSJ^2 + DJ^2)^1/2) / 2 + PE
    Total System Jitter     (TSJ):    0.071ns
    Discrete Jitter          (DJ):    0.115ns
    Phase Error              (PE):    0.000ns

    Location             Delay type                Incr(ns)  Path(ns)    Netlist Resource(s)
  -------------------------------------------------------------------    -------------------
                         (clock clk_out2_npu_system_clk_wiz_0_0 rise edge)
                                                      0.000     0.000 r  
                                                      0.000     0.000 r  sysclk (IN)
                         net (fo=0)                   0.000     0.000    npu_system_i/clk_wiz_0/inst/clk_in1
                         IBUF (Prop_ibuf_I_O)         0.972     0.972 r  npu_system_i/clk_wiz_0/inst/clkin1_ibufg/O
                         net (fo=1, unplaced)         0.584     1.556    npu_system_i/clk_wiz_0/inst/clk_in1_npu_system_clk_wiz_0_0
                         MMCME2_ADV (Prop_mmcme2_adv_CLKIN1_CLKOUT1)
                                                     -5.113    -3.557 r  npu_system_i/clk_wiz_0/inst/mmcm_adv_inst/CLKOUT1
                         net (fo=1, unplaced)         0.800    -2.757    npu_system_i/clk_wiz_0/inst/clk_out2_npu_system_clk_wiz_0_0
                         BUFG (Prop_bufg_I_O)         0.101    -2.656 r  npu_system_i/clk_wiz_0/inst/clkout2_buf/O
                         net (fo=158, unplaced)       0.584    -2.072    npu_system_i/dvi2rgb_0/U0/GenerateDDC.DDC_EEPROM/I2C_SlaveController/RefClk
                         FDRE                                         r  npu_system_i/dvi2rgb_0/U0/GenerateDDC.DDC_EEPROM/I2C_SlaveController/ddSda_reg/C
  -------------------------------------------------------------------    -------------------
                         FDRE (Prop_fdre_C_Q)         0.478    -1.594 f  npu_system_i/dvi2rgb_0/U0/GenerateDDC.DDC_EEPROM/I2C_SlaveController/ddSda_reg/Q
                         net (fo=9, unplaced)         0.782    -0.812    npu_system_i/dvi2rgb_0/U0/GenerateDDC.DDC_EEPROM/I2C_SlaveController/ddSda
                         LUT3 (Prop_lut3_I0_O)        0.295    -0.517 f  npu_system_i/dvi2rgb_0/U0/GenerateDDC.DDC_EEPROM/I2C_SlaveController/FSM_gray_state[2]_i_7/O
                         net (fo=4, unplaced)         1.135     0.618    npu_system_i/dvi2rgb_0/U0/GenerateDDC.DDC_EEPROM/I2C_SlaveController/FSM_gray_state[2]_i_7_n_0
                         LUT6 (Prop_lut6_I0_O)        0.124     0.742 r  npu_system_i/dvi2rgb_0/U0/GenerateDDC.DDC_EEPROM/I2C_SlaveController/FSM_gray_state[2]_i_2/O
                         net (fo=1, unplaced)         1.111     1.853    npu_system_i/dvi2rgb_0/U0/GenerateDDC.DDC_EEPROM/I2C_SlaveController/FSM_gray_state[2]_i_2_n_0
                         LUT6 (Prop_lut6_I0_O)        0.124     1.977 r  npu_system_i/dvi2rgb_0/U0/GenerateDDC.DDC_EEPROM/I2C_SlaveController/FSM_gray_state[2]_i_1/O
                         net (fo=1, unplaced)         0.000     1.977    npu_system_i/dvi2rgb_0/U0/GenerateDDC.DDC_EEPROM/I2C_SlaveController/FSM_gray_state[2]_i_1_n_0
                         FDRE                                         r  npu_system_i/dvi2rgb_0/U0/GenerateDDC.DDC_EEPROM/I2C_SlaveController/FSM_gray_state_reg[2]/D
  -------------------------------------------------------------------    -------------------

                         (clock clk_out2_npu_system_clk_wiz_0_0 rise edge)
                                                      5.000     5.000 r  
                                                      0.000     5.000 r  sysclk (IN)
                         net (fo=0)                   0.000     5.000    npu_system_i/clk_wiz_0/inst/clk_in1
                         IBUF (Prop_ibuf_I_O)         0.838     5.838 r  npu_system_i/clk_wiz_0/inst/clkin1_ibufg/O
                         net (fo=1, unplaced)         0.439     6.277    npu_system_i/clk_wiz_0/inst/clk_in1_npu_system_clk_wiz_0_0
                         MMCME2_ADV (Prop_mmcme2_adv_CLKIN1_CLKOUT1)
                                                     -5.378     0.899 r  npu_system_i/clk_wiz_0/inst/mmcm_adv_inst/CLKOUT1
                         net (fo=1, unplaced)         0.760     1.659    npu_system_i/clk_wiz_0/inst/clk_out2_npu_system_clk_wiz_0_0
                         BUFG (Prop_bufg_I_O)         0.091     1.750 r  npu_system_i/clk_wiz_0/inst/clkout2_buf/O
                         net (fo=158, unplaced)       0.439     2.189    npu_system_i/dvi2rgb_0/U0/GenerateDDC.DDC_EEPROM/I2C_SlaveController/RefClk
                         FDRE                                         r  npu_system_i/dvi2rgb_0/U0/GenerateDDC.DDC_EEPROM/I2C_SlaveController/FSM_gray_state_reg[2]/C
                         clock pessimism              0.594     2.783    
                         clock uncertainty           -0.067     2.715    
                         FDRE (Setup_fdre_C_D)        0.044     2.759    npu_system_i/dvi2rgb_0/U0/GenerateDDC.DDC_EEPROM/I2C_SlaveController/FSM_gray_state_reg[2]
  -------------------------------------------------------------------
                         required time                          2.759    
                         arrival time                          -1.977    
  -------------------------------------------------------------------
                         slack                                  0.783    





Min Delay Paths
--------------------------------------------------------------------------------------
Slack (MET) :             0.045ns  (arrival time - required time)
  Source:                 npu_system_i/dvi2rgb_0/U0/DataDecoders[0].DecoderX/SyncBaseRst/SyncAsyncx/oSyncStages_reg[0]/C
                            (rising edge-triggered cell FDPE clocked by clk_out2_npu_system_clk_wiz_0_0  {rise@0.000ns fall@2.500ns period=5.000ns})
  Destination:            npu_system_i/dvi2rgb_0/U0/DataDecoders[0].DecoderX/SyncBaseRst/SyncAsyncx/oSyncStages_reg[1]/D
                            (rising edge-triggered cell FDPE clocked by clk_out2_npu_system_clk_wiz_0_0  {rise@0.000ns fall@2.500ns period=5.000ns})
  Path Group:             clk_out2_npu_system_clk_wiz_0_0
  Path Type:              Hold (Min at Fast Process Corner)
  Requirement:            0.000ns  (clk_out2_npu_system_clk_wiz_0_0 rise@0.000ns - clk_out2_npu_system_clk_wiz_0_0 rise@0.000ns)
  Data Path Delay:        0.228ns  (logic 0.147ns (64.493%)  route 0.081ns (35.507%))
  Logic Levels:           0  
  Clock Path Skew:        0.145ns (DCD - SCD - CPR)
    Destination Clock Delay (DCD):    -1.119ns
    Source Clock Delay      (SCD):    -0.985ns
    Clock Pessimism Removal (CPR):    -0.279ns

    Location             Delay type                Incr(ns)  Path(ns)    Netlist Resource(s)
  -------------------------------------------------------------------    -------------------
                         (clock clk_out2_npu_system_clk_wiz_0_0 rise edge)
                                                      0.000     0.000 r  
                                                      0.000     0.000 r  sysclk (IN)
                         net (fo=0)                   0.000     0.000    npu_system_i/clk_wiz_0/inst/clk_in1
                         IBUF (Prop_ibuf_I_O)         0.200     0.200 r  npu_system_i/clk_wiz_0/inst/clkin1_ibufg/O
                         net (fo=1, unplaced)         0.114     0.314    npu_system_i/clk_wiz_0/inst/clk_in1_npu_system_clk_wiz_0_0
                         MMCME2_ADV (Prop_mmcme2_adv_CLKIN1_CLKOUT1)
                                                     -1.776    -1.462 r  npu_system_i/clk_wiz_0/inst/mmcm_adv_inst/CLKOUT1
                         net (fo=1, unplaced)         0.337    -1.125    npu_system_i/clk_wiz_0/inst/clk_out2_npu_system_clk_wiz_0_0
                         BUFG (Prop_bufg_I_O)         0.026    -1.099 r  npu_system_i/clk_wiz_0/inst/clkout2_buf/O
                         net (fo=158, unplaced)       0.114    -0.985    npu_system_i/dvi2rgb_0/U0/DataDecoders[0].DecoderX/SyncBaseRst/SyncAsyncx/RefClk
                         FDPE                                         r  npu_system_i/dvi2rgb_0/U0/DataDecoders[0].DecoderX/SyncBaseRst/SyncAsyncx/oSyncStages_reg[0]/C
  -------------------------------------------------------------------    -------------------
                         FDPE (Prop_fdpe_C_Q)         0.147    -0.838 r  npu_system_i/dvi2rgb_0/U0/DataDecoders[0].DecoderX/SyncBaseRst/SyncAsyncx/oSyncStages_reg[0]/Q
                         net (fo=1, unplaced)         0.081    -0.757    npu_system_i/dvi2rgb_0/U0/DataDecoders[0].DecoderX/SyncBaseRst/SyncAsyncx/oSyncStages[0]
                         FDPE                                         r  npu_system_i/dvi2rgb_0/U0/DataDecoders[0].DecoderX/SyncBaseRst/SyncAsyncx/oSyncStages_reg[1]/D
  -------------------------------------------------------------------    -------------------

                         (clock clk_out2_npu_system_clk_wiz_0_0 rise edge)
                                                      0.000     0.000 r  
                                                      0.000     0.000 r  sysclk (IN)
                         net (fo=0)                   0.000     0.000    npu_system_i/clk_wiz_0/inst/clk_in1
                         IBUF (Prop_ibuf_I_O)         0.389     0.389 r  npu_system_i/clk_wiz_0/inst/clkin1_ibufg/O
                         net (fo=1, unplaced)         0.259     0.648    npu_system_i/clk_wiz_0/inst/clk_in1_npu_system_clk_wiz_0_0
                         MMCME2_ADV (Prop_mmcme2_adv_CLKIN1_CLKOUT1)
                                                     -2.410    -1.761 r  npu_system_i/clk_wiz_0/inst/mmcm_adv_inst/CLKOUT1
                         net (fo=1, unplaced)         0.355    -1.407    npu_system_i/clk_wiz_0/inst/clk_out2_npu_system_clk_wiz_0_0
                         BUFG (Prop_bufg_I_O)         0.029    -1.378 r  npu_system_i/clk_wiz_0/inst/clkout2_buf/O
                         net (fo=158, unplaced)       0.259    -1.119    npu_system_i/dvi2rgb_0/U0/DataDecoders[0].DecoderX/SyncBaseRst/SyncAsyncx/RefClk
                         FDPE                                         r  npu_system_i/dvi2rgb_0/U0/DataDecoders[0].DecoderX/SyncBaseRst/SyncAsyncx/oSyncStages_reg[1]/C
                         clock pessimism              0.279    -0.840    
                         FDPE (Hold_fdpe_C_D)         0.038    -0.802    npu_system_i/dvi2rgb_0/U0/DataDecoders[0].DecoderX/SyncBaseRst/SyncAsyncx/oSyncStages_reg[1]
  -------------------------------------------------------------------
                         required time                          0.802    
                         arrival time                          -0.757    
  -------------------------------------------------------------------
                         slack                                  0.045    





Pulse Width Checks
--------------------------------------------------------------------------------------
Clock Name:         clk_out2_npu_system_clk_wiz_0_0
Waveform(ns):       { 0.000 2.500 }
Period(ns):         5.000
Sources:            { npu_system_i/clk_wiz_0/inst/mmcm_adv_inst/CLKOUT1 }

Check Type        Corner  Lib Pin            Reference Pin  Required(ns)  Actual(ns)  Slack(ns)  Location  Pin
Min Period        n/a     IDELAYCTRL/REFCLK  n/a            3.225         5.000       1.775                npu_system_i/dvi2rgb_0/U0/TMDS_ClockingX/IDelayCtrlX/REFCLK
Max Period        n/a     IDELAYCTRL/REFCLK  n/a            5.264         5.000       0.264                npu_system_i/dvi2rgb_0/U0/TMDS_ClockingX/IDelayCtrlX/REFCLK
Low Pulse Width   Slow    FDRE/C             n/a            0.500         2.500       2.000                npu_system_i/dvi2rgb_0/U0/DataDecoders[0].DecoderX/rTimeoutCnt_reg[0]/C
High Pulse Width  Slow    FDRE/C             n/a            0.500         2.500       2.000                npu_system_i/dvi2rgb_0/U0/DataDecoders[0].DecoderX/rTimeoutCnt_reg[0]/C



---------------------------------------------------------------------------------------------------
From Clock:  clkfbout_npu_system_clk_wiz_0_0
  To Clock:  clkfbout_npu_system_clk_wiz_0_0

Setup :           NA  Failing Endpoints,  Worst Slack           NA  ,  Total Violation           NA
Hold  :           NA  Failing Endpoints,  Worst Slack           NA  ,  Total Violation           NA
PW    :            0  Failing Endpoints,  Worst Slack        7.845ns,  Total Violation        0.000ns
---------------------------------------------------------------------------------------------------


Pulse Width Checks
--------------------------------------------------------------------------------------
Clock Name:         clkfbout_npu_system_clk_wiz_0_0
Waveform(ns):       { 0.000 5.000 }
Period(ns):         10.000
Sources:            { npu_system_i/clk_wiz_0/inst/mmcm_adv_inst/CLKFBOUT }

Check Type  Corner  Lib Pin             Reference Pin  Required(ns)  Actual(ns)  Slack(ns)  Location  Pin
Min Period  n/a     BUFG/I              n/a            2.155         10.000      7.845                npu_system_i/clk_wiz_0/inst/clkf_buf/I
Max Period  n/a     MMCME2_ADV/CLKFBIN  n/a            100.000       10.000      90.000               npu_system_i/clk_wiz_0/inst/mmcm_adv_inst/CLKFBIN



---------------------------------------------------------------------------------------------------
From Clock:  
  To Clock:  clk_out1_npu_system_clk_wiz_0_0

Setup :            0  Failing Endpoints,  Worst Slack      998.968ns,  Total Violation        0.000ns
Hold  :           NA  Failing Endpoints,  Worst Slack           NA  ,  Total Violation           NA
---------------------------------------------------------------------------------------------------


Max Delay Paths
--------------------------------------------------------------------------------------
Slack (MET) :             998.968ns  (required time - arrival time)
  Source:                 npu_system_i/vid_in/inst/COUPLER_INST/generate_async_fifo.FIFO_INST/XPM_FIFO_ASYNC_INST/gnuram_async_fifo.xpm_fifo_base_inst/gen_cdc_pntr.wr_pntr_cdc_dc_inst/src_gray_ff_reg[0]/C
                            (rising edge-triggered cell FDRE)
  Destination:            npu_system_i/vid_in/inst/COUPLER_INST/generate_async_fifo.FIFO_INST/XPM_FIFO_ASYNC_INST/gnuram_async_fifo.xpm_fifo_base_inst/gen_cdc_pntr.wr_pntr_cdc_dc_inst/dest_graysync_ff_reg[0][0]/D
                            (rising edge-triggered cell FDRE clocked by clk_out1_npu_system_clk_wiz_0_0  {rise@0.000ns fall@4.000ns period=8.000ns})
  Path Group:             clk_out1_npu_system_clk_wiz_0_0
  Path Type:              Setup (Max at Slow Process Corner)
  Requirement:            1000.000ns  (MaxDelay Path 1000.000ns)
  Data Path Delay:        0.812ns  (logic 0.478ns (58.867%)  route 0.334ns (41.133%))
  Logic Levels:           1  (FDRE=1)
  Timing Exception:       MaxDelay Path 1000.000ns -datapath_only

    Location             Delay type                Incr(ns)  Path(ns)    Netlist Resource(s)
  -------------------------------------------------------------------    -------------------
                         FDRE                         0.000     0.000 r  npu_system_i/vid_in/inst/COUPLER_INST/generate_async_fifo.FIFO_INST/XPM_FIFO_ASYNC_INST/gnuram_async_fifo.xpm_fifo_base_inst/gen_cdc_pntr.wr_pntr_cdc_dc_inst/src_gray_ff_reg[0]/C
                         FDRE (Prop_fdre_C_Q)         0.478     0.478 r  npu_system_i/vid_in/inst/COUPLER_INST/generate_async_fifo.FIFO_INST/XPM_FIFO_ASYNC_INST/gnuram_async_fifo.xpm_fifo_base_inst/gen_cdc_pntr.wr_pntr_cdc_dc_inst/src_gray_ff_reg[0]/Q
                         net (fo=1, unplaced)         0.334     0.812    npu_system_i/vid_in/inst/COUPLER_INST/generate_async_fifo.FIFO_INST/XPM_FIFO_ASYNC_INST/gnuram_async_fifo.xpm_fifo_base_inst/gen_cdc_pntr.wr_pntr_cdc_dc_inst/async_path[0]
                         FDRE                                         r  npu_system_i/vid_in/inst/COUPLER_INST/generate_async_fifo.FIFO_INST/XPM_FIFO_ASYNC_INST/gnuram_async_fifo.xpm_fifo_base_inst/gen_cdc_pntr.wr_pntr_cdc_dc_inst/dest_graysync_ff_reg[0][0]/D
  -------------------------------------------------------------------    -------------------

                         max delay                 1000.000  1000.000    
                         FDRE (Setup_fdre_C_D)       -0.220   999.780    npu_system_i/vid_in/inst/COUPLER_INST/generate_async_fifo.FIFO_INST/XPM_FIFO_ASYNC_INST/gnuram_async_fifo.xpm_fifo_base_inst/gen_cdc_pntr.wr_pntr_cdc_dc_inst/dest_graysync_ff_reg[0][0]
  -------------------------------------------------------------------
                         required time                        999.780    
                         arrival time                          -0.812    
  -------------------------------------------------------------------
                         slack                                998.968    





---------------------------------------------------------------------------------------------------
Path Group:  **async_default**
From Clock:  clk_out1_npu_system_clk_wiz_0_0
  To Clock:  clk_out1_npu_system_clk_wiz_0_0

Setup :            0  Failing Endpoints,  Worst Slack        5.374ns,  Total Violation        0.000ns
Hold  :            0  Failing Endpoints,  Worst Slack        0.729ns,  Total Violation        0.000ns
---------------------------------------------------------------------------------------------------


Max Delay Paths
--------------------------------------------------------------------------------------
Slack (MET) :             5.374ns  (required time - arrival time)
  Source:                 npu_system_i/proc_sys_reset_0/U0/ACTIVE_LOW_PR_OUT_DFF[0].FDRE_PER_N/C
                            (rising edge-triggered cell FDRE clocked by clk_out1_npu_system_clk_wiz_0_0  {rise@0.000ns fall@4.000ns period=8.000ns})
  Destination:            npu_system_i/riscv_adas_0/inst/adas_rdata_reg[0]/CLR
                            (recovery check against rising-edge clock clk_out1_npu_system_clk_wiz_0_0  {rise@0.000ns fall@4.000ns period=8.000ns})
  Path Group:             **async_default**
  Path Type:              Recovery (Max at Slow Process Corner)
  Requirement:            8.000ns  (clk_out1_npu_system_clk_wiz_0_0 rise@8.000ns - clk_out1_npu_system_clk_wiz_0_0 rise@0.000ns)
  Data Path Delay:        2.057ns  (logic 0.773ns (37.579%)  route 1.284ns (62.421%))
  Logic Levels:           1  (LUT1=1)
  Clock Path Skew:        -0.145ns (DCD - SCD + CPR)
    Destination Clock Delay (DCD):    -2.811ns = ( 5.189 - 8.000 ) 
    Source Clock Delay      (SCD):    -2.072ns
    Clock Pessimism Removal (CPR):    0.594ns
  Clock Uncertainty:      0.072ns  ((TSJ^2 + DJ^2)^1/2) / 2 + PE
    Total System Jitter     (TSJ):    0.071ns
    Discrete Jitter          (DJ):    0.125ns
    Phase Error              (PE):    0.000ns

    Location             Delay type                Incr(ns)  Path(ns)    Netlist Resource(s)
  -------------------------------------------------------------------    -------------------
                         (clock clk_out1_npu_system_clk_wiz_0_0 rise edge)
                                                      0.000     0.000 r  
                                                      0.000     0.000 r  sysclk (IN)
                         net (fo=0)                   0.000     0.000    npu_system_i/clk_wiz_0/inst/clk_in1
                         IBUF (Prop_ibuf_I_O)         0.972     0.972 r  npu_system_i/clk_wiz_0/inst/clkin1_ibufg/O
                         net (fo=1, unplaced)         0.584     1.556    npu_system_i/clk_wiz_0/inst/clk_in1_npu_system_clk_wiz_0_0
                         MMCME2_ADV (Prop_mmcme2_adv_CLKIN1_CLKOUT0)
                                                     -5.113    -3.557 r  npu_system_i/clk_wiz_0/inst/mmcm_adv_inst/CLKOUT0
                         net (fo=1, unplaced)         0.800    -2.757    npu_system_i/clk_wiz_0/inst/clk_out1_npu_system_clk_wiz_0_0
                         BUFG (Prop_bufg_I_O)         0.101    -2.656 r  npu_system_i/clk_wiz_0/inst/clkout1_buf/O
                         net (fo=2714, unplaced)      0.584    -2.072    npu_system_i/proc_sys_reset_0/U0/slowest_sync_clk
                         FDRE                                         r  npu_system_i/proc_sys_reset_0/U0/ACTIVE_LOW_PR_OUT_DFF[0].FDRE_PER_N/C
  -------------------------------------------------------------------    -------------------
                         FDRE (Prop_fdre_C_Q)         0.478    -1.594 r  npu_system_i/proc_sys_reset_0/U0/ACTIVE_LOW_PR_OUT_DFF[0].FDRE_PER_N/Q
                         net (fo=39, unplaced)        0.387    -1.207    npu_system_i/riscv_adas_0/inst/picorv32_core/rst_n
                         LUT1 (Prop_lut1_I0_O)        0.295    -0.912 f  npu_system_i/riscv_adas_0/inst/picorv32_core/warning_ped_i_2/O
                         net (fo=231, unplaced)       0.897    -0.015    npu_system_i/riscv_adas_0/inst/picorv32_core_n_0
                         FDCE                                         f  npu_system_i/riscv_adas_0/inst/adas_rdata_reg[0]/CLR
  -------------------------------------------------------------------    -------------------

                         (clock clk_out1_npu_system_clk_wiz_0_0 rise edge)
                                                      8.000     8.000 r  
                                                      0.000     8.000 r  sysclk (IN)
                         net (fo=0)                   0.000     8.000    npu_system_i/clk_wiz_0/inst/clk_in1
                         IBUF (Prop_ibuf_I_O)         0.838     8.838 r  npu_system_i/clk_wiz_0/inst/clkin1_ibufg/O
                         net (fo=1, unplaced)         0.439     9.277    npu_system_i/clk_wiz_0/inst/clk_in1_npu_system_clk_wiz_0_0
                         MMCME2_ADV (Prop_mmcme2_adv_CLKIN1_CLKOUT0)
                                                     -5.378     3.899 r  npu_system_i/clk_wiz_0/inst/mmcm_adv_inst/CLKOUT0
                         net (fo=1, unplaced)         0.760     4.659    npu_system_i/clk_wiz_0/inst/clk_out1_npu_system_clk_wiz_0_0
                         BUFG (Prop_bufg_I_O)         0.091     4.750 r  npu_system_i/clk_wiz_0/inst/clkout1_buf/O
                         net (fo=2714, unplaced)      0.439     5.189    npu_system_i/riscv_adas_0/inst/clk
                         FDCE                                         r  npu_system_i/riscv_adas_0/inst/adas_rdata_reg[0]/C
                         clock pessimism              0.594     5.783    
                         clock uncertainty           -0.072     5.711    
                         FDCE (Recov_fdce_C_CLR)     -0.352     5.359    npu_system_i/riscv_adas_0/inst/adas_rdata_reg[0]
  -------------------------------------------------------------------
                         required time                          5.359    
                         arrival time                           0.015    
  -------------------------------------------------------------------
                         slack                                  5.374    





Min Delay Paths
--------------------------------------------------------------------------------------
Slack (MET) :             0.729ns  (arrival time - required time)
  Source:                 npu_system_i/proc_sys_reset_0/U0/ACTIVE_LOW_PR_OUT_DFF[0].FDRE_PER_N/C
                            (rising edge-triggered cell FDRE clocked by clk_out1_npu_system_clk_wiz_0_0  {rise@0.000ns fall@4.000ns period=8.000ns})
  Destination:            npu_system_i/riscv_adas_0/inst/adas_rdata_reg[0]/CLR
                            (removal check against rising-edge clock clk_out1_npu_system_clk_wiz_0_0  {rise@0.000ns fall@4.000ns period=8.000ns})
  Path Group:             **async_default**
  Path Type:              Removal (Min at Fast Process Corner)
  Requirement:            0.000ns  (clk_out1_npu_system_clk_wiz_0_0 rise@0.000ns - clk_out1_npu_system_clk_wiz_0_0 rise@0.000ns)
  Data Path Delay:        0.786ns  (logic 0.245ns (31.161%)  route 0.541ns (68.839%))
  Logic Levels:           1  (LUT1=1)
  Clock Path Skew:        0.145ns (DCD - SCD - CPR)
    Destination Clock Delay (DCD):    -1.119ns
    Source Clock Delay      (SCD):    -0.985ns
    Clock Pessimism Removal (CPR):    -0.279ns

    Location             Delay type                Incr(ns)  Path(ns)    Netlist Resource(s)
  -------------------------------------------------------------------    -------------------
                         (clock clk_out1_npu_system_clk_wiz_0_0 rise edge)
                                                      0.000     0.000 r  
                                                      0.000     0.000 r  sysclk (IN)
                         net (fo=0)                   0.000     0.000    npu_system_i/clk_wiz_0/inst/clk_in1
                         IBUF (Prop_ibuf_I_O)         0.200     0.200 r  npu_system_i/clk_wiz_0/inst/clkin1_ibufg/O
                         net (fo=1, unplaced)         0.114     0.314    npu_system_i/clk_wiz_0/inst/clk_in1_npu_system_clk_wiz_0_0
                         MMCME2_ADV (Prop_mmcme2_adv_CLKIN1_CLKOUT0)
                                                     -1.776    -1.462 r  npu_system_i/clk_wiz_0/inst/mmcm_adv_inst/CLKOUT0
                         net (fo=1, unplaced)         0.337    -1.125    npu_system_i/clk_wiz_0/inst/clk_out1_npu_system_clk_wiz_0_0
                         BUFG (Prop_bufg_I_O)         0.026    -1.099 r  npu_system_i/clk_wiz_0/inst/clkout1_buf/O
                         net (fo=2714, unplaced)      0.114    -0.985    npu_system_i/proc_sys_reset_0/U0/slowest_sync_clk
                         FDRE                                         r  npu_system_i/proc_sys_reset_0/U0/ACTIVE_LOW_PR_OUT_DFF[0].FDRE_PER_N/C
  -------------------------------------------------------------------    -------------------
                         FDRE (Prop_fdre_C_Q)         0.147    -0.838 r  npu_system_i/proc_sys_reset_0/U0/ACTIVE_LOW_PR_OUT_DFF[0].FDRE_PER_N/Q
                         net (fo=39, unplaced)        0.163    -0.674    npu_system_i/riscv_adas_0/inst/picorv32_core/rst_n
                         LUT1 (Prop_lut1_I0_O)        0.098    -0.576 f  npu_system_i/riscv_adas_0/inst/picorv32_core/warning_ped_i_2/O
                         net (fo=231, unplaced)       0.378    -0.198    npu_system_i/riscv_adas_0/inst/picorv32_core_n_0
                         FDCE                                         f  npu_system_i/riscv_adas_0/inst/adas_rdata_reg[0]/CLR
  -------------------------------------------------------------------    -------------------

                         (clock clk_out1_npu_system_clk_wiz_0_0 rise edge)
                                                      0.000     0.000 r  
                                                      0.000     0.000 r  sysclk (IN)
                         net (fo=0)                   0.000     0.000    npu_system_i/clk_wiz_0/inst/clk_in1
                         IBUF (Prop_ibuf_I_O)         0.389     0.389 r  npu_system_i/clk_wiz_0/inst/clkin1_ibufg/O
                         net (fo=1, unplaced)         0.259     0.648    npu_system_i/clk_wiz_0/inst/clk_in1_npu_system_clk_wiz_0_0
                         MMCME2_ADV (Prop_mmcme2_adv_CLKIN1_CLKOUT0)
                                                     -2.410    -1.761 r  npu_system_i/clk_wiz_0/inst/mmcm_adv_inst/CLKOUT0
                         net (fo=1, unplaced)         0.355    -1.407    npu_system_i/clk_wiz_0/inst/clk_out1_npu_system_clk_wiz_0_0
                         BUFG (Prop_bufg_I_O)         0.029    -1.378 r  npu_system_i/clk_wiz_0/inst/clkout1_buf/O
                         net (fo=2714, unplaced)      0.259    -1.119    npu_system_i/riscv_adas_0/inst/clk
                         FDCE                                         r  npu_system_i/riscv_adas_0/inst/adas_rdata_reg[0]/C
                         clock pessimism              0.279    -0.840    
                         FDCE (Remov_fdce_C_CLR)     -0.088    -0.928    npu_system_i/riscv_adas_0/inst/adas_rdata_reg[0]
  -------------------------------------------------------------------
                         required time                          0.928    
                         arrival time                          -0.198    
  -------------------------------------------------------------------
                         slack                                  0.729    





---------------------------------------------------------------------------------------------------
Path Group:  **async_default**
From Clock:  clk_out2_npu_system_clk_wiz_0_0
  To Clock:  clk_out2_npu_system_clk_wiz_0_0

Setup :            0  Failing Endpoints,  Worst Slack        3.364ns,  Total Violation        0.000ns
Hold  :            0  Failing Endpoints,  Worst Slack        0.288ns,  Total Violation        0.000ns
---------------------------------------------------------------------------------------------------


Max Delay Paths
--------------------------------------------------------------------------------------
Slack (MET) :             3.364ns  (required time - arrival time)
  Source:                 npu_system_i/dvi2rgb_0/U0/TMDS_ClockingX/LockLostReset/SyncAsyncx/oSyncStages_reg[1]/C
                            (rising edge-triggered cell FDPE clocked by clk_out2_npu_system_clk_wiz_0_0  {rise@0.000ns fall@2.500ns period=5.000ns})
  Destination:            npu_system_i/dvi2rgb_0/U0/TMDS_ClockingX/rMMCM_Reset_q_reg[0]/PRE
                            (recovery check against rising-edge clock clk_out2_npu_system_clk_wiz_0_0  {rise@0.000ns fall@2.500ns period=5.000ns})
  Path Group:             **async_default**
  Path Type:              Recovery (Max at Slow Process Corner)
  Requirement:            5.000ns  (clk_out2_npu_system_clk_wiz_0_0 rise@5.000ns - clk_out2_npu_system_clk_wiz_0_0 rise@0.000ns)
  Data Path Delay:        0.859ns  (logic 0.478ns (55.646%)  route 0.381ns (44.354%))
  Logic Levels:           0  
  Clock Path Skew:        -0.145ns (DCD - SCD + CPR)
    Destination Clock Delay (DCD):    -2.811ns = ( 2.189 - 5.000 ) 
    Source Clock Delay      (SCD):    -2.072ns
    Clock Pessimism Removal (CPR):    0.594ns
  Clock Uncertainty:      0.067ns  ((TSJ^2 + DJ^2)^1/2) / 2 + PE
    Total System Jitter     (TSJ):    0.071ns
    Discrete Jitter          (DJ):    0.115ns
    Phase Error              (PE):    0.000ns

    Location             Delay type                Incr(ns)  Path(ns)    Netlist Resource(s)
  -------------------------------------------------------------------    -------------------
                         (clock clk_out2_npu_system_clk_wiz_0_0 rise edge)
                                                      0.000     0.000 r  
                                                      0.000     0.000 r  sysclk (IN)
                         net (fo=0)                   0.000     0.000    npu_system_i/clk_wiz_0/inst/clk_in1
                         IBUF (Prop_ibuf_I_O)         0.972     0.972 r  npu_system_i/clk_wiz_0/inst/clkin1_ibufg/O
                         net (fo=1, unplaced)         0.584     1.556    npu_system_i/clk_wiz_0/inst/clk_in1_npu_system_clk_wiz_0_0
                         MMCME2_ADV (Prop_mmcme2_adv_CLKIN1_CLKOUT1)
                                                     -5.113    -3.557 r  npu_system_i/clk_wiz_0/inst/mmcm_adv_inst/CLKOUT1
                         net (fo=1, unplaced)         0.800    -2.757    npu_system_i/clk_wiz_0/inst/clk_out2_npu_system_clk_wiz_0_0
                         BUFG (Prop_bufg_I_O)         0.101    -2.656 r  npu_system_i/clk_wiz_0/inst/clkout2_buf/O
                         net (fo=158, unplaced)       0.584    -2.072    npu_system_i/dvi2rgb_0/U0/TMDS_ClockingX/LockLostReset/SyncAsyncx/RefClk
                         FDPE                                         r  npu_system_i/dvi2rgb_0/U0/TMDS_ClockingX/LockLostReset/SyncAsyncx/oSyncStages_reg[1]/C
  -------------------------------------------------------------------    -------------------
                         FDPE (Prop_fdpe_C_Q)         0.478    -1.594 f  npu_system_i/dvi2rgb_0/U0/TMDS_ClockingX/LockLostReset/SyncAsyncx/oSyncStages_reg[1]/Q
                         net (fo=8, unplaced)         0.381    -1.213    npu_system_i/dvi2rgb_0/U0/TMDS_ClockingX/rLockLostRst
                         FDPE                                         f  npu_system_i/dvi2rgb_0/U0/TMDS_ClockingX/rMMCM_Reset_q_reg[0]/PRE
  -------------------------------------------------------------------    -------------------

                         (clock clk_out2_npu_system_clk_wiz_0_0 rise edge)
                                                      5.000     5.000 r  
                                                      0.000     5.000 r  sysclk (IN)
                         net (fo=0)                   0.000     5.000    npu_system_i/clk_wiz_0/inst/clk_in1
                         IBUF (Prop_ibuf_I_O)         0.838     5.838 r  npu_system_i/clk_wiz_0/inst/clkin1_ibufg/O
                         net (fo=1, unplaced)         0.439     6.277    npu_system_i/clk_wiz_0/inst/clk_in1_npu_system_clk_wiz_0_0
                         MMCME2_ADV (Prop_mmcme2_adv_CLKIN1_CLKOUT1)
                                                     -5.378     0.899 r  npu_system_i/clk_wiz_0/inst/mmcm_adv_inst/CLKOUT1
                         net (fo=1, unplaced)         0.760     1.659    npu_system_i/clk_wiz_0/inst/clk_out2_npu_system_clk_wiz_0_0
                         BUFG (Prop_bufg_I_O)         0.091     1.750 r  npu_system_i/clk_wiz_0/inst/clkout2_buf/O
                         net (fo=158, unplaced)       0.439     2.189    npu_system_i/dvi2rgb_0/U0/TMDS_ClockingX/RefClk
                         FDPE                                         r  npu_system_i/dvi2rgb_0/U0/TMDS_ClockingX/rMMCM_Reset_q_reg[0]/C
                         clock pessimism              0.594     2.783    
                         clock uncertainty           -0.067     2.715    
                         FDPE (Recov_fdpe_C_PRE)     -0.565     2.150    npu_system_i/dvi2rgb_0/U0/TMDS_ClockingX/rMMCM_Reset_q_reg[0]
  -------------------------------------------------------------------
                         required time                          2.150    
                         arrival time                           1.213    
  -------------------------------------------------------------------
                         slack                                  3.364    





Min Delay Paths
--------------------------------------------------------------------------------------
Slack (MET) :             0.288ns  (arrival time - required time)
  Source:                 npu_system_i/dvi2rgb_0/U0/TMDS_ClockingX/RdyLostReset/SyncAsyncx/oSyncStages_reg[1]/C
                            (rising edge-triggered cell FDPE clocked by clk_out2_npu_system_clk_wiz_0_0  {rise@0.000ns fall@2.500ns period=5.000ns})
  Destination:            npu_system_i/dvi2rgb_0/U0/TMDS_ClockingX/aLocked_reg/CLR
                            (removal check against rising-edge clock clk_out2_npu_system_clk_wiz_0_0  {rise@0.000ns fall@2.500ns period=5.000ns})
  Path Group:             **async_default**
  Path Type:              Removal (Min at Fast Process Corner)
  Requirement:            0.000ns  (clk_out2_npu_system_clk_wiz_0_0 rise@0.000ns - clk_out2_npu_system_clk_wiz_0_0 rise@0.000ns)
  Data Path Delay:        0.292ns  (logic 0.147ns (50.415%)  route 0.145ns (49.585%))
  Logic Levels:           0  
  Clock Path Skew:        0.145ns (DCD - SCD - CPR)
    Destination Clock Delay (DCD):    -1.119ns
    Source Clock Delay      (SCD):    -0.985ns
    Clock Pessimism Removal (CPR):    -0.279ns

    Location             Delay type                Incr(ns)  Path(ns)    Netlist Resource(s)
  -------------------------------------------------------------------    -------------------
                         (clock clk_out2_npu_system_clk_wiz_0_0 rise edge)
                                                      0.000     0.000 r  
                                                      0.000     0.000 r  sysclk (IN)
                         net (fo=0)                   0.000     0.000    npu_system_i/clk_wiz_0/inst/clk_in1
                         IBUF (Prop_ibuf_I_O)         0.200     0.200 r  npu_system_i/clk_wiz_0/inst/clkin1_ibufg/O
                         net (fo=1, unplaced)         0.114     0.314    npu_system_i/clk_wiz_0/inst/clk_in1_npu_system_clk_wiz_0_0
                         MMCME2_ADV (Prop_mmcme2_adv_CLKIN1_CLKOUT1)
                                                     -1.776    -1.462 r  npu_system_i/clk_wiz_0/inst/mmcm_adv_inst/CLKOUT1
                         net (fo=1, unplaced)         0.337    -1.125    npu_system_i/clk_wiz_0/inst/clk_out2_npu_system_clk_wiz_0_0
                         BUFG (Prop_bufg_I_O)         0.026    -1.099 r  npu_system_i/clk_wiz_0/inst/clkout2_buf/O
                         net (fo=158, unplaced)       0.114    -0.985    npu_system_i/dvi2rgb_0/U0/TMDS_ClockingX/RdyLostReset/SyncAsyncx/RefClk
                         FDPE                                         r  npu_system_i/dvi2rgb_0/U0/TMDS_ClockingX/RdyLostReset/SyncAsyncx/oSyncStages_reg[1]/C
  -------------------------------------------------------------------    -------------------
                         FDPE (Prop_fdpe_C_Q)         0.147    -0.838 f  npu_system_i/dvi2rgb_0/U0/TMDS_ClockingX/RdyLostReset/SyncAsyncx/oSyncStages_reg[1]/Q
                         net (fo=1, unplaced)         0.145    -0.693    npu_system_i/dvi2rgb_0/U0/TMDS_ClockingX/RdyLostReset_n_0
                         FDCE                                         f  npu_system_i/dvi2rgb_0/U0/TMDS_ClockingX/aLocked_reg/CLR
  -------------------------------------------------------------------    -------------------

                         (clock clk_out2_npu_system_clk_wiz_0_0 rise edge)
                                                      0.000     0.000 r  
                                                      0.000     0.000 r  sysclk (IN)
                         net (fo=0)                   0.000     0.000    npu_system_i/clk_wiz_0/inst/clk_in1
                         IBUF (Prop_ibuf_I_O)         0.389     0.389 r  npu_system_i/clk_wiz_0/inst/clkin1_ibufg/O
                         net (fo=1, unplaced)         0.259     0.648    npu_system_i/clk_wiz_0/inst/clk_in1_npu_system_clk_wiz_0_0
                         MMCME2_ADV (Prop_mmcme2_adv_CLKIN1_CLKOUT1)
                                                     -2.410    -1.761 r  npu_system_i/clk_wiz_0/inst/mmcm_adv_inst/CLKOUT1
                         net (fo=1, unplaced)         0.355    -1.407    npu_system_i/clk_wiz_0/inst/clk_out2_npu_system_clk_wiz_0_0
                         BUFG (Prop_bufg_I_O)         0.029    -1.378 r  npu_system_i/clk_wiz_0/inst/clkout2_buf/O
                         net (fo=158, unplaced)       0.259    -1.119    npu_system_i/dvi2rgb_0/U0/TMDS_ClockingX/RefClk
                         FDCE                                         r  npu_system_i/dvi2rgb_0/U0/TMDS_ClockingX/aLocked_reg/C
                         clock pessimism              0.279    -0.840    
                         FDCE (Remov_fdce_C_CLR)     -0.141    -0.981    npu_system_i/dvi2rgb_0/U0/TMDS_ClockingX/aLocked_reg
  -------------------------------------------------------------------
                         required time                          0.981    
                         arrival time                          -0.693    
  -------------------------------------------------------------------
                         slack                                  0.288    





---------------------------------------------------------------------------------------------------
Path Group:  **default**
From Clock:  clk_out1_npu_system_clk_wiz_0_0
  To Clock:  

Setup :            0  Failing Endpoints,  Worst Slack        6.968ns,  Total Violation        0.000ns
Hold  :           NA  Failing Endpoints,  Worst Slack           NA  ,  Total Violation           NA
---------------------------------------------------------------------------------------------------


Max Delay Paths
--------------------------------------------------------------------------------------
Slack (MET) :             6.968ns  (required time - arrival time)
  Source:                 npu_system_i/vid_in/inst/COUPLER_INST/generate_async_fifo.FIFO_INST/XPM_FIFO_ASYNC_INST/gnuram_async_fifo.xpm_fifo_base_inst/gen_cdc_pntr.rd_pntr_cdc_dc_inst/src_gray_ff_reg[0]/C
                            (rising edge-triggered cell FDRE clocked by clk_out1_npu_system_clk_wiz_0_0  {rise@0.000ns fall@4.000ns period=8.000ns})
  Destination:            npu_system_i/vid_in/inst/COUPLER_INST/generate_async_fifo.FIFO_INST/XPM_FIFO_ASYNC_INST/gnuram_async_fifo.xpm_fifo_base_inst/gen_cdc_pntr.rd_pntr_cdc_dc_inst/dest_graysync_ff_reg[0][0]/D
  Path Group:             **default**
  Path Type:              Setup (Max at Slow Process Corner)
  Requirement:            8.000ns  (MaxDelay Path 8.000ns)
  Data Path Delay:        0.812ns  (logic 0.478ns (58.867%)  route 0.334ns (41.133%))
  Logic Levels:           0  
  Timing Exception:       MaxDelay Path 8.000ns -datapath_only

    Location             Delay type                Incr(ns)  Path(ns)    Netlist Resource(s)
  -------------------------------------------------------------------    -------------------
                                                      0.000     0.000 r  npu_system_i/vid_in/inst/COUPLER_INST/generate_async_fifo.FIFO_INST/XPM_FIFO_ASYNC_INST/gnuram_async_fifo.xpm_fifo_base_inst/gen_cdc_pntr.rd_pntr_cdc_dc_inst/src_gray_ff_reg[0]/C
                         FDRE (Prop_fdre_C_Q)         0.478     0.478 r  npu_system_i/vid_in/inst/COUPLER_INST/generate_async_fifo.FIFO_INST/XPM_FIFO_ASYNC_INST/gnuram_async_fifo.xpm_fifo_base_inst/gen_cdc_pntr.rd_pntr_cdc_dc_inst/src_gray_ff_reg[0]/Q
                         net (fo=1, unplaced)         0.334     0.812    npu_system_i/vid_in/inst/COUPLER_INST/generate_async_fifo.FIFO_INST/XPM_FIFO_ASYNC_INST/gnuram_async_fifo.xpm_fifo_base_inst/gen_cdc_pntr.rd_pntr_cdc_dc_inst/async_path[0]
                         FDRE                                         r  npu_system_i/vid_in/inst/COUPLER_INST/generate_async_fifo.FIFO_INST/XPM_FIFO_ASYNC_INST/gnuram_async_fifo.xpm_fifo_base_inst/gen_cdc_pntr.rd_pntr_cdc_dc_inst/dest_graysync_ff_reg[0][0]/D
  -------------------------------------------------------------------    -------------------

                         max delay                    8.000     8.000    
                         FDRE (Setup_fdre_C_D)       -0.220     7.780    npu_system_i/vid_in/inst/COUPLER_INST/generate_async_fifo.FIFO_INST/XPM_FIFO_ASYNC_INST/gnuram_async_fifo.xpm_fifo_base_inst/gen_cdc_pntr.rd_pntr_cdc_dc_inst/dest_graysync_ff_reg[0][0]
  -------------------------------------------------------------------
                         required time                          7.780    
                         arrival time                          -0.812    
  -------------------------------------------------------------------
                         slack                                  6.968    





