Copyright 1986-2022 Xilinx, Inc. All Rights Reserved. Copyright 2022-2025 Advanced Micro Devices, Inc. All Rights Reserved.
---------------------------------------------------------------------------------------------------------------------------------------------
| Tool Version : Vivado v.2025.1 (win64) Build 6140274 Thu May 22 00:12:29 MDT 2025
| Date         : Wed Aug  5 23:34:04 2026
| Host         : TMP215-54 running 64-bit major release  (build 9200)
| Command      : report_clock_interaction -file ./synth_out/clock_interaction.rpt
| Design       : tinynpu_top
| Device       : 7z020-clg400
| Speed File   : -1  PRODUCTION 1.12 2019-11-22
| Design State : Routed
---------------------------------------------------------------------------------------------------------------------------------------------

Clock Interaction Report

Clock Interaction Table
-----------------------

                            WNS                             TNS Failing  TNS Total    WNS Path         Clock-Pair           Inter-Clock  
From Clock    To Clock      Clock Edges  WNS(ns)   TNS(ns)    Endpoints    Endpoints  Requirement(ns)  Classification       Constraints  
------------  ------------  -----------  -------  --------  -----------  -----------  ---------------  -------------------  -----------  
clk           clk           rise - rise    -0.23     -0.45            6        12147            10.00  Clean                Timed        
clk           clk_compute   rise - rise    -0.45    -57.65          184        26488            10.00  Clean                Timed        
clk           clk_dma       rise - rise     1.89      0.00            0          218            10.00  Clean                Timed        
clk           clk_postproc  rise - rise     6.79      0.00            0           48            10.00  Clean                Timed        
clk_compute   clk_compute   rise - rise    -4.34  -2925.32         3980        23595            10.00  Clean                Timed        
clk_compute   clk_postproc                                            0           49                   Ignored              False Path   
clk_dma       clk           rise - rise     2.84      0.00            0          505            10.00  Clean                Timed        
clk_dma       clk_dma       rise - rise     2.23      0.00            0          159            10.00  Clean                Timed        
clk_postproc  clk           rise - rise    -0.34     -0.45            2          153            10.00  Clean                Timed        
clk_postproc  clk_postproc  rise - rise     4.75      0.00            0           97            10.00  Clean                Timed        


