Copyright 1986-2022 Xilinx, Inc. All Rights Reserved. Copyright 2022-2025 Advanced Micro Devices, Inc. All Rights Reserved.
-------------------------------------------------------------------------------------------------------------------------------------------------
| Tool Version     : Vivado v.2025.1 (win64) Build 6140274 Thu May 22 00:12:29 MDT 2025
| Date             : Sat Aug 15 17:46:16 2026
| Host             : TMP215-54 running 64-bit major release  (build 9200)
| Command          : report_power -file {D:/Final year project/vivado_npu200j_proj/npu200j_power.rpt}
| Design           : tinynpu_hdmi_top
| Device           : xc7z020clg400-1
| Design State     : routed
| Grade            : commercial
| Process          : typical
| Characterization : Production
-------------------------------------------------------------------------------------------------------------------------------------------------

Power Report

Table of Contents
-----------------
1. Summary
1.1 On-Chip Components
1.2 Power Supply Summary
1.3 Confidence Level
2. Settings
2.1 Environment
2.2 Clock Constraints
3. Detailed Reports
3.1 By Hierarchy

1. Summary
----------

+--------------------------+--------------+
| Total On-Chip Power (W)  | 0.809        |
| Design Power Budget (W)  | Unspecified* |
| Power Budget Margin (W)  | NA           |
| Dynamic (W)              | 0.692        |
| Device Static (W)        | 0.117        |
| Effective TJA (C/W)      | 11.5         |
| Max Ambient (C)          | 75.7         |
| Junction Temperature (C) | 34.3         |
| Confidence Level         | Low          |
| Setting File             | ---          |
| Simulation Activity File | ---          |
| Design Nets Matched      | NA           |
+--------------------------+--------------+
* Specify Design Power Budget using, set_operating_conditions -design_power_budget <value in Watts>


1.1 On-Chip Components
----------------------

+--------------------------+-----------+----------+-----------+-----------------+
| On-Chip                  | Power (W) | Used     | Available | Utilization (%) |
+--------------------------+-----------+----------+-----------+-----------------+
| Clocks                   |     0.056 |       11 |       --- |             --- |
| Slice Logic              |     0.008 |    18868 |       --- |             --- |
|   LUT as Logic           |     0.007 |     7353 |     53200 |           13.82 |
|   CARRY4                 |    <0.001 |     1489 |     13300 |           11.20 |
|   Register               |    <0.001 |     8432 |    106400 |            7.92 |
|   LUT as Distributed RAM |    <0.001 |      696 |     17400 |            4.00 |
|   BUFG                   |    <0.001 |        2 |        32 |            6.25 |
|   Others                 |    <0.001 |      415 |       --- |             --- |
|   F7/F8 Muxes            |    <0.001 |       81 |     53200 |            0.15 |
|   BUFR                   |     0.000 |        1 |        88 |            1.14 |
| Signals                  |     0.015 |    15029 |       --- |             --- |
| MMCM                     |     0.304 |        3 |         4 |           75.00 |
| PLL                      |     0.113 |        1 |         4 |           25.00 |
| DSPs                     |     0.012 |       22 |       220 |           10.00 |
| I/O                      |     0.183 |       22 |       125 |           17.60 |
| Static Power             |     0.117 |          |           |                 |
| Total                    |     0.809 |          |           |                 |
+--------------------------+-----------+----------+-----------+-----------------+


1.2 Power Supply Summary
------------------------

+-----------+-------------+-----------+-------------+------------+-------------+-------------+------------+
| Source    | Voltage (V) | Total (A) | Dynamic (A) | Static (A) | Powerup (A) | Budget (A)  | Margin (A) |
+-----------+-------------+-----------+-------------+------------+-------------+-------------+------------+
| Vccint    |       1.000 |     0.118 |       0.108 |      0.010 |       NA    | Unspecified | NA         |
| Vccaux    |       1.800 |     0.256 |       0.243 |      0.012 |       NA    | Unspecified | NA         |
| Vcco33    |       3.300 |     0.045 |       0.044 |      0.001 |       NA    | Unspecified | NA         |
| Vcco25    |       2.500 |     0.000 |       0.000 |      0.000 |       NA    | Unspecified | NA         |
| Vcco18    |       1.800 |     0.000 |       0.000 |      0.000 |       NA    | Unspecified | NA         |
| Vcco15    |       1.500 |     0.000 |       0.000 |      0.000 |       NA    | Unspecified | NA         |
| Vcco135   |       1.350 |     0.000 |       0.000 |      0.000 |       NA    | Unspecified | NA         |
| Vcco12    |       1.200 |     0.000 |       0.000 |      0.000 |       NA    | Unspecified | NA         |
| Vccaux_io |       1.800 |     0.000 |       0.000 |      0.000 |       NA    | Unspecified | NA         |
| Vccbram   |       1.000 |     0.001 |       0.000 |      0.001 |       NA    | Unspecified | NA         |
| MGTAVcc   |       1.000 |     0.000 |       0.000 |      0.000 |       NA    | Unspecified | NA         |
| MGTAVtt   |       1.200 |     0.000 |       0.000 |      0.000 |       NA    | Unspecified | NA         |
| MGTVccaux |       1.800 |     0.000 |       0.000 |      0.000 |       NA    | Unspecified | NA         |
| Vccpint   |       1.000 |     0.021 |       0.000 |      0.021 |       NA    | Unspecified | NA         |
| Vccpaux   |       1.800 |     0.010 |       0.000 |      0.010 |       NA    | Unspecified | NA         |
| Vccpll    |       1.800 |     0.003 |       0.000 |      0.003 |       NA    | Unspecified | NA         |
| Vcco_ddr  |       1.500 |     0.000 |       0.000 |      0.000 |       NA    | Unspecified | NA         |
| Vcco_mio0 |       1.800 |     0.000 |       0.000 |      0.000 |       NA    | Unspecified | NA         |
| Vcco_mio1 |       1.800 |     0.000 |       0.000 |      0.000 |       NA    | Unspecified | NA         |
| Vccadc    |       1.800 |     0.020 |       0.000 |      0.020 |       NA    | Unspecified | NA         |
+-----------+-------------+-----------+-------------+------------+-------------+-------------+------------+


1.3 Confidence Level
--------------------

+-----------------------------+------------+--------------------------------------------------------+------------------------------------------------------------------------------------------------------------+
| User Input Data             | Confidence | Details                                                | Action                                                                                                     |
+-----------------------------+------------+--------------------------------------------------------+------------------------------------------------------------------------------------------------------------+
| Design implementation state | High       | Design is routed                                       |                                                                                                            |
| Clock nodes activity        | High       | User specified more than 95% of clocks                 |                                                                                                            |
| I/O nodes activity          | Low        | More than 75% of inputs are missing user specification | Provide missing input activity with simulation results or by editing the "By Resource Type -> I/Os" view   |
| Internal nodes activity     | Medium     | User specified less than 25% of internal nodes         | Provide missing internal nodes activity with simulation results or by editing the "By Resource Type" views |
| Device models               | High       | Device models are Production                           |                                                                                                            |
|                             |            |                                                        |                                                                                                            |
| Overall confidence level    | Low        |                                                        |                                                                                                            |
+-----------------------------+------------+--------------------------------------------------------+------------------------------------------------------------------------------------------------------------+


2. Settings
-----------

2.1 Environment
---------------

+-----------------------+------------------------+
| Ambient Temp (C)      | 25.0                   |
| ThetaJA (C/W)         | 11.5                   |
| Airflow (LFM)         | 250                    |
| Heat Sink             | none                   |
| ThetaSA (C/W)         | 0.0                    |
| Board Selection       | medium (10"x10")       |
| # of Board Layers     | 8to11 (8 to 11 Layers) |
| Board Temperature (C) | 25.0                   |
+-----------------------+------------------------+


2.2 Clock Constraints
---------------------

+----------------------+---------------------------------------------------+-----------------+
| Clock                | Domain                                            | Constraint (ns) |
+----------------------+---------------------------------------------------+-----------------+
| CLKFBIN              | u_rgb2dvi/U0/ClockGenInternal.ClockGenX/CLKFBIN   |            13.5 |
| PixelClkIO           | u_rgb2dvi/U0/ClockGenInternal.ClockGenX/PixelClk  |            13.5 |
| SerialClkIO          | u_rgb2dvi/U0/ClockGenInternal.ClockGenX/SerialClk |             2.7 |
| clk_out1_sys_pll     | u_pll/inst/clk_out1_sys_pll                       |             8.0 |
| clk_out2_sys_pll     | u_pll/inst/clk_out2_sys_pll                       |             5.0 |
| clkfbout_sys_pll     | u_pll/inst/clkfbout_sys_pll                       |             8.0 |
| sys_clk              | sys_clk                                           |             8.0 |
| u_pixel_pll/clkfbout | u_pixel_pll/clkfbout                              |            32.0 |
| u_pixel_pll/clkout0  | u_pixel_pll/clkout0                               |            13.5 |
+----------------------+---------------------------------------------------+-----------------+


3. Detailed Reports
-------------------

3.1 By Hierarchy
----------------

+--------------------------------------+-----------+
| Name                                 | Power (W) |
+--------------------------------------+-----------+
| tinynpu_hdmi_top                     |     0.692 |
|   u_dvi2rgb                          |     0.104 |
|     U0                               |     0.104 |
|       DataDecoders[0].DecoderX       |     0.012 |
|       DataDecoders[1].DecoderX       |     0.012 |
|       DataDecoders[2].DecoderX       |     0.012 |
|       GenerateDDC.DDC_EEPROM         |     0.002 |
|       TMDS_ClockingX                 |     0.067 |
|   u_pll                              |     0.108 |
|     inst                             |     0.108 |
|   u_rgb2dvi                          |     0.271 |
|     U0                               |     0.271 |
|       ClockGenInternal.ClockGenX     |     0.114 |
|       ClockSerializer                |     0.034 |
|       DataEncoders[0].DataEncoder    |     0.002 |
|       DataEncoders[0].DataSerializer |     0.039 |
|       DataEncoders[1].DataEncoder    |     0.002 |
|       DataEncoders[1].DataSerializer |     0.039 |
|       DataEncoders[2].DataEncoder    |     0.002 |
|       DataEncoders[2].DataSerializer |     0.039 |
+--------------------------------------+-----------+


